07-18 01:35:08.112 16007 16322 E AndroidRuntime: 	at com.facebook.react.runtime.internal.bolts.Task.continueWith(Task.kt:132)
07-18 01:35:08.112 16007 16322 E AndroidRuntime: 	at com.facebook.react.runtime.internal.bolts.Task.continueWith$default(Task.kt:117)
07-18 01:35:08.112 16007 16322 E AndroidRuntime: 	at com.facebook.react.runtime.internal.bolts.Task.onSuccess$lambda$12(Task.kt:174)
07-18 01:35:08.112 16007 16322 E AndroidRuntime: 	at com.facebook.react.runtime.internal.bolts.Task.$r8$lambda$l0wwo5AvbHxlwfI1R7CH_codxoo(Unknown Source:0)
07-18 01:35:08.112 16007 16322 E AndroidRuntime: 	at com.facebook.react.runtime.internal.bolts.Task$$ExternalSyntheticLambda2.then(D8$$SyntheticClass:0)
07-18 01:35:08.112 16007 16322 E AndroidRuntime: 	at com.facebook.react.runtime.internal.bolts.Task$Companion.completeAfterTask$lambda$5(Task.kt:390)
07-18 01:35:08.112 16007 16322 E AndroidRuntime: 	at com.facebook.react.runtime.internal.bolts.Task$Companion.$r8$lambda$IPpysnehFwANEiW061YzapkMdoE(Unknown Source:0)
07-18 01:35:08.112 16007 16322 E AndroidRuntime: 	at com.facebook.react.runtime.internal.bolts.Task$Companion$$ExternalSyntheticLambda4.run(D8$$SyntheticClass:0)
07-18 01:35:08.112 16007 16322 E AndroidRuntime: 	at java.util.concurrent.ThreadPoolExecutor.processTask(ThreadPoolExecutor.java:1187)
07-18 01:35:08.112 16007 16322 E AndroidRuntime: 	at java.util.concurrent.ThreadPoolExecutor.runWorker(ThreadPoolExecutor.java:1152)
07-18 01:35:08.112 16007 16322 E AndroidRuntime: 	at java.util.concurrent.ThreadPoolExecutor$Worker.run(ThreadPoolExecutor.java:641)
07-18 01:35:08.112 16007 16322 E AndroidRuntime: 	at java.lang.Thread.run(Thread.java:784)
07-18 01:35:08.149  1761  2203 I BoosterSwitchP: notifyUidState do nothing
07-18 01:35:08.149  1761  2203 I DeepNoDisturbP: notifyUidState
07-18 01:35:08.149  1761  2203 I BrowserChrP: notifyUidState
07-18 01:35:08.156  1316 11355 I chatty  : uid=1000(system) Binder:1316_1C expire 1 line
07-18 01:35:08.183  1316 10534 I chatty  : uid=1000(system) Binder:1316_18 expire 11 lines
07-18 01:35:08.201  1316  1450 I chatty  : uid=1000(system) android.anim expire 7 lines
07-18 01:35:08.204   564   638 W SocketListener: sending broadcast to Pid = 1316, Uid = 1000 
07-18 01:35:08.210  1316 16352 I chatty  : uid=1000 system_server expire 1 line
07-18 01:35:08.211 16007 16007 V ActivityThread: Skipping new config:{1.0 ?mcc?mnc [en_DE,de_DE] ldltr sw360dp w360dp h616dp 480dpi nrml long port finger -keyb/v/h -nav/h winConfig={ mBounds=Rect(0, 0 - 0, 0) mAppBounds=Rect(0, 0 - 1080, 1920) mWindowingMode=fullscreen mActivityType=undefined} nonFullScreen=0 suim:4 s.23}, config:{1.0 ?mcc?mnc [en_DE,de_DE] ldltr sw360dp w360dp h616dp 480dpi nrml long port finger -keyb/v/h -nav/h winConfig={ mBounds=Rect(0, 0 - 0, 0) mAppBounds=Rect(0, 0 - 1080, 1920) mWindowingMode=fullscreen mActivityType=undefined} nonFullScreen=0 suim:4 s.23} for app:com.anonymous.smartswapsmobile
07-18 01:35:08.226 16007 16007 V ActivityThread: callActivityOnCreate
07-18 01:35:08.257 16007 16007 D ActivityThread: add activity client record, r= ActivityRecord{cc690c9 token=android.os.BinderProxy@3c3ed21 {com.anonymous.smartswapsmobile/expo.modules.devlauncher.launcher.errors.DevLauncherErrorActivity}} token= android.os.BinderProxy@3c3ed21
07-18 01:35:08.545  1612  1634 I CommandQueue: updateBarBgColor
07-18 01:35:08.545  1612  1634 D CommandQueue: CommandQueue, setBarBackgroundColor
07-18 01:35:08.641  1316  1450 I chatty  : uid=1000(system) android.anim expire 7 lines
07-18 01:35:08.641  1316  1340 I chatty  : uid=1000(system) android.ui expire 10 lines
07-18 01:35:08.647  1316  1524 I chatty  : uid=1000(system) Thread-29 expire 1 line
07-18 01:35:08.651  1316  1350 I chatty  : uid=1000(system) android.display expire 1 line
07-18 01:35:08.712 16007 16007 D ActivityThread: Remove activity client record, r= ActivityRecord{25aad7c token=android.os.BinderProxy@3e96aa1 {com.anonymous.smartswapsmobile/com.anonymous.smartswapsmobile.MainActivity}} token= android.os.BinderProxy@3e96aa1
07-18 01:35:08.719  1316 10971 I chatty  : uid=1000(system) Binder:1316_1B expire 8 lines
07-18 01:35:08.906  1316  1316 I chatty  : uid=1000 system_server expire 13 lines
07-18 01:35:11.055  1761  1914 I DeepNoDisturbP: handleStateChanged reason=8
07-18 01:35:11.063  1761  1914 I HidataAppQoeP: handleStateChanged reason=8
07-18 01:35:11.073  1761  1914 I PreDnsQuery: handleStateChanged reason=8
07-18 01:35:11.074  1761  1914 I PreDnsQuery: No need to handled!
07-18 01:35:11.074  1761  1914 I BrowserChrP: handleStateChanged
07-18 01:35:13.659  1316  1336 I chatty  : uid=1000(system) android.bg expire 3 lines
07-18 01:35:13.674  1316  1492 I chatty  : uid=1000(system) NetdConnector expire 10 lines
07-18 01:35:13.677  1316  1496 I chatty  : uid=1000(system) NetworkPolicy expire 5 lines
07-18 01:35:14.761  1316 11355 I chatty  : uid=1000(system) Binder:1316_1C expire 7 lines
07-18 01:35:19.043  1316  1710 I chatty  : uid=1000(system) watchdog expire 2 lines
07-18 01:35:22.818  1316  1505 I chatty  : uid=1000(system) ConnectivitySer expire 60 lines
07-18 01:35:22.821  1316  1506 I chatty  : uid=1000(system) ConnectivityThr expire 20 lines
07-18 01:35:22.874  1316  8413 I chatty  : uid=1000(system) Binder:1316_16 expire 6 lines
07-18 01:35:23.902  1316  2102 I chatty  : uid=1000(system) Binder:1316_8 expire 10 lines
07-18 01:35:24.116  1316  1458 I chatty  : uid=1000(system) UEventObserver expire 12 lines
07-18 01:35:24.139  1316  1745 I chatty  : uid=1000(system) HwBinder:1316_4 expire 1 line
07-18 01:35:31.121  1761  1914 I DeepNoDisturbP: handleStateChanged reason=8
07-18 01:35:31.124  1761  1914 I HidataAppQoeP: handleStateChanged reason=8
07-18 01:35:31.132  1761  1914 I PreDnsQuery: handleStateChanged reason=8
07-18 01:35:31.133  1761  1914 I PreDnsQuery: No need to handled!
07-18 01:35:31.133  1761  1914 I BrowserChrP: handleStateChanged
07-18 01:35:36.317  1316  1340 I chatty  : uid=1000(system) android.ui expire 3 lines
07-18 01:35:40.533   747   758 I storaged: storaged_t::event: storage_info refreshed.
07-18 01:35:41.648  1316  1316 I chatty  : uid=1000 system_server expire 10 lines
07-18 01:35:41.674  1316  8485 I chatty  : uid=1000(system) Binder:1316_17 expire 5 lines
07-18 01:35:41.939  1316  1506 I chatty  : uid=1000(system) ConnectivityThr expire 15 lines
07-18 01:35:44.995  1316  2102 I chatty  : uid=1000(system) Binder:1316_8 expire 2 lines
07-18 01:35:51.167  1761  1914 I DeepNoDisturbP: handleStateChanged reason=8
07-18 01:35:51.170  1761  1914 I HidataAppQoeP: handleStateChanged reason=8
07-18 01:35:51.177  1761  1914 I PreDnsQuery: handleStateChanged reason=8
07-18 01:35:51.178  1761  1914 I PreDnsQuery: No need to handled!
07-18 01:35:51.178  1761  1914 I BrowserChrP: handleStateChanged
07-18 01:35:54.125  1316  1499 I chatty  : uid=1000(system) WifiStateMachin expire 2 lines
07-18 01:35:54.161  1316  1501 I chatty  : uid=1000(system) WifiScanningSer expire 1 line
07-18 01:35:54.887  1316 11681 I chatty  : uid=1000(system) Binder:1316_1D expire 2 lines
07-18 01:35:54.998  1316 10534 I chatty  : uid=1000(system) Binder:1316_18 expire 7 lines
07-18 01:35:58.030   564   637 W SocketListener: sending broadcast to Pid = 1316, Uid = 1000 
07-18 01:35:58.035  1316  1348 I chatty  : uid=1000(system) android.fg expire 2 lines
07-18 01:36:00.088  1316  1505 I chatty  : uid=1000(system) ConnectivitySer expire 53 lines
07-18 01:36:01.653 16007 16007 E AndroidRuntime: FATAL EXCEPTION: main
07-18 01:36:01.653 16007 16007 E AndroidRuntime: Process: com.anonymous.smartswapsmobile, PID: 16007
07-18 01:36:01.653 16007 16007 E AndroidRuntime: java.lang.NullPointerException: null cannot be cast to non-null type expo.modules.devlauncher.DevLauncherController
07-18 01:36:01.653 16007 16007 E AndroidRuntime: 	at expo.modules.devlauncher.compose.models.ErrorViewModel.onAction(ErrorViewModel.kt:62)
07-18 01:36:01.653 16007 16007 E AndroidRuntime: 	at expo.modules.devlauncher.launcher.errors.DevLauncherErrorActivity$onCreate$2$1$1.invoke(DevLauncherErrorActivity.kt:44)
07-18 01:36:01.653 16007 16007 E AndroidRuntime: 	at expo.modules.devlauncher.launcher.errors.DevLauncherErrorActivity$onCreate$2$1$1.invoke(DevLauncherErrorActivity.kt:44)
07-18 01:36:01.653 16007 16007 E AndroidRuntime: 	at expo.modules.devlauncher.compose.screens.ErrorScreenKt.ErrorScreen$lambda$8$lambda$7$lambda$4$lambda$3(ErrorScreen.kt:68)
07-18 01:36:01.653 16007 16007 E AndroidRuntime: 	at expo.modules.devlauncher.compose.screens.ErrorScreenKt.$r8$lambda$8C7evjQMrikGDevLXg1JiogMqUM(Unknown Source:0)
07-18 01:36:01.653 16007 16007 E AndroidRuntime: 	at expo.modules.devlauncher.compose.screens.ErrorScreenKt$$ExternalSyntheticLambda1.invoke(D8$$SyntheticClass:0)
07-18 01:36:01.653 16007 16007 E AndroidRuntime: 	at androidx.compose.foundation.ClickableNode.onPointerEvent-H0pRuoY(Clickable.kt:1009)
07-18 01:36:01.653 16007 16007 E AndroidRuntime: 	at androidx.compose.ui.input.pointer.Node.dispatchMainEventPass(HitPathTracker.kt:436)
07-18 01:36:01.653 16007 16007 E AndroidRuntime: 	at androidx.compose.ui.input.pointer.NodeParent.dispatchMainEventPass(HitPathTracker.kt:275)
07-18 01:36:01.653 16007 16007 E AndroidRuntime: 	at androidx.compose.ui.input.pointer.HitPathTracker.dispatchChanges(HitPathTracker.kt:171)
07-18 01:36:01.653 16007 16007 E AndroidRuntime: 	at androidx.compose.ui.input.pointer.PointerInputEventProcessor.process-BIzXfog(PointerInputEventProcessor.kt:118)
07-18 01:36:01.653 16007 16007 E AndroidRuntime: 	at androidx.compose.ui.platform.AndroidComposeView.sendMotionEvent-8iAsVTc(AndroidComposeView.android.kt:2428)
07-18 01:36:01.653 16007 16007 E AndroidRuntime: 	at androidx.compose.ui.platform.AndroidComposeView.handleMotionEvent-8iAsVTc(AndroidComposeView.android.kt:2378)
07-18 01:36:01.653 16007 16007 E AndroidRuntime: 	at androidx.compose.ui.platform.AndroidComposeView.dispatchTouchEvent(AndroidComposeView.android.kt:2249)
07-18 01:36:01.653 16007 16007 E AndroidRuntime: 	at android.view.ViewGroup.dispatchTransformedTouchEvent(ViewGroup.java:3041)
07-18 01:36:01.653 16007 16007 E AndroidRuntime: 	at android.view.ViewGroup.dispatchTouchEvent(ViewGroup.java:2728)
07-18 01:36:01.653 16007 16007 E AndroidRuntime: 	at android.view.ViewGroup.dispatchTransformedTouchEvent(ViewGroup.java:3041)
07-18 01:36:01.653 16007 16007 E AndroidRuntime: 	at android.view.ViewGroup.dispatchTouchEvent(ViewGroup.java:2728)
07-18 01:36:01.653 16007 16007 E AndroidRuntime: 	at android.view.ViewGroup.dispatchTransformedTouchEvent(ViewGroup.java:3041)
07-18 01:36:01.653 16007 16007 E AndroidRuntime: 	at android.view.ViewGroup.dispatchTouchEvent(ViewGroup.java:2728)
07-18 01:36:01.653 16007 16007 E AndroidRuntime: 	at android.view.ViewGroup.dispatchTransformedTouchEvent(ViewGroup.java:3041)
07-18 01:36:01.653 16007 16007 E AndroidRuntime: 	at android.view.ViewGroup.dispatchTouchEvent(ViewGroup.java:2728)
07-18 01:36:01.653 16007 16007 E AndroidRuntime: 	at android.view.ViewGroup.dispatchTransformedTouchEvent(ViewGroup.java:3041)
07-18 01:36:01.653 16007 16007 E AndroidRuntime: 	at android.view.ViewGroup.dispatchTouchEvent(ViewGroup.java:2728)
07-18 01:36:01.653 16007 16007 E AndroidRuntime: 	at android.view.ViewGroup.dispatchTransformedTouchEvent(ViewGroup.java:3041)
07-18 01:36:01.653 16007 16007 E AndroidRuntime: 	at android.view.ViewGroup.dispatchTouchEvent(ViewGroup.java:2728)
07-18 01:36:01.653 16007 16007 E AndroidRuntime: 	at com.android.internal.policy.DecorView.superDispatchTouchEvent(DecorView.java:565)
07-18 01:36:01.653 16007 16007 E AndroidRuntime: 	at com.android.internal.policy.PhoneWindow.superDispatchTouchEvent(PhoneWindow.java:1929)
07-18 01:36:01.653 16007 16007 E AndroidRuntime: 	at android.app.Activity.dispatchTouchEvent(Activity.java:3594)
07-18 01:36:01.653 16007 16007 E AndroidRuntime: 	at androidx.appcompat.view.WindowCallbackWrapper.dispatchTouchEvent(WindowCallbackWrapper.java:69)
07-18 01:36:01.653 16007 16007 E AndroidRuntime: 	at com.android.internal.policy.DecorView.dispatchTouchEvent(DecorView.java:514)
07-18 01:36:01.653 16007 16007 E AndroidRuntime: 	at android.view.View.dispatchPointerEvent(View.java:12873)
07-18 01:36:01.653 16007 16007 E AndroidRuntime: 	at android.view.ViewRootImpl$ViewPostImeInputStage.processPointerEvent(ViewRootImpl.java:5768)
07-18 01:36:01.653 16007 16007 E AndroidRuntime: 	at android.view.ViewRootImpl$ViewPostImeInputStage.onProcess(ViewRootImpl.java:5532)
07-18 01:36:01.653 16007 16007 E AndroidRuntime: 	at android.view.ViewRootImpl$InputStage.deliver(ViewRootImpl.java:4980)
07-18 01:36:01.653 16007 16007 E AndroidRuntime: 	at android.view.ViewRootImpl$InputStage.onDeliverToNext(ViewRootImpl.java:5033)
07-18 01:36:01.653 16007 16007 E AndroidRuntime: 	at android.view.ViewRootImpl$InputStage.forward(ViewRootImpl.java:4999)
07-18 01:36:01.653 16007 16007 E AndroidRuntime: 	at android.view.ViewRootImpl$AsyncInputStage.forward(ViewRootImpl.java:5154)
07-18 01:36:01.653 16007 16007 E AndroidRuntime: 	at android.view.ViewRootImpl$InputStage.apply(ViewRootImpl.java:5007)
07-18 01:36:01.653 16007 16007 E AndroidRuntime: 	at android.view.ViewRootImpl$AsyncInputStage.apply(ViewRootImpl.java:5211)
07-18 01:36:01.653 16007 16007 E AndroidRuntime: 	at android.view.ViewRootImpl$InputStage.deliver(ViewRootImpl.java:4980)
07-18 01:36:01.653 16007 16007 E AndroidRuntime: 	at android.view.ViewRootImpl$InputStage.onDeliverToNext(ViewRootImpl.java:5033)
07-18 01:36:01.653 16007 16007 E AndroidRuntime: 	at android.view.ViewRootImpl$InputStage.forward(ViewRootImpl.java:4999)
07-18 01:36:01.653 16007 16007 E AndroidRuntime: 	at android.view.ViewRootImpl$InputStage.apply(ViewRootImpl.java:5007)
07-18 01:36:01.653 16007 16007 E AndroidRuntime: 	at android.view.ViewRootImpl$InputStage.deliver(ViewRootImpl.java:4980)
07-18 01:36:01.653 16007 16007 E AndroidRuntime: 	at android.view.ViewRootImpl.deliverInputEvent(ViewRootImpl.java:7800)
07-18 01:36:01.653 16007 16007 E AndroidRuntime: 	at android.view.ViewRootImpl.doProcessInputEvents(ViewRootImpl.java:7765)
07-18 01:36:01.653 16007 16007 E AndroidRuntime: 	at android.view.ViewRootImpl.enqueueInputEvent(ViewRootImpl.java:7723)
07-18 01:36:01.653 16007 16007 E AndroidRuntime: 	at android.view.ViewRootImpl$WindowInputEventReceiver.onInputEvent(ViewRootImpl.java:8004)
07-18 01:36:01.653 16007 16007 E AndroidRuntime: 	at android.view.InputEventReceiver.dispatchInputEvent(InputEventReceiver.java:202)
07-18 01:36:01.653 16007 16007 E AndroidRuntime: 	at android.os.MessageQueue.nativePollOnce(Native Method)
07-18 01:36:01.653 16007 16007 E AndroidRuntime: 	at android.os.MessageQueue.next(MessageQueue.java:386)
07-18 01:36:01.653 16007 16007 E AndroidRuntime: 	at android.os.Looper.loop(Looper.java:175)
07-18 01:36:01.653 16007 16007 E AndroidRuntime: 	at android.app.ActivityThread.main(ActivityThread.java:7625)
07-18 01:36:01.653 16007 16007 E AndroidRuntime: 	at java.lang.reflect.Method.invoke(Native Method)
07-18 01:36:01.653 16007 16007 E AndroidRuntime: 	at com.android.internal.os.RuntimeInit$MethodAndArgsCaller.run(RuntimeInit.java:524)
07-18 01:36:01.653 16007 16007 E AndroidRuntime: 	at com.android.internal.os.ZygoteInit.main(ZygoteInit.java:987)
07-18 01:36:01.781  1316 12027 I chatty  : uid=1000(system) Binder:1316_1E expire 31 lines
07-18 01:36:01.799  1316  1336 I chatty  : uid=1000(system) android.bg expire 4 lines
07-18 01:36:01.803  1316 10971 I chatty  : uid=1000(system) Binder:1316_1B expire 19 lines
07-18 01:36:01.816  1761  2203 I BoosterSwitchP: notifyUidState do nothing
07-18 01:36:01.816  1761  2203 I DeepNoDisturbP: notifyUidState
07-18 01:36:01.816  1761  2203 I BrowserChrP: notifyUidState
07-18 01:36:01.901  1316  1337 I chatty  : uid=1000(system) HwActivityManag expire 10 lines
07-18 01:36:01.915  1316  1351 I chatty  : uid=1000(system) HwGameAssistant expire 3 lines
07-18 01:36:01.948  1316  1350 I chatty  : uid=1000(system) android.display expire 6 lines
07-18 01:36:01.953  1316  1340 I chatty  : uid=1000(system) android.ui expire 36 lines
07-18 01:36:01.958  1761  4242 I BoosterSwitchP: notifyUidState do nothing
07-18 01:36:01.958  1761  4242 I DeepNoDisturbP: notifyUidState
07-18 01:36:01.958  1761  4242 I BrowserChrP: notifyUidState
07-18 01:36:01.966  1316  1660 I chatty  : uid=1000(system) Binder:1316_5 expire 7 lines
07-18 01:36:01.969  1316  1316 I chatty  : uid=1000 system_server expire 5 lines
07-18 01:36:01.977  1761  4080 I HidataAppQoeP: foregroundUidRemove uid: 10416 name: com.anonymous.smartswapsmobile
07-18 01:36:02.031  2003  2490 I HwNetworkPolicyManager: getHwUidPolicy uid = 10064 policy = 0
07-18 01:36:02.063  1316  1450 I chatty  : uid=1000(system) android.anim expire 18 lines
07-18 01:36:02.108  1612  2152 I CommandQueue: updateBarBgColor
07-18 01:36:02.109  1612  2152 D CommandQueue: CommandQueue, setBarBackgroundColor
07-18 01:36:02.202 15092 15092 D HwCustConnectivityManagerImpl: isBlockNetworkRequestByNonAis, INVALID_SUBSCRIPTION_ID
07-18 01:36:02.205  1316  1505 I chatty  : uid=1000(system) ConnectivitySer expire 47 lines
07-18 01:36:02.298  1316  1524 I chatty  : uid=1000(system) Thread-29 expire 2 lines
07-18 01:36:03.063  5912 16445 I HwNetworkPolicyManager: getHwUidPolicy uid = 10121 policy = -1
07-18 01:36:03.806  1316  8413 I chatty  : uid=1000(system) Binder:1316_16 expire 14 lines
07-18 01:36:03.850 15408 16464 I HwNetworkPolicyManager: getHwUidPolicy uid = 1000 policy = 0
07-18 01:36:03.913  1761  5508 I BoosterSwitchP: notifyUidState do nothing
07-18 01:36:03.913  1761  5508 I DeepNoDisturbP: notifyUidState
07-18 01:36:03.913  1761  5508 I BrowserChrP: notifyUidState
07-18 01:36:03.945  2003  2490 I HwNetworkPolicyManager: getHwUidPolicy uid = 1000 policy = 0
07-18 01:36:03.980  8503  8503 V ActivityThread: Skipping new config:{1.0 ?mcc?mnc [en_DE,de_DE] ldltr sw360dp w360dp h616dp 480dpi nrml long port finger -keyb/v/h -nav/h winConfig={ mBounds=Rect(0, 0 - 0, 0) mAppBounds=Rect(0, 0 - 1080, 1920) mWindowingMode=fullscreen mActivityType=undefined} nonFullScreen=0 suim:4 s.23}, config:{1.0 ?mcc?mnc [en_DE,de_DE] ldltr sw360dp w360dp h616dp 480dpi nrml long port finger -keyb/v/h -nav/h winConfig={ mBounds=Rect(0, 0 - 0, 0) mAppBounds=Rect(0, 0 - 1080, 1920) mWindowingMode=fullscreen mActivityType=undefined} nonFullScreen=0 suim:4 s.23} for app:com.huawei.systemmanager
07-18 01:36:04.108  8503  8503 V ActivityThread: callActivityOnCreate
07-18 01:36:04.137  1316  1701 I chatty  : uid=1000(system) Binder:1316_6 expire 19 lines
07-18 01:36:04.137  5912 16484 I HwNetworkPolicyManager: getHwUidPolicy uid = 10121 policy = -1
07-18 01:36:04.193  1316  1448 I chatty  : uid=1000(system) PackageInstalle expire 2 lines
07-18 01:36:04.245  1316  1368 I chatty  : uid=1000(system) PackageManager expire 1 line
07-18 01:36:04.403  1316  1339 I chatty  : uid=1000(system) ActivityManager expire 13 lines
07-18 01:36:04.430  1761  5508 I BoosterSwitchP: notifyUidState do nothing
07-18 01:36:04.430  1761  5508 I DeepNoDisturbP: notifyUidState
07-18 01:36:04.430  1761  5508 I BrowserChrP: notifyUidState
07-18 01:36:04.470 13237 15882 W PackageParser: Unknown element under <manifest>: queries at /data/app/vmdl1518396129.tmp/base.apk Binary XML file line #18
07-18 01:36:04.480  1761  2203 D FaceRecognizeService: Face recognize getEnrolledFaceRecognizes userId = 0 package = com.huawei.systemmanager
07-18 01:36:04.480  1761  2203 D FaceRecognizeService: isMainUser in-userId = 0 currentUserId = 0
07-18 01:36:04.532  1316  2224 I chatty  : uid=1000(system) Binder:1316_9 expire 11 lines
07-18 01:36:04.538  1761  2203 D FaceRecognizeService: Face recognize getEnrolledFaceRecognizes userId = 0 package = com.huawei.systemmanager
07-18 01:36:04.538  1761  2203 D FaceRecognizeService: isMainUser in-userId = 0 currentUserId = 0
07-18 01:36:04.989  1316  1342 I chatty  : uid=1000(system) ActivityManager expire 3 lines
07-18 01:36:04.989  1316  1754 I chatty  : uid=1000(system) MultiTaskManage expire 3 lines
07-18 01:36:05.002  1316  2102 I chatty  : uid=1000(system) Binder:1316_8 expire 1 line
07-18 01:36:05.009 16539 16539 D ActivityThread: Attach thread to application
07-18 01:36:05.053  1761  2203 I BoosterSwitchP: notifyUidState do nothing
07-18 01:36:05.054  1761  2203 I DeepNoDisturbP: notifyUidState
07-18 01:36:05.054  1761  2203 I BrowserChrP: notifyUidState
07-18 01:36:05.090 16558 16558 D ActivityThread: Attach thread to application
07-18 01:36:05.117  8503  8503 D ActivityThread: add activity client record, r= ActivityRecord{fa573d8 token=android.os.BinderProxy@c2ca84e {com.huawei.systemmanager/com.huawei.systemmanager.applock.password.AuthLaunchLockedAppActivity}} token= android.os.BinderProxy@c2ca84e
07-18 01:36:05.178  1316 11681 I chatty  : uid=1000(system) Binder:1316_1D expire 11 lines
07-18 01:36:05.213  8503  8503 D ActivityThread: Remove activity client record, r= ActivityRecord{fa573d8 token=android.os.BinderProxy@c2ca84e {com.huawei.systemmanager/com.huawei.systemmanager.applock.password.AuthLaunchLockedAppActivity}} token= android.os.BinderProxy@c2ca84e
07-18 01:36:05.696 16558 16631 W PackageParser: Unknown element under <manifest>: queries at /data/user_de/0/com.huawei.android.hsf/modules/external/huawei_module_networkkit/80001320/networkkit.apk Binary XML file line #14
07-18 01:36:05.790 16653 16653 D ActivityThread: Attach thread to application
07-18 01:36:05.953 16653 16687 D HwCustConnectivityManagerImpl: isBlockNetworkRequestByNonAis, INVALID_SUBSCRIPTION_ID
07-18 01:36:05.955  1316  1505 D ConnectivityService: Network NetworkAgentInfo [WIFI () - 100] was already satisfying request 2142. No change.
07-18 01:36:05.955  1316  1505 D ConnectivityService: Network NetworkAgentInfo [WIFI () - 100] was already satisfying request 2372. No change.
07-18 01:36:05.955  1316  1505 D ConnectivityService: Network NetworkAgentInfo [WIFI () - 100] was already satisfying request 2850. No change.
07-18 01:36:05.955  1316  1505 D ConnectivityService: Network NetworkAgentInfo [WIFI () - 100] was already satisfying request 12. No change.
07-18 01:36:05.955  1316  1505 D ConnectivityService: Network NetworkAgentInfo [WIFI () - 100] was already satisfying request 2853. No change.
07-18 01:36:05.955  1316  1505 D ConnectivityService: Network NetworkAgentInfo [WIFI () - 100] was already satisfying request 8. No change.
07-18 01:36:05.955  1316  1505 D ConnectivityService: Network NetworkAgentInfo [WIFI () - 100] was already satisfying request 2860. No change.
07-18 01:36:05.955  1316  1505 D ConnectivityService: Network NetworkAgentInfo [WIFI () - 100] was already satisfying request 16. No change.
07-18 01:36:05.955  1316  1505 D ConnectivityService: Network NetworkAgentInfo [WIFI () - 100] was already satisfying request 2823. No change.
07-18 01:36:05.955  1316  1505 D ConnectivityService: Network NetworkAgentInfo [WIFI () - 100] was already satisfying request 2879. No change.
07-18 01:36:05.955  1316  1505 D ConnectivityService: Network NetworkAgentInfo [WIFI () - 100] was already satisfying request 2748. No change.
07-18 01:36:05.955  1316  1505 D ConnectivityService: Network NetworkAgentInfo [WIFI () - 100] was already satisfying request 2375. No change.
07-18 01:36:05.955  1316  1505 D ConnectivityService: Network NetworkAgentInfo [WIFI () - 100] was already satisfying request 2865. No change.
07-18 01:36:05.955  1316  1505 D ConnectivityService: Network NetworkAgentInfo [WIFI () - 100] was already satisfying request 2852. No change.
07-18 01:36:05.956  1316  1505 D ConnectivityService: Network NetworkAgentInfo [WIFI () - 100] was already satisfying request 2808. No change.
07-18 01:36:05.956  1316  1505 D ConnectivityService: Network NetworkAgentInfo [WIFI () - 100] was already satisfying request 2870. No change.
07-18 01:36:05.961  1316 12027 V ActivityManager: Successfully start provider ContentProviderRecord{1b71a2d u0 com.huawei.intelligent/.main.database.IntelligentProvider} launchingApp=null caller pid= 16653
07-18 01:36:05.987  1316 12027 V ActivityManager: Successfully start provider ContentProviderRecord{be0b62 u0 com.huawei.intelligent/.provider.HiBoardProvider} launchingApp=null caller pid= 16539
07-18 01:36:05.989  1316  2224 I HwPackageManagerServiceEx: application bind call startBackupSession
07-18 01:36:05.989  1316  2224 I HwFileBackupManager_BackupSession: application bind call startBackupSession
07-18 01:36:05.990  1316  2224 I Installer: bind call startBackupSession
07-18 01:36:05.996  1316  2224 I HwFileBackupManager_BackupSession: application startBackupSession sessionid:221
07-18 01:36:05.997  1316  2224 I HwPackageManagerServiceEx: bind call executeBackupTask on session:221
07-18 01:36:05.999  1316  2224 D HwFileBackupManager_BackupSession: BackupSession prepareBackupTaskCmd,after normalize is:move dir /data/data/com.huawei.hiboard /data/data/com.huawei.intelligent/com.huawei.hiboard
07-18 01:36:05.999  1316  2224 D HwFileBackupManager_BackupSession: com.huawei.hiboard found in /data/data/com.huawei.hiboard
07-18 01:36:05.999  1316  2224 D HwFileBackupManager_BackupSession: com.huawei.intelligent found in /data/data/com.huawei.intelligent/com.huawei.hiboard
07-18 01:36:05.999  1316  2224 I HwFileBackupManager_BackupSession: bind call executeBackupTask on session:221
07-18 01:36:05.999  1316  2224 I Installer: bind call executeBackupTask on sessionId 221
07-18 01:36:06.001  1316 11681 V ActivityManager: Successfully start provider ContentProviderRecord{d2284cc u0 com.huawei.hwid/com.huawei.hms.runtimekit.stubexplicit.HwIDProvider} launchingApp=null caller pid= 16653
07-18 01:36:06.016  1316 12027 I AlarmManager: remove alarm:Alarm{7b77199 type 1 when 1784397801000 PendingIntent{30e2c5e: PendingIntentRecord{d41b83f com.huawei.intelligent broadcastIntent}}com.huawei.intelligent} according to operation:ad8d50c
07-18 01:36:06.688  1316  2224 V ActivityManager: Successfully start provider ContentProviderRecord{863295e u0 com.huawei.hwid/com.huawei.hms.fwkit.kams.provideragent.StubContentProvider} launchingApp=ProcessRecord{e811242 15432:com.huawei.hwid.core/u0a94} caller pid= 15408
07-18 01:36:06.699  1316  3887 V ActivityManager: Successfully start provider ContentProviderRecord{863295e u0 com.huawei.hwid/com.huawei.hms.fwkit.kams.provideragent.StubContentProvider} launchingApp=ProcessRecord{e811242 15432:com.huawei.hwid.core/u0a94} caller pid= 15408
07-18 01:36:06.723  1316  1701 V ActivityManager: Successfully start provider ContentProviderRecord{d2284cc u0 com.huawei.hwid/com.huawei.hms.runtimekit.stubexplicit.HwIDProvider} launchingApp=null caller pid= 16539
07-18 01:36:06.740  1316  1701 V ActivityManager: Successfully start provider ContentProviderRecord{1b71a2d u0 com.huawei.intelligent/.main.database.IntelligentProvider} launchingApp=null caller pid= 16653
07-18 01:36:06.745  1316  3887 V ActivityManager: Successfully start provider ContentProviderRecord{2aaf309 u0 com.huawei.intelligent/.persist.local.contentprovider.DataProvider} launchingApp=null caller pid= 16539
07-18 01:36:06.811  1316  3887 V ActivityManager: Successfully start provider ContentProviderRecord{be88889 u0 com.huawei.hwid/com.huawei.hms.tss.provider.SharedFileContentProvider} launchingApp=ProcessRecord{e811242 15432:com.huawei.hwid.core/u0a94} caller pid= 16558
07-18 01:36:06.874  1316  3887 V BroadcastQueue: Finished with ordered broadcast BroadcastRecord{7b59608 u0 com.huawei.android.action.alarm_weather}
07-18 01:36:06.875  1316  3887 I ActivityManager: App 10121/com.huawei.android.totemweather targets O+, restricted
07-18 01:36:06.875  1316  3887 W BroadcastQueue: Background execution not allowed: receiving Intent { act=com.huawei.android.action.WEATHER_CHANGE flg=0x10 (has extras) } to com.huawei.android.totemweather/.wear.ChangeWeatherReceiver
07-18 01:36:06.880  1316  1339 V BroadcastQueue: Finished with ordered broadcast BroadcastRecord{659d3d4 u0 com.huawei.android.action.WEATHER_CHANGE}
07-18 01:36:06.904  1316  3887 V ActivityManager: Successfully start provider ContentProviderRecord{863295e u0 com.huawei.hwid/com.huawei.hms.fwkit.kams.provideragent.StubContentProvider} launchingApp=ProcessRecord{e811242 15432:com.huawei.hwid.core/u0a94} caller pid= 15408
07-18 01:36:06.914  1316  3887 V ActivityManager: Successfully start provider ContentProviderRecord{be0b62 u0 com.huawei.intelligent/.provider.HiBoardProvider} launchingApp=null caller pid= 16539
07-18 01:36:06.946  1316  1316 D JobScheduler: queuing all ready jobs for execution:
07-18 01:36:06.952  1316  2224 V ActivityManager: Successfully start provider ContentProviderRecord{863295e u0 com.huawei.hwid/com.huawei.hms.fwkit.kams.provideragent.StubContentProvider} launchingApp=ProcessRecord{e811242 15432:com.huawei.hwid.core/u0a94} caller pid= 15408
07-18 01:36:06.997  1316 10971 V ActivityManager: Successfully start provider ContentProviderRecord{adb0b98 u0 com.huawei.intelligent/.provider.preferences.PreferencesProvider} launchingApp=ProcessRecord{95fc17b 16653:com.huawei.intelligent/u0a198} caller pid= 16539
07-18 01:36:07.005  1316  2224 V ActivityManager: Successfully start provider ContentProviderRecord{adb0b98 u0 com.huawei.intelligent/.provider.preferences.PreferencesProvider} launchingApp=ProcessRecord{95fc17b 16653:com.huawei.intelligent/u0a198} caller pid= 16539
07-18 01:36:07.007  1316  1701 V ActivityManager: Successfully start provider ContentProviderRecord{adb0b98 u0 com.huawei.intelligent/.provider.preferences.PreferencesProvider} launchingApp=ProcessRecord{95fc17b 16653:com.huawei.intelligent/u0a198} caller pid= 16539
07-18 01:36:07.017  1316 10971 V ActivityManager: Successfully start provider ContentProviderRecord{adb0b98 u0 com.huawei.intelligent/.provider.preferences.PreferencesProvider} launchingApp=ProcessRecord{95fc17b 16653:com.huawei.intelligent/u0a198} caller pid= 16539
07-18 01:36:07.784  1316 10971 I ActivityManager: START u0 {flg=0x10000000 hwFlg=0x10 cmp=com.huawei.search/.HomeActivity (has extras)} from uid 10290
07-18 01:36:07.786  1316 10971 I ActivityManager: ActivityRecord info: ActivityInfo{2c3f10f com.huawei.search.HomeActivity}
07-18 01:36:07.786  1316 10971 I ActivityManager: isNeedToStartExSplash requestCode: -1
07-18 01:36:07.786  1316 10971 I ActivityManager: isNeedToStartExSplash  callingPackage: com.huawei.search packageName: com.huawei.search
07-18 01:36:07.786  1316 10971 I HwActivityManagerServiceEx: packageName:com.huawei.search,requestCode:-1,isIntercepted:false,userId:0
07-18 01:36:07.786  1316 10971 I HwActivityManagerServiceEx: callingPackage:com.huawei.search
07-18 01:36:07.786  1316 10971 I HwActivityManagerServiceEx: appListStr:null exsplashStatus:1 canStartExsplash:1
07-18 01:36:07.788  1316 10971 V ActivityManager: positionChild stackId=80 to top.
07-18 01:36:07.792  1316  1340 I StatusBarDisable: setFlags what=0 which=1 pkg=Window{f889b26 u0 com.huawei.android.launcher/com.huawei.android.launcher.drawer.DrawerLauncher}
07-18 01:36:07.793  1316 10971 E ActivityManager: START {flg=0x10400000 hwFlg=0x10 cmp=com.huawei.search/.HomeActivity (has extras)} result: 2
07-18 01:36:07.794  1316 11681 V ActivityManager: Making visible and scheduling visibility: ActivityRecord{c7de6c8 u0 com.huawei.search/.HomeActivity t77}
07-18 01:36:07.795  1316 11681 D HwPhoneWindowManager: sensorRotation = -1 lastRotation:0
07-18 01:36:07.803  1316 11681 W HwActivityManagerServiceEx: appSwitch from: com.huawei.android.launcher to: com.huawei.search
07-18 01:36:07.804  1316  1337 W HwActivityManagerServiceEx: HwActivityNotifier end call for appSwitch under user 0 cost 1
07-18 01:36:07.805  1316  3887 D HwGameAssistantController: getGameList: [com.mojang.minecraftpe, com.easybrain.sudoku.android, com.moonrunner.ards, com.moonrunner.leonmds, com.moonrunner.sdds, com.wintergame.happysoccerphysics]
07-18 01:36:07.805  1316  3887 D HwGameAssistantController: getGameList: [com.mojang.minecraftpe, com.easybrain.sudoku.android, com.moonrunner.ards, com.moonrunner.leonmds, com.moonrunner.sdds, com.wintergame.happysoccerphysics]
07-18 01:36:07.808  1316  1351 D HwGameAssistantController: UPDATE: mCurFgPkg=com.huawei.search, mCurFgPid=15498, mCurIsGame=false
07-18 01:36:07.810  1316  1701 I HwNetworkPolicy: onTransact, code = 203
07-18 01:36:07.810 15408 16436 I HwNetworkPolicyManager: getHwUidPolicy uid = 10290 policy = 0
07-18 01:36:07.810  1316 11681 V WindowManager: Checking 1 opening apps (frozen=false timeout=false), Track: activitypause performsurface
07-18 01:36:07.810  1316 11681 V WindowManager: Check opening app=AppWindowToken{12b3347 token=Token{ae40e86 ActivityRecord{c7de6c8 u0 com.huawei.search/.HomeActivity t77}}}: allDrawn=false startingDisplayed=false startingMoved=false isRelaunching()=false startingWindow=null
07-18 01:36:07.811  1316  1337 W HwActivityManagerServiceEx: HwActivityNotifier end call for activityLifeState under user 0 cost 0
07-18 01:36:07.812 15498 15498 V ActivityThread: Skipping new config:{1.0 ?mcc?mnc [en_DE,de_DE] ldltr sw360dp w360dp h616dp 480dpi nrml long port finger -keyb/v/h -nav/h winConfig={ mBounds=Rect(0, 0 - 0, 0) mAppBounds=Rect(0, 0 - 1080, 1920) mWindowingMode=fullscreen mActivityType=undefined} nonFullScreen=0 suim:4 s.23}, config:{1.0 ?mcc?mnc [en_DE,de_DE] ldltr sw360dp w360dp h616dp 480dpi nrml long port finger -keyb/v/h -nav/h winConfig={ mBounds=Rect(0, 0 - 0, 0) mAppBounds=Rect(0, 0 - 1080, 1920) mWindowingMode=fullscreen mActivityType=undefined} nonFullScreen=0 suim:4 s.23} for app:com.huawei.search
07-18 01:36:07.814  1761 13986 I BoosterSwitchP: notifyUidState do nothing
07-18 01:36:07.814  1761 13986 I DeepNoDisturbP: notifyUidState
07-18 01:36:07.814  1761 13986 I BrowserChrP: notifyUidState
07-18 01:36:07.814  1316  1336 I HwAudioService: now type = 255,reportForegroundAppType = 255,pkg = null,mVoipOptimizeInGameModefalse
07-18 01:36:07.815  1316  1340 I StatusBarDisable: setFlags what=0 which=1 pkg=Window{f889b26 u0 com.huawei.android.launcher/com.huawei.android.launcher.drawer.DrawerLauncher}
07-18 01:36:07.815  1316  1340 I StatusBarDisable: setFlags what=0 which=1 pkg=Window{f889b26 u0 com.huawei.android.launcher/com.huawei.android.launcher.drawer.DrawerLauncher}
07-18 01:36:07.820  1316  1701 I HwNetworkPolicy: onTransact, code = 203
07-18 01:36:07.821  2003  2490 I HwNetworkPolicyManager: getHwUidPolicy uid = 10290 policy = 0
07-18 01:36:07.837 15498 15498 V ActivityThread: callActivityOnCreate
07-18 01:36:07.909  1316 12027 V ActivityManager: Successfully start provider ContentProviderRecord{4df3553 u0 com.android.systemui/.recents.HwRecentsLockProdiver} launchingApp=null caller pid= 13746
07-18 01:36:07.928 15498 15498 D ActivityThread: add activity client record, r= ActivityRecord{640a7c4 token=android.os.BinderProxy@8efde36 {com.huawei.search/com.huawei.search.HomeActivity}} token= android.os.BinderProxy@8efde36
07-18 01:36:07.929  1316  1316 D JobScheduler: Maybe queuing ready jobs...
07-18 01:36:07.951  1316 11681 I HwInnerVibratorService: isSupportHwVibrator type:haptic.control.text_edit, isSupport:-1
07-18 01:36:07.951  1316 11681 I HwInnerVibratorService: isSupportHwVibrator type:haptic.control.text_choose_cursor_move, isSupport:-1
07-18 01:36:08.182  1316  1701 V ActivityManager: Successfully start provider ContentProviderRecord{f14cdb7 u0 com.huawei.hwid/com.huawei.openalliance.ad.ppskit.provider.ApiProvider} launchingApp=null caller pid= 15498
07-18 01:36:08.186  1316 11681 V ActivityManager: Successfully start provider ContentProviderRecord{863295e u0 com.huawei.hwid/com.huawei.hms.fwkit.kams.provideragent.StubContentProvider} launchingApp=ProcessRecord{e811242 15432:com.huawei.hwid.core/u0a94} caller pid= 15408
07-18 01:36:08.282  1316 11681 V ActivityManager: Successfully start provider ContentProviderRecord{863295e u0 com.huawei.hwid/com.huawei.hms.fwkit.kams.provideragent.StubContentProvider} launchingApp=ProcessRecord{e811242 15432:com.huawei.hwid.core/u0a94} caller pid= 15408
07-18 01:36:08.305  1316 10971 E WindowManager: App trying to use insecure INPUT_FEATURE_NO_INPUT_CHANNEL flag. Ignoring
07-18 01:36:08.306  1316 10971 V WindowManager: addWindow: Window{d6f22ef u0 com.huawei.search/com.huawei.search.HomeActivity}
07-18 01:36:08.309  1316  1337 W HwActivityManagerServiceEx: HwActivityNotifier end call for activityLifeState under user 0 cost 0
07-18 01:36:08.312  1761  4080 I HidataAppQoeP: foregroundUidAdd uid: 10290 name: com.huawei.search activity state: true
07-18 01:36:08.313  1316  1701 D PackageManager: resolve intent for uid:10290, matchs:2, res:ResolveInfo{8d0e1fc com.huawei.android.launcher/.drawer.DrawerLauncher m=0x108000}
07-18 01:36:08.319  1316  1340 I StatusBarDisable: setFlags what=0 which=1 pkg=Window{f889b26 u0 com.huawei.android.launcher/com.huawei.android.launcher.drawer.DrawerLauncher}
07-18 01:36:08.320  1316  1450 V WindowManager: Checking 1 opening apps (frozen=false timeout=false), Track:  performsurface
07-18 01:36:08.320  1316  1450 V WindowManager: Check opening app=AppWindowToken{12b3347 token=Token{ae40e86 ActivityRecord{c7de6c8 u0 com.huawei.search/.HomeActivity t77}}}: allDrawn=false startingDisplayed=false startingMoved=false isRelaunching()=false startingWindow=null
07-18 01:36:08.323  1316  1316 I HwNormalizedSpline: getEyeProtectionBrightnessLevel lux =14.0, mDefaultBrightnessFromLux =19.68
07-18 01:36:08.327  1316  1340 I StatusBarDisable: setFlags what=0 which=1 pkg=Window{f889b26 u0 com.huawei.android.launcher/com.huawei.android.launcher.drawer.DrawerLauncher}
07-18 01:36:08.328  1316 10971 V WindowManager: Checking 1 opening apps (frozen=false timeout=false), Track: relayout performsurface
07-18 01:36:08.328  1316 10971 V WindowManager: Check opening app=AppWindowToken{12b3347 token=Token{ae40e86 ActivityRecord{c7de6c8 u0 com.huawei.search/.HomeActivity t77}}}: allDrawn=false startingDisplayed=false startingMoved=false isRelaunching()=false startingWindow=null
07-18 01:36:08.331  1316  1340 I StatusBarDisable: setFlags what=0 which=1 pkg=Window{d6f22ef u0 com.huawei.search/com.huawei.search.HomeActivity}
07-18 01:36:08.337  1316  1340 I StatusBarDisable: setFlags what=0 which=1 pkg=Window{d6f22ef u0 com.huawei.search/com.huawei.search.HomeActivity}
07-18 01:36:08.339  1316  1450 V WindowManager: Checking 1 opening apps (frozen=false timeout=false), Track:  performsurface
07-18 01:36:08.339  1316  1450 V WindowManager: Check opening app=AppWindowToken{12b3347 token=Token{ae40e86 ActivityRecord{c7de6c8 u0 com.huawei.search/.HomeActivity t77}}}: allDrawn=false startingDisplayed=false startingMoved=false isRelaunching()=false startingWindow=null
07-18 01:36:08.370  1316  1450 I WindowManager: New wallpaper target: Window{d6f22ef u0 com.huawei.search/com.huawei.search.HomeActivity} prevTarget: Window{f889b26 u0 com.huawei.android.launcher/com.huawei.android.launcher.drawer.DrawerLauncher}
07-18 01:36:08.372  1316  1340 I StatusBarDisable: setFlags what=0 which=1 pkg=Window{d6f22ef u0 com.huawei.search/com.huawei.search.HomeActivity}
07-18 01:36:08.372  1316  1450 V WindowManager_visibility: updateAllDrawn Add AppWindowToken{12b3347 token=Token{ae40e86 ActivityRecord{c7de6c8 u0 com.huawei.search/.HomeActivity t77}}}
07-18 01:36:08.373  1316  1450 V WindowManager_visibility: updateAllDrawn allDrawn=false interesting=1 drawn=1 relaunchCount=0 for AppWindowToken{12b3347 token=Token{ae40e86 ActivityRecord{c7de6c8 u0 com.huawei.search/.HomeActivity t77}}}
07-18 01:36:08.374  1316  1450 V WindowManager: Checking 1 opening apps (frozen=false timeout=false), Track:  performsurface
07-18 01:36:08.374  1316  1450 V WindowManager: Check opening app=AppWindowToken{12b3347 token=Token{ae40e86 ActivityRecord{c7de6c8 u0 com.huawei.search/.HomeActivity t77}}}: allDrawn=true startingDisplayed=false startingMoved=false isRelaunching()=false startingWindow=null
07-18 01:36:08.374  1316  1450 I WindowManager: closing apps count = 1
07-18 01:36:08.388  1316  1340 I StatusBarDisable: setFlags what=0 which=1 pkg=Window{d6f22ef u0 com.huawei.search/com.huawei.search.HomeActivity}
07-18 01:36:08.388  1316  1340 I StatusBarDisable: setFlags what=0 which=1 pkg=Window{d6f22ef u0 com.huawei.search/com.huawei.search.HomeActivity}
07-18 01:36:08.396  1316  1350 D ActivityManager: EVENT_APP_ACTIVITY_DISPLAYED_FINISH reportData: com.huawei.search/.HomeActivity 15498 590
07-18 01:36:08.397  1316  1340 I StatusBarDisable: setFlags what=0 which=1 pkg=Window{d6f22ef u0 com.huawei.search/com.huawei.search.HomeActivity}
07-18 01:36:08.521  1316 12027 V ActivityManager: Successfully start provider ContentProviderRecord{edd94b u0 com.huawei.android.launcher/.LauncherProvider} launchingApp=null caller pid= 15498
07-18 01:36:08.533  1316  3887 V ActivityManager: Successfully start provider ContentProviderRecord{863295e u0 com.huawei.hwid/com.huawei.hms.fwkit.kams.provideragent.StubContentProvider} launchingApp=ProcessRecord{e811242 15432:com.huawei.hwid.core/u0a94} caller pid= 15498
07-18 01:36:08.538  1316  1340 I StatusBarDisable: setFlags what=0 which=1 pkg=Window{d6f22ef u0 com.huawei.search/com.huawei.search.HomeActivity}
07-18 01:36:08.546  1316  1340 I StatusBarDisable: setFlags what=0 which=1 pkg=Window{d6f22ef u0 com.huawei.search/com.huawei.search.HomeActivity}
07-18 01:36:08.551  1316  3887 V ActivityManager: Successfully start provider ContentProviderRecord{5f7dc44 u0 com.huawei.hwid/com.huawei.hms.runtimekit.kitcontainerservice.KitProcessAgent3Provider} launchingApp=ProcessRecord{397f957 13642:com.huawei.hwid.container3/u0a94} caller pid= 15432
07-18 01:36:08.562  1316  1340 I StatusBarDisable: setFlags what=0 which=1 pkg=Window{d6f22ef u0 com.huawei.search/com.huawei.search.HomeActivity}
07-18 01:36:08.572  1316  1340 I chatty  : uid=1000(system) android.ui identical 1 line
07-18 01:36:08.577  1316  1340 I StatusBarDisable: setFlags what=0 which=1 pkg=Window{d6f22ef u0 com.huawei.search/com.huawei.search.HomeActivity}
07-18 01:36:08.697  1316  1336 I BackgroundPermManager: pkgName: android,pid: 1316 ,uidOf3RdApk: 1000 ,permType: 2 ,permCfg: 1
07-18 01:36:08.700  1316  1340 I StatusBarDisable: setFlags what=0 which=1 pkg=Window{d6f22ef u0 com.huawei.search/com.huawei.search.HomeActivity}
07-18 01:36:08.792  1316 12027 V ActivityManager: Successfully start provider ContentProviderRecord{f14cdb7 u0 com.huawei.hwid/com.huawei.openalliance.ad.ppskit.provider.ApiProvider} launchingApp=null caller pid= 15498
07-18 01:36:08.835  1316 10971 V ActivityManager: Successfully start provider ContentProviderRecord{863295e u0 com.huawei.hwid/com.huawei.hms.fwkit.kams.provideragent.StubContentProvider} launchingApp=ProcessRecord{e811242 15432:com.huawei.hwid.core/u0a94} caller pid= 15408
07-18 01:36:08.859  1316  3887 V ActivityManager: Successfully start provider ContentProviderRecord{863295e u0 com.huawei.hwid/com.huawei.hms.fwkit.kams.provideragent.StubContentProvider} launchingApp=ProcessRecord{e811242 15432:com.huawei.hwid.core/u0a94} caller pid= 15408
07-18 01:36:09.064  1316  2102 V ActivityManager: Successfully start provider ContentProviderRecord{f14cdb7 u0 com.huawei.hwid/com.huawei.openalliance.ad.ppskit.provider.ApiProvider} launchingApp=null caller pid= 15498
07-18 01:36:09.080  1316  1701 V ActivityManager: Successfully start provider ContentProviderRecord{863295e u0 com.huawei.hwid/com.huawei.hms.fwkit.kams.provideragent.StubContentProvider} launchingApp=ProcessRecord{e811242 15432:com.huawei.hwid.core/u0a94} caller pid= 15408
07-18 01:36:09.095  1316 10971 V ActivityManager: Successfully start provider ContentProviderRecord{863295e u0 com.huawei.hwid/com.huawei.hms.fwkit.kams.provideragent.StubContentProvider} launchingApp=ProcessRecord{e811242 15432:com.huawei.hwid.core/u0a94} caller pid= 15408
07-18 01:36:09.138  1316 12027 W ActivityManager: Unable to start service Intent { act=com.huawei.recsys.dis.action.BIND_DIS_SERVICE pkg=com.huawei.recsys cmp=com.huawei.recsys/com.huawei.dis.service.DirectiveInteractionService } U=0: not found
07-18 01:36:09.154  1316 12027 V ActivityManager: Successfully start provider ContentProviderRecord{f14cdb7 u0 com.huawei.hwid/com.huawei.openalliance.ad.ppskit.provider.ApiProvider} launchingApp=null caller pid= 15498
07-18 01:36:09.162  1316 10971 V ActivityManager: Successfully start provider ContentProviderRecord{863295e u0 com.huawei.hwid/com.huawei.hms.fwkit.kams.provideragent.StubContentProvider} launchingApp=ProcessRecord{e811242 15432:com.huawei.hwid.core/u0a94} caller pid= 15408
07-18 01:36:09.182  1316 11681 V ActivityManager: Successfully start provider ContentProviderRecord{863295e u0 com.huawei.hwid/com.huawei.hms.fwkit.kams.provideragent.StubContentProvider} launchingApp=ProcessRecord{e811242 15432:com.huawei.hwid.core/u0a94} caller pid= 15408
07-18 01:36:09.713  1316  1701 V ActivityManager: Successfully start provider ContentProviderRecord{863295e u0 com.huawei.hwid/com.huawei.hms.fwkit.kams.provideragent.StubContentProvider} launchingApp=ProcessRecord{e811242 15432:com.huawei.hwid.core/u0a94} caller pid= 15408
07-18 01:36:09.716  1316  3887 V ActivityManager: startProcess: name=com.android.chrome:sandboxed_process0 app=null knownToBeDead=true thread=null pid=-1
07-18 01:36:09.744  1316  1701 V ActivityManager: Successfully start provider ContentProviderRecord{863295e u0 com.huawei.hwid/com.huawei.hms.fwkit.kams.provideragent.StubContentProvider} launchingApp=ProcessRecord{e811242 15432:com.huawei.hwid.core/u0a94} caller pid= 15408
07-18 01:36:09.983  1316  1342 I ActivityManager: Start proc 16907:com.android.chrome:sandboxed_process0/u0i108 for webview_service com.huawei.search/org.chromium.content.app.SandboxedProcessService0
07-18 01:36:09.984  1316  1754 E ProcessInfoCollector: getProcessInfo: failed to find this proc 
07-18 01:36:10.286  1316 12027 V ActivityManager: Successfully start provider ContentProviderRecord{bb9eff u0 com.google.android.gms/.chimera.container.GmsModuleProvider} launchingApp=null caller pid= 15498
07-18 01:36:10.304  1316  3887 V ActivityManager: startProcess: name=com.android.chrome:webview_service app=null knownToBeDead=true thread=null pid=-1
07-18 01:36:10.345  1316  1342 I ActivityManager: Start proc 16934:com.android.chrome:webview_service/u0a60 for service com.android.chrome/org.chromium.android_webview.services.ComponentsProviderService
07-18 01:36:10.346  1316  1754 E ProcessInfoCollector: getProcessInfo: failed to find this proc 
07-18 01:36:10.370 16907 16907 D ActivityThread: Attach thread to application
07-18 01:36:10.372 16934 16934 D ActivityThread: Attach thread to application
07-18 01:36:10.389  1316  1336 D NetdConnector: SND -> {3261 firewall set_uid_rule standby 10060 allow}
07-18 01:36:10.454  1316  1492 D NetdConnector: RCV <- {200 3261 Firewall command succeeded}
07-18 01:36:10.454  1316  1492 D NetdConnector: RCV <- {200 3261 Firewall command succeeded}
07-18 01:36:10.462  1316  1316 D JobScheduler: Maybe queuing ready jobs...
07-18 01:36:10.463 15498 15498 D HwCustConnectivityManagerImpl: isBlockNetworkRequestByNonAis, INVALID_SUBSCRIPTION_ID
07-18 01:36:10.467  1316  1701 D ConnectivityService: requestNetwork for uid/pid:10290/15498 NetworkRequest [ TRACK_DEFAULT id=2884, [ Capabilities: INTERNET&NOT_RESTRICTED&TRUSTED Uid: 10290] ]
07-18 01:36:10.468  1316  1505 D ConnectivityService: rematching NetworkAgentInfo [WIFI () - 100]
07-18 01:36:10.468  1316  1505 D ConnectivityService:  network has: [ Transports: WIFI Capabilities: NOT_METERED&INTERNET&NOT_RESTRICTED&TRUSTED&NOT_VPN&VALIDATED&NOT_ROAMING&FOREGROUND&NOT_CONGESTED&NOT_SUSPENDED LinkUpBandwidth>=1048576Kbps LinkDnBandwidth>=1048576Kbps SignalStrength: -71 SSID: ****]
07-18 01:36:10.468  1316  1505 D ConnectivityService: Network NetworkAgentInfo [WIFI () - 100] was already satisfying request 2374. No change.
07-18 01:36:10.469  1316  1505 D ConnectivityService: Network NetworkAgentInfo [WIFI () - 100] was already satisfying request 2882. No change.
07-18 01:36:10.469  1316  1505 D ConnectivityService: Network NetworkAgentInfo [WIFI () - 100] was already satisfying request 2553. No change.
07-18 01:36:10.469  1316  1505 D ConnectivityService: Network NetworkAgentInfo [WIFI () - 100] was already satisfying request 2866. No change.
07-18 01:36:10.469  1316  1505 D ConnectivityService: Network NetworkAgentInfo [WIFI () - 100] was already satisfying request 1. No change.
07-18 01:36:10.469  1316  1505 D ConnectivityService: Network NetworkAgentInfo [WIFI () - 100] was already satisfying request 2730. No change.
07-18 01:36:10.469  1316  1505 D ConnectivityService: Network NetworkAgentInfo [WIFI () - 100] was already satisfying request 2863. No change.
07-18 01:36:10.469  1316  1505 D ConnectivityService: Network NetworkAgentInfo [WIFI () - 100] was already satisfying request 2883. No change.
07-18 01:36:10.469  1316  1505 D ConnectivityService: Network NetworkAgentInfo [WIFI () - 100] was already satisfying request 5. No change.
07-18 01:36:10.469  1316  1505 D ConnectivityService: Network NetworkAgentInfo [WIFI () - 100] was already satisfying request 2859. No change.
07-18 01:36:10.469  1316  1505 D ConnectivityService: Network NetworkAgentInfo [WIFI () - 100] was already satisfying request 2868. No change.
07-18 01:36:10.469  1316  1505 D ConnectivityService: Network NetworkAgentInfo [WIFI () - 100] was already satisfying request 2142. No change.
07-18 01:36:10.469  1316  1505 D ConnectivityService: Network NetworkAgentInfo [WIFI () - 100] was already satisfying request 2372. No change.
07-18 01:36:10.469  1316  1505 D ConnectivityService: Network NetworkAgentInfo [WIFI () - 100] was already satisfying request 2850. No change.
07-18 01:36:10.469  1316  1505 D ConnectivityService: currentScore = 0, newScore = 60
07-18 01:36:10.469  1316  1505 D ConnectivityService: rematch for NetworkAgentInfo [WIFI () - 100]
07-18 01:36:10.469  1316  1505 D ConnectivityService:    accepting network in place of null
