07-18 01:27:37.400  1316  1344 I chatty  : uid=1000(system) ThirdAppHandler expire 4 lines
07-18 01:27:37.657 15115 15178 D HwCustConnectivityManagerImpl: isBlockNetworkRequestByNonAis, INVALID_SUBSCRIPTION_ID
07-18 01:27:37.659  1316  1505 I chatty  : uid=1000(system) ConnectivitySer expire 57 lines
07-18 01:27:37.689  1316  1316 I chatty  : uid=1000 system_server expire 7 lines
07-18 01:27:37.770 15187 15187 D ActivityThread: Attach thread to application
07-18 01:27:37.815 15115 15177 D HwCustConnectivityManagerImpl: isBlockNetworkRequestByNonAis, INVALID_SUBSCRIPTION_ID
07-18 01:27:37.818  1316  1505 I chatty  : uid=1000(system) ConnectivitySer expire 15 lines
07-18 01:27:37.856  1316  2102 I chatty  : uid=1000(system) Binder:1316_8 expire 5 lines
07-18 01:27:38.313  1316 10971 I chatty  : uid=1000(system) Binder:1316_1B expire 8 lines
07-18 01:27:38.364  1316  1340 I chatty  : uid=1000(system) android.ui expire 28 lines
07-18 01:27:38.655  1316 12512 I chatty  : uid=1000(system) Binder:1316_1F expire 48 lines
07-18 01:27:38.673  1316 11681 I chatty  : uid=1000(system) Binder:1316_1D expire 15 lines
07-18 01:27:39.476  1316 10965 I chatty  : uid=1000(system) Binder:1316_1A expire 24 lines
07-18 01:27:40.520   747   758 I storaged: storaged_t::event: storage_info refreshed.
07-18 01:27:43.319  1316  1458 I chatty  : uid=1000(system) UEventObserver expire 12 lines
07-18 01:27:48.997  1316  1710 I chatty  : uid=1000(system) watchdog expire 1 line
07-18 01:27:50.030  1761  1914 I DeepNoDisturbP: handleStateChanged reason=8
07-18 01:27:50.037  1761  1914 I HidataAppQoeP: handleStateChanged reason=8
07-18 01:27:50.053  1761  1914 I PreDnsQuery: handleStateChanged reason=8
07-18 01:27:50.056  1761  1914 I PreDnsQuery: No need to handled!
07-18 01:27:50.056  1761  1914 I BrowserChrP: handleStateChanged
07-18 01:27:50.561  1316 12512 I chatty  : uid=1000(system) Binder:1316_1F expire 3 lines
07-18 01:27:50.584  1316  1340 I chatty  : uid=1000(system) android.ui expire 6 lines
07-18 01:27:50.604  1316  7252 I chatty  : uid=1000(system) Binder:1316_15 expire 15 lines
07-18 01:27:53.307  1316  1505 I chatty  : uid=1000(system) ConnectivitySer expire 68 lines
07-18 01:28:10.072  1761  1914 I DeepNoDisturbP: handleStateChanged reason=8
07-18 01:28:10.076  1761  1914 I HidataAppQoeP: handleStateChanged reason=8
07-18 01:28:10.085  1761  1914 I PreDnsQuery: handleStateChanged reason=8
07-18 01:28:10.087  1761  1914 I PreDnsQuery: No need to handled!
07-18 01:28:10.087  1761  1914 I BrowserChrP: handleStateChanged
07-18 01:28:11.528  1316  1499 I chatty  : uid=1000(system) WifiStateMachin expire 1 line
07-18 01:28:11.549  1316  1501 I chatty  : uid=1000(system) WifiScanningSer expire 1 line
07-18 01:28:14.497  1316  1505 I chatty  : uid=1000(system) ConnectivitySer expire 48 lines
07-18 01:28:14.539  1316  1499 I chatty  : uid=1000(system) WifiStateMachin expire 1 line
07-18 01:28:15.388   564   637 W SocketListener: sending broadcast to Pid = 1316, Uid = 1000 
07-18 01:28:15.391  1316  1492 I chatty  : uid=1000(system) NetdConnector expire 22 lines
07-18 01:28:15.396  1316  1348 I chatty  : uid=1000(system) android.fg expire 9 lines
07-18 01:28:18.999  1316  1710 I chatty  : uid=1000(system) watchdog expire 3 lines
07-18 01:28:30.126  1761  1914 I DeepNoDisturbP: handleStateChanged reason=8
07-18 01:28:30.130  1761  1914 I HidataAppQoeP: handleStateChanged reason=8
07-18 01:28:30.138  1761  1914 I PreDnsQuery: handleStateChanged reason=8
07-18 01:28:30.141  1761  1914 I PreDnsQuery: No need to handled!
07-18 01:28:30.141  1761  1914 I BrowserChrP: handleStateChanged
07-18 01:28:36.548  1316  1316 I chatty  : uid=1000 system_server expire 16 lines
07-18 01:28:36.721 15115 15178 D HwCustConnectivityManagerImpl: isBlockNetworkRequestByNonAis, INVALID_SUBSCRIPTION_ID
07-18 01:28:36.730  1316 10971 I chatty  : uid=1000(system) Binder:1316_1B expire 1 line
07-18 01:28:36.731  1316  1505 I chatty  : uid=1000(system) ConnectivitySer expire 34 lines
07-18 01:28:40.521   747   758 I storaged: storaged_t::event: storage_info refreshed.
07-18 01:28:41.320  1316  1336 I chatty  : uid=1000(system) android.bg expire 2 lines
07-18 01:28:42.572  1316  1458 I chatty  : uid=1000(system) UEventObserver expire 12 lines
07-18 01:28:42.588  1316  1745 I chatty  : uid=1000(system) HwBinder:1316_4 expire 1 line
07-18 01:28:50.152  1761  1914 I DeepNoDisturbP: handleStateChanged reason=8
07-18 01:28:50.165  1761  1914 I HidataAppQoeP: handleStateChanged reason=8
07-18 01:28:50.235  1761  1914 I PreDnsQuery: handleStateChanged reason=8
07-18 01:28:50.240  1761  1914 I PreDnsQuery: No need to handled!
07-18 01:28:50.241  1761  1914 I BrowserChrP: handleStateChanged
07-18 01:29:00.005  1316  1316 I chatty  : uid=1000 system_server expire 2 lines
07-18 01:29:00.138  1316 12512 I chatty  : uid=1000(system) Binder:1316_1F expire 1 line
07-18 01:29:10.233  1761  1914 I DeepNoDisturbP: handleStateChanged reason=8
07-18 01:29:10.247  1761  1914 I HidataAppQoeP: handleStateChanged reason=8
07-18 01:29:10.266  1761  1914 I PreDnsQuery: handleStateChanged reason=8
07-18 01:29:10.270  1761  1914 I PreDnsQuery: No need to handled!
07-18 01:29:10.270  1761  1914 I BrowserChrP: handleStateChanged
07-18 01:29:15.493  1316  1458 I chatty  : uid=1000(system) UEventObserver expire 12 lines
07-18 01:29:15.557  1316  1346 I chatty  : uid=1000(system) batterystats-wo expire 2 lines
07-18 01:29:23.513   564   637 W SocketListener: sending broadcast to Pid = 1316, Uid = 1000 
07-18 01:29:23.514   564   637 I chatty  : uid=0(root) /system/bin/netd identical 5 lines
07-18 01:29:23.514   564   637 W SocketListener: sending broadcast to Pid = 1316, Uid = 1000 
07-18 01:29:23.641  1316  7252 I chatty  : uid=1000(system) Binder:1316_15 expire 21 lines
07-18 01:29:30.288  1761  1914 I DeepNoDisturbP: handleStateChanged reason=8
07-18 01:29:30.300  1761  1914 I HidataAppQoeP: handleStateChanged reason=8
07-18 01:29:30.334  1761  1914 I PreDnsQuery: handleStateChanged reason=8
07-18 01:29:30.339  1761  1914 I PreDnsQuery: No need to handled!
07-18 01:29:30.339  1761  1914 I BrowserChrP: handleStateChanged
07-18 01:29:36.245  1316  1340 I chatty  : uid=1000(system) android.ui expire 20 lines
07-18 01:29:36.261  1316 11681 I chatty  : uid=1000(system) Binder:1316_1D expire 48 lines
07-18 01:29:40.524   747   758 I storaged: storaged_t::event: storage_info refreshed.
07-18 01:29:49.008  1316  1710 I chatty  : uid=1000(system) watchdog expire 2 lines
07-18 01:29:50.339  1761  1914 I DeepNoDisturbP: handleStateChanged reason=8
07-18 01:29:50.348  1761  1914 I HidataAppQoeP: handleStateChanged reason=8
07-18 01:29:50.377  1761  1914 I PreDnsQuery: handleStateChanged reason=8
07-18 01:29:50.378  1761  1914 I PreDnsQuery: No need to handled!
07-18 01:29:50.379  1761  1914 I BrowserChrP: handleStateChanged
07-18 01:29:50.968  1316 10965 I chatty  : uid=1000(system) Binder:1316_1A expire 18 lines
07-18 01:29:50.990  1316  1340 I chatty  : uid=1000(system) android.ui expire 13 lines
07-18 01:30:00.004  1316  1316 I chatty  : uid=1000 system_server expire 3 lines
07-18 01:30:00.264  1316  1593 I chatty  : uid=1000(system) Binder:1316_4 expire 7 lines
07-18 01:30:10.393  1761  1914 I DeepNoDisturbP: handleStateChanged reason=8
07-18 01:30:10.409  1761  1914 I HidataAppQoeP: handleStateChanged reason=8
07-18 01:30:10.426  1761  1914 I PreDnsQuery: handleStateChanged reason=8
07-18 01:30:10.427  1761  1914 I PreDnsQuery: No need to handled!
07-18 01:30:10.428  1761  1914 I BrowserChrP: handleStateChanged
07-18 01:30:12.709  1316 13923 I chatty  : uid=1000 system_server expire 1 line
07-18 01:30:15.326  1316  1505 I chatty  : uid=1000(system) ConnectivitySer expire 91 lines
07-18 01:30:16.924  1316  1458 I chatty  : uid=1000(system) UEventObserver expire 6 lines
07-18 01:30:21.048  1316  8413 I chatty  : uid=1000(system) Binder:1316_16 expire 4 lines
07-18 01:30:21.049  1316 10965 I chatty  : uid=1000(system) Binder:1316_1A expire 14 lines
07-18 01:30:21.049  1316 10971 I chatty  : uid=1000(system) Binder:1316_1B expire 14 lines
07-18 01:30:21.067  1316  3111 I chatty  : uid=1000(system) Binder:1316_10 expire 1 line
07-18 01:30:21.103  1316  1350 I chatty  : uid=1000(system) android.display expire 2 lines
07-18 01:30:21.104  1316  2413 I chatty  : uid=1000(system) Binder:1316_F expire 36 lines
07-18 01:30:21.109  1761  5508 I BoosterSwitchP: notifyUidState do nothing
07-18 01:30:21.109  1761  5508 I DeepNoDisturbP: notifyUidState
07-18 01:30:21.109  1761  5508 I BrowserChrP: notifyUidState
07-18 01:30:21.113  1761  5508 I BoosterSwitchP: notifyUidState do nothing
07-18 01:30:21.113  1761  5508 I DeepNoDisturbP: notifyUidState
07-18 01:30:21.113  1761  5508 I BrowserChrP: notifyUidState
07-18 01:30:21.439  1316  1342 I chatty  : uid=1000(system) ActivityManager expire 2 lines
07-18 01:30:21.441  1316  1754 I chatty  : uid=1000(system) MultiTaskManage expire 2 lines
07-18 01:30:21.470 15498 15498 D ActivityThread: Attach thread to application
07-18 01:30:21.559  1316  1524 I chatty  : uid=1000(system) Thread-29 expire 2 lines
07-18 01:30:22.518 15498 15498 D HwCustConnectivityManagerImpl: isBlockNetworkRequestByNonAis, INVALID_SUBSCRIPTION_ID
07-18 01:30:22.525 15498 15498 D HwCustConnectivityManagerImpl: isBlockNetworkRequestByNonAis, INVALID_SUBSCRIPTION_ID
07-18 01:30:22.732 15498 15563 W PackageParser: Unknown element under <manifest>: queries at /data/app/com.huawei.search-MwpBM_6s7aj4usAOtz_csQ==/base.apk Binary XML file line #165
07-18 01:30:22.732 15498 15563 W PackageParser: Unknown element under <manifest>: meta-data at /data/app/com.huawei.search-MwpBM_6s7aj4usAOtz_csQ==/base.apk Binary XML file line #209
07-18 01:30:22.902 15498 15563 D HwCustConnectivityManagerImpl: isBlockNetworkRequestByNonAis, INVALID_SUBSCRIPTION_ID
07-18 01:30:26.662  1316  1337 I chatty  : uid=1000(system) HwActivityManag expire 3 lines
07-18 01:30:26.699  1316  1450 I chatty  : uid=1000(system) android.anim expire 12 lines
07-18 01:30:26.707  1316 15609 I chatty  : uid=1000 system_server expire 1 line
07-18 01:30:26.709 12116 12116 V ActivityThread: Skipping new config:{1.0 ?mcc?mnc [en_DE,de_DE] ldltr sw360dp w360dp h616dp 480dpi nrml long port finger -keyb/v/h -nav/h winConfig={ mBounds=Rect(0, 0 - 0, 0) mAppBounds=Rect(0, 0 - 1080, 1920) mWindowingMode=fullscreen mActivityType=undefined} nonFullScreen=0 suim:4 s.23}, config:{1.0 ?mcc?mnc [en_DE,de_DE] ldltr sw360dp w360dp h616dp 480dpi nrml long port finger -keyb/v/h -nav/h winConfig={ mBounds=Rect(0, 0 - 0, 0) mAppBounds=Rect(0, 0 - 1080, 1920) mWindowingMode=fullscreen mActivityType=undefined} nonFullScreen=0 suim:4 s.23} for app:com.anonymous.smartswapsmobile
07-18 01:30:26.717 12116 12116 V ActivityThread: callActivityOnCreate
07-18 01:30:26.728 12116 12116 E AndroidRuntime: FATAL EXCEPTION: main
07-18 01:30:26.728 12116 12116 E AndroidRuntime: Process: com.anonymous.smartswapsmobile, PID: 12116
07-18 01:30:26.728 12116 12116 E AndroidRuntime: java.lang.RuntimeException: Unable to start activity ComponentInfo{com.anonymous.smartswapsmobile/com.anonymous.smartswapsmobile.MainActivity}: java.lang.IllegalArgumentException: App react context shouldn't be created before.
07-18 01:30:26.728 12116 12116 E AndroidRuntime: 	at android.app.ActivityThread.performLaunchActivity(ActivityThread.java:3430)
07-18 01:30:26.728 12116 12116 E AndroidRuntime: 	at android.app.ActivityThread.handleLaunchActivity(ActivityThread.java:3614)
07-18 01:30:26.728 12116 12116 E AndroidRuntime: 	at android.app.servertransaction.LaunchActivityItem.execute(LaunchActivityItem.java:86)
07-18 01:30:26.728 12116 12116 E AndroidRuntime: 	at android.app.servertransaction.TransactionExecutor.executeCallbacks(TransactionExecutor.java:108)
07-18 01:30:26.728 12116 12116 E AndroidRuntime: 	at android.app.servertransaction.TransactionExecutor.execute(TransactionExecutor.java:68)
07-18 01:30:26.728 12116 12116 E AndroidRuntime: 	at android.app.ActivityThread$H.handleMessage(ActivityThread.java:2199)
07-18 01:30:26.728 12116 12116 E AndroidRuntime: 	at android.os.Handler.dispatchMessage(Handler.java:112)
07-18 01:30:26.728 12116 12116 E AndroidRuntime: 	at android.os.Looper.loop(Looper.java:216)
07-18 01:30:26.728 12116 12116 E AndroidRuntime: 	at android.app.ActivityThread.main(ActivityThread.java:7625)
07-18 01:30:26.728 12116 12116 E AndroidRuntime: 	at java.lang.reflect.Method.invoke(Native Method)
07-18 01:30:26.728 12116 12116 E AndroidRuntime: 	at com.android.internal.os.RuntimeInit$MethodAndArgsCaller.run(RuntimeInit.java:524)
07-18 01:30:26.728 12116 12116 E AndroidRuntime: 	at com.android.internal.os.ZygoteInit.main(ZygoteInit.java:987)
07-18 01:30:26.728 12116 12116 E AndroidRuntime: Caused by: java.lang.IllegalArgumentException: App react context shouldn't be created before.
07-18 01:30:26.728 12116 12116 E AndroidRuntime: 	at expo.modules.devlauncher.launcher.loaders.DevLauncherAppLoader.createOnDelegateWillBeCreatedListener$lambda$1(DevLauncherAppLoader.kt:49)
07-18 01:30:26.728 12116 12116 E AndroidRuntime: 	at expo.modules.devlauncher.launcher.loaders.DevLauncherAppLoader.$r8$lambda$qJDs5uQrozfB3coXC15_j-4Po8g(Unknown Source:0)
07-18 01:30:26.728 12116 12116 E AndroidRuntime: 	at expo.modules.devlauncher.launcher.loaders.DevLauncherAppLoader$$ExternalSyntheticLambda0.invoke(D8$$SyntheticClass:0)
07-18 01:30:26.728 12116 12116 E AndroidRuntime: 	at expo.modules.devlauncher.launcher.DevLauncherLifecycle.delegateWillBeCreated(DevLauncherLifecycle.kt:16)
07-18 01:30:26.728 12116 12116 E AndroidRuntime: 	at expo.modules.devlauncher.DevLauncherController$Companion.wrapReactActivityDelegate(DevLauncherController.kt:483)
07-18 01:30:26.728 12116 12116 E AndroidRuntime: 	at expo.modules.devlauncher.DevLauncherPackageDelegate$createReactActivityHandlers$1.onDidCreateReactActivityDelegate(DevLauncherPackageDelegate.kt:53)
07-18 01:30:26.728 12116 12116 E AndroidRuntime: 	at expo.modules.ReactActivityDelegateWrapper.onCreate$lambda$7(ReactActivityDelegateWrapper.kt:132)
07-18 01:30:26.728 12116 12116 E AndroidRuntime: 	at expo.modules.ReactActivityDelegateWrapper.$r8$lambda$Eeekf5wAIujUVf_erjzryxKA7xM(Unknown Source:0)
07-18 01:30:26.728 12116 12116 E AndroidRuntime: 	at expo.modules.ReactActivityDelegateWrapper$$ExternalSyntheticLambda0.invoke(D8$$SyntheticClass:0)
07-18 01:30:26.728 12116 12116 E AndroidRuntime: 	at kotlin.sequences.TransformingSequence$iterator$1.next(Sequences.kt:243)
07-18 01:30:26.728 12116 12116 E AndroidRuntime: 	at kotlin.sequences.FilteringSequence$iterator$1.calcNext(Sequences.kt:203)
07-18 01:30:26.728 12116 12116 E AndroidRuntime: 	at kotlin.sequences.FilteringSequence$iterator$1.hasNext(Sequences.kt:227)
07-18 01:30:26.728 12116 12116 E AndroidRuntime: 	at kotlin.sequences.SequencesKt___SequencesKt.firstOrNull(_Sequences.kt:172)
07-18 01:30:26.728 12116 12116 E AndroidRuntime: 	at expo.modules.ReactActivityDelegateWrapper.onCreate(ReactActivityDelegateWrapper.kt:133)
07-18 01:30:26.728 12116 12116 E AndroidRuntime: 	at com.facebook.react.ReactActivity.onCreate(ReactActivity.java:61)
07-18 01:30:26.728 12116 12116 E AndroidRuntime: 	at com.anonymous.smartswapsmobile.MainActivity.onCreate(MainActivity.kt:19)
07-18 01:30:26.728 12116 12116 E AndroidRuntime: 	at android.app.Activity.performCreate(Activity.java:7458)
07-18 01:30:26.728 12116 12116 E AndroidRuntime: 	at android.app.Activity.performCreate(Activity.java:7448)
07-18 01:30:26.728 12116 12116 E AndroidRuntime: 	at android.app.Instrumentation.callActivityOnCreate(Instrumentation.java:1286)
07-18 01:30:26.728 12116 12116 E AndroidRuntime: 	at android.app.ActivityThread.performLaunchActivity(ActivityThread.java:3409)
07-18 01:30:26.728 12116 12116 E AndroidRuntime: 	... 11 more
07-18 01:30:26.733  1316  1340 I chatty  : uid=1000(system) android.ui expire 8 lines
07-18 01:30:26.774  1316 15620 I chatty  : uid=1000 system_server expire 1 line
07-18 01:30:26.864  1316 12512 I chatty  : uid=1000(system) Binder:1316_1F expire 10 lines
07-18 01:30:26.866  1316  1336 I chatty  : uid=1000(system) android.bg expire 1 line
07-18 01:30:26.867  1761  5508 I BoosterSwitchP: notifyUidState do nothing
07-18 01:30:26.867  1761  5508 I DeepNoDisturbP: notifyUidState
07-18 01:30:26.867  1761  5508 I BrowserChrP: notifyUidState
07-18 01:30:26.891  1761  4080 I HidataAppQoeP: foregroundUidRemove uid: 10416 name: com.anonymous.smartswapsmobile
07-18 01:30:26.956 15624 15624 D ActivityThread: Attach thread to application
07-18 01:30:26.958  1316  1326 I chatty  : uid=1000(system) Binder:1316_1 expire 2 lines
07-18 01:30:26.965  1316  1450 I chatty  : uid=1000(system) android.anim expire 24 lines
07-18 01:30:26.965  1316  1336 I chatty  : uid=1000(system) android.bg expire 3 lines
07-18 01:30:26.965  1761  5508 I BoosterSwitchP: notifyUidState do nothing
07-18 01:30:26.965  1761  5508 I DeepNoDisturbP: notifyUidState
07-18 01:30:26.965  1761  5508 I BrowserChrP: notifyUidState
07-18 01:30:26.966  1316  1316 I chatty  : uid=1000 system_server expire 4 lines
07-18 01:30:26.969  1316 12512 I chatty  : uid=1000(system) Binder:1316_1F expire 3 lines
07-18 01:30:26.969  2003  2490 I HwNetworkPolicyManager: getHwUidPolicy uid = 10416 policy = 0
07-18 01:30:26.970  1316  1340 I chatty  : uid=1000(system) android.ui expire 25 lines
07-18 01:30:27.370  1316  1524 I chatty  : uid=1000(system) Thread-29 expire 1 line
07-18 01:30:27.461  1316  1505 I chatty  : uid=1000(system) ConnectivitySer expire 34 lines
07-18 01:30:29.164  1316 10965 I chatty  : uid=1000(system) Binder:1316_1A expire 9 lines
07-18 01:30:29.277  1316  1479 I chatty  : uid=1000(system) InputDispatcher expire 16 lines
07-18 01:30:29.322  1316  1337 I chatty  : uid=1000(system) HwActivityManag expire 5 lines
07-18 01:30:29.322  1316  1351 I chatty  : uid=1000(system) HwGameAssistant expire 1 line
07-18 01:30:29.339  1316  8485 I chatty  : uid=1000(system) Binder:1316_17 expire 5 lines
07-18 01:30:29.348  1761  4242 I BoosterSwitchP: notifyUidState do nothing
07-18 01:30:29.348  1761  4242 I DeepNoDisturbP: notifyUidState
07-18 01:30:29.348  1761  4242 I BrowserChrP: notifyUidState
07-18 01:30:29.349  1316  2102 I chatty  : uid=1000(system) Binder:1316_8 expire 3 lines
07-18 01:30:29.349  2003  2490 I HwNetworkPolicyManager: getHwUidPolicy uid = 10064 policy = 0
07-18 01:30:29.405 15092 15092 D HwCustConnectivityManagerImpl: isBlockNetworkRequestByNonAis, INVALID_SUBSCRIPTION_ID
07-18 01:30:29.462  1612  2152 I CommandQueue: updateBarBgColor
07-18 01:30:29.462  1612  2152 D CommandQueue: CommandQueue, setBarBackgroundColor
07-18 01:30:29.817 15624 15624 V ActivityThread: Skipping new config:{1.0 ?mcc?mnc [en_DE,de_DE] ldltr sw360dp w360dp h616dp 480dpi nrml long port finger -keyb/v/h -nav/h winConfig={ mBounds=Rect(0, 0 - 0, 0) mAppBounds=Rect(0, 0 - 1080, 1920) mWindowingMode=fullscreen mActivityType=undefined} nonFullScreen=0 suim:4 s.23}, config:{1.0 ?mcc?mnc [en_DE,de_DE] ldltr sw360dp w360dp h616dp 480dpi nrml long port finger -keyb/v/h -nav/h winConfig={ mBounds=Rect(0, 0 - 0, 0) mAppBounds=Rect(0, 0 - 1080, 1920) mWindowingMode=fullscreen mActivityType=undefined} nonFullScreen=0 suim:4 s.23} for app:com.anonymous.smartswapsmobile
07-18 01:30:29.822  1316  1339 I chatty  : uid=1000(system) ActivityManager expire 1 line
07-18 01:30:29.916 15624 15624 V ActivityThread: callActivityOnCreate
07-18 01:30:29.974  1761 13986 I BoosterSwitchP: notifyUidState do nothing
07-18 01:30:29.974  1761 13986 I DeepNoDisturbP: notifyUidState
07-18 01:30:29.974  1761 13986 I BrowserChrP: notifyUidState
07-18 01:30:29.977 15624 15624 D ActivityThread: add activity client record, r= ActivityRecord{2ffd978 token=android.os.BinderProxy@a46d039 {com.anonymous.smartswapsmobile/expo.modules.devlauncher.launcher.errors.DevLauncherErrorActivity}} token= android.os.BinderProxy@a46d039
07-18 01:30:29.983  1761  4080 I HidataAppQoeP: foregroundUidAdd uid: 10416 name: com.anonymous.smartswapsmobile activity state: true
07-18 01:30:29.988  1761  4080 I HidataAppQoeP: foregroundUidRemove uid: 10416 name: com.anonymous.smartswapsmobile
07-18 01:30:29.988 15624 15624 D ActivityThread: Remove activity client record, r= ActivityRecord{2ffd978 token=android.os.BinderProxy@a46d039 {com.anonymous.smartswapsmobile/expo.modules.devlauncher.launcher.errors.DevLauncherErrorActivity}} token= android.os.BinderProxy@a46d039
07-18 01:30:30.429  1761  1914 I DeepNoDisturbP: handleStateChanged reason=8
07-18 01:30:30.432  1761  1914 I HidataAppQoeP: handleStateChanged reason=8
07-18 01:30:30.438  1761  1914 I PreDnsQuery: handleStateChanged reason=8
07-18 01:30:30.439  1761  1914 I PreDnsQuery: No need to handled!
07-18 01:30:30.439  1761  1914 I BrowserChrP: handleStateChanged
07-18 01:30:40.526   747   758 I storaged: storaged_t::event: storage_info refreshed.
07-18 01:30:42.582  1316  1505 I chatty  : uid=1000(system) ConnectivitySer expire 56 lines
07-18 01:30:47.635  1316  1458 I chatty  : uid=1000(system) UEventObserver expire 6 lines
07-18 01:30:49.014  1316  1710 I chatty  : uid=1000(system) watchdog expire 1 line
07-18 01:30:50.460  1761  1914 I DeepNoDisturbP: handleStateChanged reason=8
07-18 01:30:50.475  1761  1914 I HidataAppQoeP: handleStateChanged reason=8
07-18 01:30:50.494  1761  1914 I PreDnsQuery: handleStateChanged reason=8
07-18 01:30:50.497  1761  1914 I PreDnsQuery: No need to handled!
07-18 01:30:50.497  1761  1914 I BrowserChrP: handleStateChanged
07-18 01:31:06.805  1316  1499 I chatty  : uid=1000(system) WifiStateMachin expire 2 lines
07-18 01:31:06.824  1316  1501 I chatty  : uid=1000(system) WifiScanningSer expire 1 line
07-18 01:31:10.509  1761  1914 I DeepNoDisturbP: handleStateChanged reason=8
07-18 01:31:10.517  1761  1914 I HidataAppQoeP: handleStateChanged reason=8
07-18 01:31:10.537  1761  1914 I PreDnsQuery: handleStateChanged reason=8
07-18 01:31:10.539  1761  1914 I PreDnsQuery: No need to handled!
07-18 01:31:10.539  1761  1914 I BrowserChrP: handleStateChanged
07-18 01:31:10.688   564   637 W SocketListener: sending broadcast to Pid = 1316, Uid = 1000 
07-18 01:31:10.690  1316  1492 I chatty  : uid=1000(system) NetdConnector expire 4 lines
07-18 01:31:10.693  1316  1348 I chatty  : uid=1000(system) android.fg expire 2 lines
07-18 01:31:15.844  1316  1505 I chatty  : uid=1000(system) ConnectivitySer expire 55 lines
07-18 01:31:18.369  1316  1458 I chatty  : uid=1000(system) UEventObserver expire 12 lines
07-18 01:31:19.018  1316  1710 I chatty  : uid=1000(system) watchdog expire 6 lines
07-18 01:31:29.837  1316  1316 I chatty  : uid=1000 system_server expire 11 lines
07-18 01:31:30.583  1761  1914 I DeepNoDisturbP: handleStateChanged reason=8
07-18 01:31:30.585  1761  1914 I HidataAppQoeP: handleStateChanged reason=8
07-18 01:31:30.594  1761  1914 I PreDnsQuery: handleStateChanged reason=8
07-18 01:31:30.596  1761  1914 I PreDnsQuery: No need to handled!
07-18 01:31:30.596  1761  1914 I BrowserChrP: handleStateChanged
07-18 01:31:34.605  1316  1326 I chatty  : uid=1000(system) Binder:1316_1 expire 18 lines
07-18 01:31:34.637  1316  1340 I chatty  : uid=1000(system) android.ui expire 16 lines
07-18 01:31:40.527   747   758 I storaged: storaged_t::event: storage_info refreshed.
07-18 01:31:50.594  1761  1914 I DeepNoDisturbP: handleStateChanged reason=8
07-18 01:31:50.605  1761  1914 I HidataAppQoeP: handleStateChanged reason=8
07-18 01:31:50.629  1761  1914 I PreDnsQuery: handleStateChanged reason=8
07-18 01:31:50.631  1761  1914 I PreDnsQuery: No need to handled!
07-18 01:31:50.631  1761  1914 I BrowserChrP: handleStateChanged
07-18 01:32:00.247  1316  2102 I chatty  : uid=1000(system) Binder:1316_8 expire 13 lines
07-18 01:32:04.244  1316  1505 I chatty  : uid=1000(system) ConnectivitySer expire 36 lines
07-18 01:32:04.497  1316  8485 I chatty  : uid=1000(system) Binder:1316_17 expire 6 lines
07-18 01:32:10.676  1761  1914 I DeepNoDisturbP: handleStateChanged reason=8
07-18 01:32:10.679  1761  1914 I HidataAppQoeP: handleStateChanged reason=8
07-18 01:32:10.689  1761  1914 I PreDnsQuery: handleStateChanged reason=8
07-18 01:32:10.691  1761  1914 I PreDnsQuery: No need to handled!
07-18 01:32:10.691  1761  1914 I BrowserChrP: handleStateChanged
07-18 01:32:12.078  1316  1593 I chatty  : uid=1000(system) Binder:1316_4 expire 7 lines
07-18 01:32:13.923  1316  1326 I chatty  : uid=1000(system) Binder:1316_1 expire 20 lines
07-18 01:32:19.806  1316  1458 I chatty  : uid=1000(system) UEventObserver expire 12 lines
07-18 01:32:30.727  1761  1914 I DeepNoDisturbP: handleStateChanged reason=8
07-18 01:32:30.730  1761  1914 I HidataAppQoeP: handleStateChanged reason=8
07-18 01:32:30.742  1761  1914 I PreDnsQuery: handleStateChanged reason=8
07-18 01:32:30.744  1761  1914 I PreDnsQuery: No need to handled!
07-18 01:32:30.744  1761  1914 I BrowserChrP: handleStateChanged
07-18 01:32:40.528   747   758 I storaged: storaged_t::event: storage_info refreshed.
07-18 01:32:48.340  1316  1745 I chatty  : uid=1000(system) HwBinder:1316_4 expire 2 lines
07-18 01:32:48.420  2003  5650 W ContextImpl: Calling a method in the system process without a qualified user: android.app.ContextImpl.sendBroadcast:1176 android.content.ContextWrapper.sendBroadcast:449 com.huawei.smartcharge.SmartChargeImpl.setValue:177 <bottom of call stack> <bottom of call stack> 
07-18 01:32:50.514  1316  1458 I chatty  : uid=1000(system) UEventObserver expire 12 lines
07-18 01:32:50.756  1761  1914 I DeepNoDisturbP: handleStateChanged reason=8
07-18 01:32:50.758  1761  1914 I HidataAppQoeP: handleStateChanged reason=8
07-18 01:32:50.766  1761  1914 I PreDnsQuery: handleStateChanged reason=8
07-18 01:32:50.767  1761  1914 I PreDnsQuery: No need to handled!
07-18 01:32:50.767  1761  1914 I BrowserChrP: handleStateChanged
07-18 01:33:00.119  1316 12512 I chatty  : uid=1000(system) Binder:1316_1F expire 10 lines
07-18 01:33:10.772  1761  1914 I DeepNoDisturbP: handleStateChanged reason=8
07-18 01:33:10.783  1761  1914 I HidataAppQoeP: handleStateChanged reason=8
07-18 01:33:10.802  1761  1914 I PreDnsQuery: handleStateChanged reason=8
07-18 01:33:10.804  1761  1914 I PreDnsQuery: No need to handled!
07-18 01:33:10.804  1761  1914 I BrowserChrP: handleStateChanged
07-18 01:33:15.193  1316  1340 I chatty  : uid=1000(system) android.ui expire 4 lines
07-18 01:33:30.820  1761  1914 I DeepNoDisturbP: handleStateChanged reason=8
07-18 01:33:30.831  1761  1914 I HidataAppQoeP: handleStateChanged reason=8
07-18 01:33:30.849  1761  1914 I PreDnsQuery: handleStateChanged reason=8
07-18 01:33:30.851  1761  1914 I PreDnsQuery: No need to handled!
07-18 01:33:30.851  1761  1914 I BrowserChrP: handleStateChanged
07-18 01:33:38.205  1316  1339 I chatty  : uid=1000(system) ActivityManager expire 1 line
07-18 01:33:38.245 15115 15178 D HwCustConnectivityManagerImpl: isBlockNetworkRequestByNonAis, INVALID_SUBSCRIPTION_ID
07-18 01:33:38.257  1316  2102 I chatty  : uid=1000(system) Binder:1316_8 expire 10 lines
07-18 01:33:38.262  1316  1316 I chatty  : uid=1000 system_server expire 10 lines
07-18 01:33:38.449  1316 10534 I chatty  : uid=1000(system) Binder:1316_18 expire 3 lines
07-18 01:33:40.530   747   758 I storaged: storaged_t::event: storage_info refreshed.
07-18 01:33:41.032  1316  1505 I chatty  : uid=1000(system) ConnectivitySer expire 39 lines
07-18 01:33:50.892  1761  1914 I DeepNoDisturbP: handleStateChanged reason=8
07-18 01:33:50.894  1761  1914 I HidataAppQoeP: handleStateChanged reason=8
07-18 01:33:50.900  1761  1914 I PreDnsQuery: handleStateChanged reason=8
07-18 01:33:50.901  1761  1914 I PreDnsQuery: No need to handled!
07-18 01:33:50.902  1761  1914 I BrowserChrP: handleStateChanged
07-18 01:33:51.976  1316  1458 I chatty  : uid=1000(system) UEventObserver expire 6 lines
07-18 01:33:54.899  1316  1499 I chatty  : uid=1000(system) WifiStateMachin expire 3 lines
07-18 01:34:05.282  1316  1505 I chatty  : uid=1000(system) ConnectivitySer expire 23 lines
07-18 01:34:05.357  1316  1501 I chatty  : uid=1000(system) WifiScanningSer expire 1 line
07-18 01:34:09.179   564   637 W SocketListener: sending broadcast to Pid = 1316, Uid = 1000 
07-18 01:34:09.182  1316  1492 I chatty  : uid=1000(system) NetdConnector expire 4 lines
07-18 01:34:09.186  1316  1348 I chatty  : uid=1000(system) android.fg expire 2 lines
07-18 01:34:10.949  1761  1914 I DeepNoDisturbP: handleStateChanged reason=8
07-18 01:34:10.952  1761  1914 I HidataAppQoeP: handleStateChanged reason=8
07-18 01:34:10.959  1761  1914 I PreDnsQuery: handleStateChanged reason=8
07-18 01:34:10.961  1761  1914 I PreDnsQuery: No need to handled!
07-18 01:34:10.961  1761  1914 I BrowserChrP: handleStateChanged
07-18 01:34:19.039  1316  1710 I chatty  : uid=1000(system) watchdog expire 2 lines
07-18 01:34:22.692  1316  1458 I chatty  : uid=1000(system) UEventObserver expire 6 lines
07-18 01:34:30.931  1316  7252 I chatty  : uid=1000(system) Binder:1316_15 expire 1 line
07-18 01:34:30.964  1761  1914 I DeepNoDisturbP: handleStateChanged reason=8
07-18 01:34:30.988  1761  1914 I HidataAppQoeP: handleStateChanged reason=8
07-18 01:34:31.008  1761  1914 I PreDnsQuery: handleStateChanged reason=8
07-18 01:34:31.009  1761  1914 I PreDnsQuery: No need to handled!
07-18 01:34:31.010  1761  1914 I BrowserChrP: handleStateChanged
07-18 01:34:34.778  1316  1505 I chatty  : uid=1000(system) ConnectivitySer expire 56 lines
07-18 01:34:35.851  1316 10971 I chatty  : uid=1000(system) Binder:1316_1B expire 10 lines
07-18 01:34:35.877  1316  1340 I chatty  : uid=1000(system) android.ui expire 20 lines
07-18 01:34:39.413  1316  1448 I chatty  : uid=1000(system) PackageInstalle expire 2 lines
07-18 01:34:39.435  1316  1368 I chatty  : uid=1000(system) PackageManager expire 15 lines
07-18 01:34:39.459  1316  1342 I chatty  : uid=1000(system) ActivityManager expire 5 lines
07-18 01:34:39.459  1316  1754 I chatty  : uid=1000(system) MultiTaskManage expire 5 lines
07-18 01:34:39.472 15852 15852 D ActivityThread: Attach thread to application
07-18 01:34:39.477  1316  1316 I chatty  : uid=1000 system_server expire 16 lines
07-18 01:34:39.831  1316 10534 I chatty  : uid=1000(system) Binder:1316_18 expire 1 line
07-18 01:34:40.177 13237 15872 W PackageParser: Unknown element under <manifest>: queries at /data/app/vmdl155599642.tmp/base.apk Binary XML file line #18
07-18 01:34:40.531   747   758 I storaged: storaged_t::event: storage_info refreshed.
07-18 01:34:44.692  1316  1339 I chatty  : uid=1000(system) ActivityManager expire 4 lines
07-18 01:34:44.714  1761 13986 I BoosterSwitchP: notifyUidState do nothing
07-18 01:34:44.714  1761 13986 I DeepNoDisturbP: notifyUidState
07-18 01:34:44.714  1761 13986 I BrowserChrP: notifyUidState
07-18 01:34:45.196  1316  1524 I chatty  : uid=1000(system) Thread-29 expire 1 line
07-18 01:34:45.267  1316  1336 I chatty  : uid=1000(system) android.bg expire 6 lines
07-18 01:34:45.433  1761  1914 I BoosterGameP: handleStateChanged reason=12
07-18 01:34:45.435  1761  1761 I HwKeystoreServiceImpl: package removed for update, packageName:com.anonymous.smartswapsmobile appId:10416
07-18 01:34:45.435  1761  1914 I BoosterVideoP: handleStateChanged reason=12
07-18 01:34:45.438  1761  1914 I BoosterSwitchP: handleStateChanged reason=12
07-18 01:34:45.442  1761  1914 I DeepNoDisturbP: handleStateChanged reason=12
07-18 01:34:45.445  1761  1914 I HidataAppQoeP: handleStateChanged reason=12
07-18 01:34:45.447  1761  1914 I PreDnsQuery: handleStateChanged reason=12
07-18 01:34:45.449  1761  1914 I PreDnsQuery: No need to handled!
07-18 01:34:45.450  1761  1914 I BrowserChrP: handleStateChanged
07-18 01:34:45.473  1761  1761 I PreDnsQuery: onReceive: intent = android.intent.action.PACKAGE_REMOVED
07-18 01:34:45.496  1761  1914 I BoosterGameP: handleStateChanged reason=12
07-18 01:34:45.503  1761  1914 I BoosterVideoP: handleStateChanged reason=12
07-18 01:34:45.504  1761  1761 I PreDnsQuery: onReceive: intent = android.intent.action.PACKAGE_ADDED
07-18 01:34:45.508  1761  1914 I BoosterSwitchP: handleStateChanged reason=12
07-18 01:34:45.511  1761  1914 I DeepNoDisturbP: handleStateChanged reason=12
07-18 01:34:45.513  1761  1914 I HidataAppQoeP: handleStateChanged reason=12
07-18 01:34:45.514  1761  1914 I PreDnsQuery: handleStateChanged reason=12
07-18 01:34:45.516  1761  1914 I PreDnsQuery: No need to handled!
07-18 01:34:45.516  1761  1914 I BrowserChrP: handleStateChanged
07-18 01:34:45.839  1316  2413 I chatty  : uid=1000(system) Binder:1316_F expire 1 line
07-18 01:34:45.840  1316  1326 I chatty  : uid=1000(system) Binder:1316_1 expire 6 lines
07-18 01:34:45.858  1316  8485 I chatty  : uid=1000(system) Binder:1316_17 expire 3 lines
07-18 01:34:45.880  1316  1593 I chatty  : uid=1000(system) Binder:1316_4 expire 5 lines
07-18 01:34:45.904  1316 12512 I chatty  : uid=1000(system) Binder:1316_1F expire 1 line
07-18 01:34:45.962  1316 11681 I chatty  : uid=1000(system) Binder:1316_1D expire 2 lines
07-18 01:34:46.027 15922 15922 D ActivityThread: Attach thread to application
07-18 01:34:46.064  1316 11355 I chatty  : uid=1000(system) Binder:1316_1C expire 9 lines
07-18 01:34:46.075 15944 15944 D ActivityThread: Attach thread to application
07-18 01:34:46.112  1316 10965 I chatty  : uid=1000(system) Binder:1316_1A expire 9 lines
07-18 01:34:46.140  1316  1337 I chatty  : uid=1000(system) HwActivityManag expire 4 lines
07-18 01:34:46.148  1316  2102 I chatty  : uid=1000(system) Binder:1316_8 expire 6 lines
07-18 01:34:46.174 15983 15983 D ActivityThread: Attach thread to application
07-18 01:34:46.189  2003 31610 W ContextImpl: Calling a method in the system process without a qualified user: android.app.ContextImpl.startService:1764 android.content.ContextWrapper.startService:664 com.huawei.systemmanager.spacecleanner.receiver.SpaceCleanReceiver.checkRarelyUsedApp:98 com.huawei.systemmanager.spacecleanner.receiver.SpaceCleanReceiver.doInBackground:46 java.lang.reflect.Method.invoke:-2 
07-18 01:34:46.190  2003  3365 W ContextImpl: Calling a method in the system process without a qualified user: android.app.ContextImpl.startService:1764 android.content.ContextWrapper.startService:664 com.huawei.systemmanager.spacecleanner.receiver.SpaceCleanReceiver.checkRarelyUsedApp:98 com.huawei.systemmanager.spacecleanner.receiver.SpaceCleanReceiver.doInBackground:46 java.lang.reflect.Method.invoke:-2 
07-18 01:34:46.226 16007 16007 D ActivityThread: Attach thread to application
07-18 01:34:46.236  1316  1351 I chatty  : uid=1000(system) HwGameAssistant expire 1 line
07-18 01:34:46.239  1761  2203 I BoosterSwitchP: notifyUidState do nothing
07-18 01:34:46.239  1761  2203 I DeepNoDisturbP: notifyUidState
07-18 01:34:46.239  1761  2203 I BrowserChrP: notifyUidState
07-18 01:34:46.241 15408 16038 I HwNetworkPolicyManager: getHwUidPolicy uid = 10416 policy = 0
07-18 01:34:46.244  2003  2490 I HwNetworkPolicyManager: getHwUidPolicy uid = 10416 policy = 0
07-18 01:34:46.292  1316  1450 I chatty  : uid=1000(system) android.anim expire 17 lines
07-18 01:34:46.298  1316 16048 I chatty  : uid=1000 system_server expire 1 line
07-18 01:34:46.406 15408 15994 I HwNetworkPolicyManager: getHwUidPolicy uid = 10094 policy = 0
07-18 01:34:46.712  1316 10971 I chatty  : uid=1000(system) Binder:1316_1B expire 5 lines
07-18 01:34:46.989  5656  5656 W ContextImpl: Calling a method in the system process without a qualified user: android.app.ContextImpl.startService:1764 android.content.ContextWrapper.startService:664 android.content.ContextWrapper.startService:664 com.android.settings.applications.BlackListReceiver.onReceive:41 android.app.ActivityThread.handleReceiver:3996 
07-18 01:34:48.870 16007 16007 V ActivityThread: Skipping new config:{1.0 ?mcc?mnc [en_DE,de_DE] ldltr sw360dp w360dp h616dp 480dpi nrml long port finger -keyb/v/h -nav/h winConfig={ mBounds=Rect(0, 0 - 0, 0) mAppBounds=Rect(0, 0 - 1080, 1920) mWindowingMode=fullscreen mActivityType=undefined} nonFullScreen=0 suim:4 s.23}, config:{1.0 ?mcc?mnc [en_DE,de_DE] ldltr sw360dp w360dp h616dp 480dpi nrml long port finger -keyb/v/h -nav/h winConfig={ mBounds=Rect(0, 0 - 0, 0) mAppBounds=Rect(0, 0 - 1080, 1920) mWindowingMode=fullscreen mActivityType=undefined} nonFullScreen=0 suim:4 s.23} for app:com.anonymous.smartswapsmobile
07-18 01:34:48.948 16007 16007 V ActivityThread: callActivityOnCreate
07-18 01:34:49.058 16007 16007 D ActivityThread: add activity client record, r= ActivityRecord{93509b7 token=android.os.BinderProxy@a46d039 {com.anonymous.smartswapsmobile/com.anonymous.smartswapsmobile.MainActivity}} token= android.os.BinderProxy@a46d039
07-18 01:34:49.085  1761  4080 I HidataAppQoeP: foregroundUidAdd uid: 10416 name: com.anonymous.smartswapsmobile activity state: true
07-18 01:34:49.099  1316  1340 I chatty  : uid=1000(system) android.ui expire 5 lines
07-18 01:34:49.104  1612  1634 I CommandQueue: updateBarBgColor
07-18 01:34:49.104  1612  1634 D CommandQueue: CommandQueue, setBarBackgroundColor
07-18 01:34:49.156  1316  1350 I chatty  : uid=1000(system) android.display expire 2 lines
07-18 01:34:49.160  1316  1340 I chatty  : uid=1000(system) android.ui expire 11 lines
07-18 01:34:49.202  1316 11355 I chatty  : uid=1000(system) Binder:1316_1C expire 17 lines
07-18 01:34:49.203  1316  1450 I chatty  : uid=1000(system) android.anim expire 23 lines
07-18 01:34:49.205  1316  1336 I chatty  : uid=1000(system) android.bg expire 1 line
07-18 01:34:49.206  1761  4242 I BoosterSwitchP: notifyUidState do nothing
07-18 01:34:49.206  1761  4242 I DeepNoDisturbP: notifyUidState
07-18 01:34:49.206  1761  4242 I BrowserChrP: notifyUidState
07-18 01:34:49.224  1316  1505 I chatty  : uid=1000(system) ConnectivitySer expire 6 lines
07-18 01:34:49.255  1316 10971 I chatty  : uid=1000(system) Binder:1316_1B expire 20 lines
07-18 01:34:49.256  1316  1339 I chatty  : uid=1000(system) ActivityManager expire 8 lines
07-18 01:34:49.290  1316  1342 I chatty  : uid=1000(system) ActivityManager expire 2 lines
07-18 01:34:49.291  1316  1754 I chatty  : uid=1000(system) MultiTaskManage expire 2 lines
07-18 01:34:49.300 16167 16167 D ActivityThread: Attach thread to application
07-18 01:34:49.897  8503  8503 W ContextImpl: Calling a method in the system process without a qualified user: android.app.ContextImpl.startService:1764 android.content.ContextWrapper.startService:664 android.content.ContextWrapper.startService:664 com.huawei.systemmanager.antivirus.utils.AntiVirusTools.deleteVirusApk:740 com.huawei.systemmanager.antivirus.AntiVirusReceiver.handlerPackageRemoved:58 
07-18 01:34:50.552  5656  5656 W ContextImpl: Calling a method in the system process without a qualified user: android.app.ContextImpl.startService:1764 android.content.ContextWrapper.startService:664 android.content.ContextWrapper.startService:664 com.android.settings.applications.BlackListReceiver.onReceive:41 android.app.ActivityThread.handleReceiver:3996 
07-18 01:34:50.836  1316  1593 I chatty  : uid=1000(system) Binder:1316_4 expire 3 lines
07-18 01:34:50.906  8503  8503 W ContextImpl: Calling a method in the system process without a qualified user: android.app.ContextImpl.startService:1764 android.content.ContextWrapper.startService:664 android.content.ContextWrapper.startService:664 com.huawei.systemmanager.antivirus.utils.AntiVirusTools.checkVirusForNewInstalledApk:728 com.huawei.systemmanager.antivirus.AntiVirusReceiver.onReceive:42 
07-18 01:34:50.910  2003  2003 W ContextImpl: Calling a method in the system process without a qualified user: android.app.ContextImpl.startService:1764 android.content.ContextWrapper.startService:664 com.huawei.systemmanager.antivirus.AntiVirusService.handleInstalledApkCheck:391 com.huawei.systemmanager.antivirus.AntiVirusService.onStartCommand:292 android.app.ActivityThread.handleServiceArgs:4298 
07-18 01:34:50.911  1316  2102 I chatty  : uid=1000(system) Binder:1316_8 expire 2 lines
07-18 01:34:50.966 16219 16219 D ActivityThread: Attach thread to application
07-18 01:34:51.000  1316 12512 I chatty  : uid=1000(system) Binder:1316_1F expire 1 line
07-18 01:34:51.054  1761  1914 I DeepNoDisturbP: handleStateChanged reason=8
07-18 01:34:51.057  1761  1914 I HidataAppQoeP: handleStateChanged reason=8
07-18 01:34:51.065  1761  1914 I PreDnsQuery: handleStateChanged reason=8
07-18 01:34:51.067  1761  1914 I PreDnsQuery: No need to handled!
07-18 01:34:51.067  1761  1914 I BrowserChrP: handleStateChanged
07-18 01:34:51.201  1316  8485 I chatty  : uid=1000(system) Binder:1316_17 expire 12 lines
07-18 01:34:51.207  1761  2203 I BoosterSwitchP: notifyUidState do nothing
07-18 01:34:51.207  1761  2203 I DeepNoDisturbP: notifyUidState
07-18 01:34:51.207  1761  2203 I BrowserChrP: notifyUidState
07-18 01:34:51.234 16219 16219 W ContextImpl: Calling a method in the system process without a qualified user: android.app.ContextImpl.bindService:1844 android.content.ContextWrapper.bindService:698 com.huawei.library.stat.client.HsmStatProxy.bindService:276 com.huawei.library.stat.client.HsmStatProxy.access$000:34 com.huawei.library.stat.client.HsmStatProxy$1.handleMessage:67 
07-18 01:34:51.259  1316 10965 I chatty  : uid=1000(system) Binder:1316_1A expire 15 lines
07-18 01:34:51.263  5656  5656 W ContextImpl: Calling a method in the system process without a qualified user: android.app.ContextImpl.startService:1764 android.content.ContextWrapper.startService:664 android.content.ContextWrapper.startService:664 com.android.settings.applications.BlackListReceiver.onReceive:41 android.app.ActivityThread.handleReceiver:3996 
07-18 01:34:51.344 16219 16259 W ContextImpl: Calling a method in the system process without a qualified user: android.app.ContextImpl.sendBroadcast:1155 android.content.ContextWrapper.sendBroadcast:444 com.avast.android.sdk.engine.obfuscated.ek.run:85 <bottom of call stack> <bottom of call stack> 
07-18 01:34:51.487  1316  4337 I chatty  : uid=1000(system) backup expire 2 lines
07-18 01:34:51.704  1316  1524 I chatty  : uid=1000(system) Thread-29 expire 2 lines
07-18 01:34:51.818 16219 16249 W ActivityThread: ClassLoader.getResources: The class loader returned by Thread.getContextClassLoader() may fail for processes that host multiple applications. You should explicitly specify a context class loader. For example: Thread.setContextClassLoader(getClass().getClassLoader());
07-18 01:34:53.399  1316  1458 I chatty  : uid=1000(system) UEventObserver expire 6 lines
07-18 01:34:53.407  1316  1745 I chatty  : uid=1000(system) HwBinder:1316_4 expire 1 line
07-18 01:34:53.776  7554  8455 W PackageParser: Unknown element under <manifest>: queries at /data/app/com.anonymous.smartswapsmobile-3vppE9_pBIDbed605Pefyg==/base.apk Binary XML file line #18
07-18 01:34:56.339  1316 11681 I chatty  : uid=1000(system) Binder:1316_1D expire 10 lines
07-18 01:34:56.702  1316  8413 I chatty  : uid=1000(system) Binder:1316_16 expire 13 lines
07-18 01:34:57.109  1316  1326 I chatty  : uid=1000(system) Binder:1316_1 expire 1 line
07-18 01:34:58.906  1316  1499 I chatty  : uid=1000(system) WifiStateMachin expire 1 line
07-18 01:35:00.006  1316  1316 I chatty  : uid=1000 system_server expire 2 lines
07-18 01:35:04.348  1316  1337 I chatty  : uid=1000(system) HwActivityManag expire 6 lines
07-18 01:35:04.367  1316 16317 I chatty  : uid=1000 system_server expire 1 line
07-18 01:35:04.398 16007 16007 V ActivityThread: Skipping new config:{1.0 ?mcc?mnc [en_DE,de_DE] ldltr sw360dp w360dp h616dp 480dpi nrml long port finger -keyb/v/h -nav/h winConfig={ mBounds=Rect(0, 0 - 0, 0) mAppBounds=Rect(0, 0 - 1080, 1920) mWindowingMode=fullscreen mActivityType=undefined} nonFullScreen=0 suim:4 s.23}, config:{1.0 ?mcc?mnc [en_DE,de_DE] ldltr sw360dp w360dp h616dp 480dpi nrml long port finger -keyb/v/h -nav/h winConfig={ mBounds=Rect(0, 0 - 0, 0) mAppBounds=Rect(0, 0 - 1080, 1920) mWindowingMode=fullscreen mActivityType=undefined} nonFullScreen=0 suim:4 s.23} for app:com.anonymous.smartswapsmobile
07-18 01:35:04.399  1761  8872 I BoosterSwitchP: notifyUidState do nothing
07-18 01:35:04.399  1761  8872 I DeepNoDisturbP: notifyUidState
07-18 01:35:04.399  1761  8872 I BrowserChrP: notifyUidState
07-18 01:35:04.411  1316  1340 I chatty  : uid=1000(system) android.ui expire 32 lines
07-18 01:35:04.434 16007 16007 V ActivityThread: callActivityOnCreate
07-18 01:35:04.497 16007 16007 D ActivityThread: add activity client record, r= ActivityRecord{25aad7c token=android.os.BinderProxy@3e96aa1 {com.anonymous.smartswapsmobile/com.anonymous.smartswapsmobile.MainActivity}} token= android.os.BinderProxy@3e96aa1
07-18 01:35:04.510  1316 10965 I chatty  : uid=1000(system) Binder:1316_1A expire 12 lines
07-18 01:35:05.429 16007 16007 D ActivityThread: Remove activity client record, r= ActivityRecord{93509b7 token=android.os.BinderProxy@a46d039 {com.anonymous.smartswapsmobile/com.anonymous.smartswapsmobile.MainActivity}} token= android.os.BinderProxy@a46d039
07-18 01:35:05.842   564   638 W SocketListener: sending broadcast to Pid = 1316, Uid = 1000 
07-18 01:35:05.844  1316  1492 I chatty  : uid=1000(system) NetdConnector expire 8 lines
07-18 01:35:05.850  1316  1348 I chatty  : uid=1000(system) android.fg expire 4 lines
07-18 01:35:05.861  1316  1495 I chatty  : uid=1000(system) NetworkStats expire 10 lines
07-18 01:35:07.733  1316 10971 I chatty  : uid=1000(system) Binder:1316_1B expire 4 lines
07-18 01:35:08.112 16007 16322 E AndroidRuntime: FATAL EXCEPTION: pool-1-thread-1
07-18 01:35:08.112 16007 16322 E AndroidRuntime: Process: com.anonymous.smartswapsmobile, PID: 16007
07-18 01:35:08.112 16007 16322 E AndroidRuntime: java.lang.NoSuchMethodError: No static method getDirectConverter(Ljava/lang/Class;)Lexpo/modules/kotlin/types/JSTypeConverter; in class Lexpo/modules/kotlin/types/ReturnTypeKt; or its super classes (declaration of 'expo.modules.kotlin.types.ReturnTypeKt' appears in /data/app/com.anonymous.smartswapsmobile-3vppE9_pBIDbed605Pefyg==/base.apk!classes2.dex)
07-18 01:35:08.112 16007 16322 E AndroidRuntime: 	at expo.modules.font.FontLoaderModule.definition(FontLoaderModule.kt:98)
07-18 01:35:08.112 16007 16322 E AndroidRuntime: 	at expo.modules.kotlin.ModuleHolder.<init>(ModuleHolder.kt:22)
07-18 01:35:08.112 16007 16322 E AndroidRuntime: 	at expo.modules.kotlin.ModuleRegistry.register(ModuleRegistry.kt:27)
07-18 01:35:08.112 16007 16322 E AndroidRuntime: 	at expo.modules.kotlin.ModuleRegistry.register(ModuleRegistry.kt:47)
07-18 01:35:08.112 16007 16322 E AndroidRuntime: 	at expo.modules.kotlin.AppContext.<init>(AppContext.kt:120)
07-18 01:35:08.112 16007 16322 E AndroidRuntime: 	at expo.modules.kotlin.KotlinInteropModuleRegistry.<init>(KotlinInteropModuleRegistry.kt:23)
07-18 01:35:08.112 16007 16322 E AndroidRuntime: 	at expo.modules.adapters.react.NativeModulesProxy.<init>(NativeModulesProxy.java:45)
07-18 01:35:08.112 16007 16322 E AndroidRuntime: 	at expo.modules.adapters.react.ModuleRegistryAdapter.getOrCreateNativeModulesProxy(ModuleRegistryAdapter.java:135)
07-18 01:35:08.112 16007 16322 E AndroidRuntime: 	at expo.modules.adapters.react.ModuleRegistryAdapter.createNativeModules(ModuleRegistryAdapter.java:64)
07-18 01:35:08.112 16007 16322 E AndroidRuntime: 	at expo.modules.ExpoModulesPackage.createNativeModules(ExpoModulesPackage.kt:35)
07-18 01:35:08.112 16007 16322 E AndroidRuntime: 	at com.facebook.react.ReactPackageTurboModuleManagerDelegate.initialize(ReactPackageTurboModuleManagerDelegate.kt:87)
07-18 01:35:08.112 16007 16322 E AndroidRuntime: 	at com.facebook.react.ReactPackageTurboModuleManagerDelegate.<init>(ReactPackageTurboModuleManagerDelegate.kt:45)
07-18 01:35:08.112 16007 16322 E AndroidRuntime: 	at com.facebook.react.defaults.DefaultTurboModuleManagerDelegate.<init>(DefaultTurboModuleManagerDelegate.kt:35)
07-18 01:35:08.112 16007 16322 E AndroidRuntime: 	at com.facebook.react.defaults.DefaultTurboModuleManagerDelegate.<init>(Unknown Source:0)
07-18 01:35:08.112 16007 16322 E AndroidRuntime: 	at com.facebook.react.defaults.DefaultTurboModuleManagerDelegate$Builder.build(DefaultTurboModuleManagerDelegate.kt:62)
07-18 01:35:08.112 16007 16322 E AndroidRuntime: 	at com.facebook.react.defaults.DefaultTurboModuleManagerDelegate$Builder.build(DefaultTurboModuleManagerDelegate.kt:42)
07-18 01:35:08.112 16007 16322 E AndroidRuntime: 	at com.facebook.react.ReactPackageTurboModuleManagerDelegate$Builder.build(ReactPackageTurboModuleManagerDelegate.kt:241)
07-18 01:35:08.112 16007 16322 E AndroidRuntime: 	at com.facebook.react.runtime.ReactInstance.<init>(ReactInstance.kt:168)
07-18 01:35:08.112 16007 16322 E AndroidRuntime: 	at com.facebook.react.runtime.ReactHostImpl.getOrCreateReactInstanceTask$lambda$41$lambda$38(ReactHostImpl.kt:920)
07-18 01:35:08.112 16007 16322 E AndroidRuntime: 	at com.facebook.react.runtime.ReactHostImpl.$r8$lambda$LQY77bFECGrnkUqd7Ku55sJ721A(Unknown Source:0)
07-18 01:35:08.112 16007 16322 E AndroidRuntime: 	at com.facebook.react.runtime.ReactHostImpl$$ExternalSyntheticLambda22.then(D8$$SyntheticClass:0)
07-18 01:35:08.112 16007 16322 E AndroidRuntime: 	at com.facebook.react.runtime.internal.bolts.Task$Companion.completeImmediately$lambda$3(Task.kt:356)
07-18 01:35:08.112 16007 16322 E AndroidRuntime: 	at com.facebook.react.runtime.internal.bolts.Task$Companion.$r8$lambda$b7MTC0ufkn_2TjF4BGcNqGR9qK0(Unknown Source:0)
07-18 01:35:08.112 16007 16322 E AndroidRuntime: 	at com.facebook.react.runtime.internal.bolts.Task$Companion$$ExternalSyntheticLambda3.run(D8$$SyntheticClass:0)
07-18 01:35:08.112 16007 16322 E AndroidRuntime: 	at com.facebook.react.runtime.internal.bolts.Executors$ImmediateExecutor.execute(Executors.kt:41)
07-18 01:35:08.112 16007 16322 E AndroidRuntime: 	at com.facebook.react.runtime.internal.bolts.Task$Companion.completeImmediately(Task.kt:354)
07-18 01:35:08.112 16007 16322 E AndroidRuntime: 	at com.facebook.react.runtime.internal.bolts.Task$Companion.access$completeImmediately(Task.kt:250)
