07-17 23:56:11.189  1316 10534 I chatty  : uid=1000(system) Binder:1316_18 expire 6 lines
07-17 23:56:19.129  1316  3111 I chatty  : uid=1000(system) Binder:1316_10 expire 3 lines
07-17 23:56:19.153  1761  1774 I BoosterSwitchP: notifyUidState do nothing
07-17 23:56:19.153  1761  1774 I DeepNoDisturbP: notifyUidState
07-17 23:56:19.153  1761  1774 I BrowserChrP: notifyUidState
07-17 23:56:19.217  1316 12027 I chatty  : uid=1000(system) Binder:1316_1E expire 4 lines
07-17 23:56:19.220  1316  1316 I chatty  : uid=1000 system_server expire 1 line
07-17 23:56:19.319  1316  1505 I chatty  : uid=1000(system) ConnectivitySer expire 39 lines
07-17 23:56:19.339  3995  4110 D HwCustConnectivityManagerImpl: isBlockNetworkRequestByNonAis, INVALID_SUBSCRIPTION_ID
07-17 23:56:19.386  1316 12027 I chatty  : uid=1000(system) Binder:1316_1E expire 5 lines
07-17 23:56:19.651  1316  1524 I chatty  : uid=1000(system) Thread-29 expire 10 lines
07-17 23:56:19.845  1316  3111 I chatty  : uid=1000(system) Binder:1316_10 expire 2 lines
07-17 23:56:19.885  1316  2410 I chatty  : uid=1000(system) Binder:1316_C expire 2 lines
07-17 23:56:19.892  1761  7842 I BoosterSwitchP: notifyUidState do nothing
07-17 23:56:19.892  1761  7842 I DeepNoDisturbP: notifyUidState
07-17 23:56:19.892  1761  7842 I BrowserChrP: notifyUidState
07-17 23:56:20.581  1316  2409 I chatty  : uid=1000(system) Binder:1316_B expire 10 lines
07-17 23:56:20.584  1761  7842 I BoosterSwitchP: notifyUidState do nothing
07-17 23:56:20.584  1761  7842 I DeepNoDisturbP: notifyUidState
07-17 23:56:20.584  1761  7842 I BrowserChrP: notifyUidState
07-17 23:56:20.843  1761  1774 I BoosterSwitchP: notifyUidState do nothing
07-17 23:56:20.843  1761  1774 I DeepNoDisturbP: notifyUidState
07-17 23:56:20.843  1761  1774 I BrowserChrP: notifyUidState
07-17 23:56:21.025  1316 10534 I chatty  : uid=1000(system) Binder:1316_18 expire 16 lines
07-17 23:56:25.114  1316  3531 I chatty  : uid=1000(system) Binder:1316_11 expire 5 lines
07-17 23:56:25.115  1316  1316 I chatty  : uid=1000 system_server expire 13 lines
07-17 23:56:25.651  1316  1342 I chatty  : uid=1000(system) ActivityManager expire 3 lines
07-17 23:56:25.651  1316  1754 I chatty  : uid=1000(system) MultiTaskManage expire 3 lines
07-17 23:56:25.669  4344  4344 D ActivityThread: Attach thread to application
07-17 23:56:25.722  1761  1774 I BoosterSwitchP: notifyUidState do nothing
07-17 23:56:25.722  1761  1774 I DeepNoDisturbP: notifyUidState
07-17 23:56:25.722  1761  1774 I BrowserChrP: notifyUidState
07-17 23:56:26.589  1316  1506 I chatty  : uid=1000(system) ConnectivityThr expire 3 lines
07-17 23:56:27.122  1316  1339 I chatty  : uid=1000(system) ActivityManager expire 4 lines
07-17 23:56:27.163   747   758 I storaged: storaged_t::event: storage_info refreshed.
07-17 23:56:37.857  1761  1774 I BoosterSwitchP: notifyUidState do nothing
07-17 23:56:37.857  1761  1774 I DeepNoDisturbP: notifyUidState
07-17 23:56:37.858  1761  1774 I BrowserChrP: notifyUidState
07-17 23:56:38.804  1316  1710 I chatty  : uid=1000(system) watchdog expire 2 lines
07-17 23:56:38.972  4411  4411 D ActivityThread: Attach thread to application
07-17 23:56:38.989  1316 10534 I chatty  : uid=1000(system) Binder:1316_18 expire 4 lines
07-17 23:56:39.031  1316  1505 I chatty  : uid=1000(system) ConnectivitySer expire 67 lines
07-17 23:56:39.037  1761  1773 I BoosterSwitchP: notifyUidState do nothing
07-17 23:56:39.037  1761  1773 I DeepNoDisturbP: notifyUidState
07-17 23:56:39.037  1761  1773 I BrowserChrP: notifyUidState
07-17 23:56:39.573  1316  1593 I chatty  : uid=1000(system) Binder:1316_4 expire 13 lines
07-17 23:56:39.795  1316 11355 I chatty  : uid=1000(system) Binder:1316_1C expire 11 lines
07-17 23:56:40.116  4482  4482 D ActivityThread: Attach thread to application
07-17 23:56:40.163   564   636 W SocketListener: sending broadcast to Pid = 1316, Uid = 1000 
07-17 23:56:40.165  1316  1492 I chatty  : uid=1000(system) NetdConnector expire 10 lines
07-17 23:56:40.166  1316  1348 I chatty  : uid=1000(system) android.fg expire 10 lines
07-17 23:56:40.192   564   636 W SocketListener: sending broadcast to Pid = 1316, Uid = 1000 
07-17 23:56:40.461  4482  4482 D HwCustConnectivityManagerImpl: isBlockNetworkRequestByNonAis, INVALID_SUBSCRIPTION_ID
07-17 23:56:40.755  4411  4411 W PackageParser: Unknown element under <manifest>: queries at /data/app/com.huawei.health-jKLHBd2VyqeYWyPIgrHrnw==/base.apk Binary XML file line #0
07-17 23:56:40.755  4411  4411 W PackageParser: Unknown element under <manifest>: meta-data at /data/app/com.huawei.health-jKLHBd2VyqeYWyPIgrHrnw==/base.apk Binary XML file line #0
07-17 23:56:40.826  4411  4411 W PackageParser: No actions in intent filter at /data/app/com.huawei.health-jKLHBd2VyqeYWyPIgrHrnw==/base.apk Binary XML file line #0
07-17 23:56:40.826  4411  4411 W PackageParser: No actions in intent filter at /data/app/com.huawei.health-jKLHBd2VyqeYWyPIgrHrnw==/base.apk Binary XML file line #0
07-17 23:56:40.833  4411  4411 W PackageParser: Unknown element under <application>: uses-native-library at /data/app/com.huawei.health-jKLHBd2VyqeYWyPIgrHrnw==/base.apk Binary XML file line #0
07-17 23:56:40.833  4411  4411 I chatty  : uid=10112(com.huawei.health) identical 4 lines
07-17 23:56:40.833  4411  4411 W PackageParser: Unknown element under <application>: uses-native-library at /data/app/com.huawei.health-jKLHBd2VyqeYWyPIgrHrnw==/base.apk Binary XML file line #0
07-17 23:56:41.418  4411  4411 D HwCustConnectivityManagerImpl: isBlockNetworkRequestByNonAis, INVALID_SUBSCRIPTION_ID
07-17 23:56:41.941  1316 12512 I chatty  : uid=1000(system) Binder:1316_1F expire 4 lines
07-17 23:56:42.001  1761  1773 I BoosterSwitchP: notifyUidState do nothing
07-17 23:56:42.001  1761  1773 I DeepNoDisturbP: notifyUidState
07-17 23:56:42.001  1761  1773 I BrowserChrP: notifyUidState
07-17 23:56:43.585  1761  1773 I BoosterSwitchP: notifyUidState do nothing
07-17 23:56:43.586  1761  1773 I DeepNoDisturbP: notifyUidState
07-17 23:56:43.586  1761  1773 I BrowserChrP: notifyUidState
07-17 23:57:09.494   564   636 W SocketListener: sending broadcast to Pid = 1316, Uid = 1000 
07-17 23:57:10.705   564   636 W SocketListener: sending broadcast to Pid = 1316, Uid = 1000 
07-17 23:57:59.495   564   636 W SocketListener: sending broadcast to Pid = 1316, Uid = 1000 
07-17 23:57:59.521   564   636 W SocketListener: sending broadcast to Pid = 1316, Uid = 1000 
07-17 23:57:59.523  1316  1492 I chatty  : uid=1000(system) NetdConnector expire 10 lines
07-17 23:58:20.500   564   636 W SocketListener: sending broadcast to Pid = 1316, Uid = 1000 
07-17 23:58:20.556   564   636 W SocketListener: sending broadcast to Pid = 1316, Uid = 1000 
07-17 23:58:20.574  1316  1346 I chatty  : uid=1000(system) batterystats-wo expire 2 lines
07-17 23:59:18.496   564   636 W SocketListener: sending broadcast to Pid = 1316, Uid = 1000 
07-17 23:59:18.522  1316  1316 I chatty  : uid=1000 system_server expire 10 lines
07-17 23:59:18.645   564   636 W SocketListener: sending broadcast to Pid = 1316, Uid = 1000 
07-17 23:59:28.334  1761  1773 I BoosterSwitchP: notifyUidState do nothing
07-17 23:59:28.334  1761  1773 I DeepNoDisturbP: notifyUidState
07-17 23:59:28.334  1761  1773 I BrowserChrP: notifyUidState
07-17 23:59:41.397  1316  2716 I chatty  : uid=1000 system_server expire 1 line
07-17 23:59:42.863  1316  1593 I chatty  : uid=1000(system) Binder:1316_4 expire 11 lines
07-18 00:00:16.496   564   636 W SocketListener: sending broadcast to Pid = 1316, Uid = 1000 
07-18 00:00:16.497  1316  1492 I chatty  : uid=1000(system) NetdConnector expire 10 lines
07-18 00:00:16.500  1316  1348 I chatty  : uid=1000(system) android.fg expire 11 lines
07-18 00:00:16.502   747   758 I storaged: storaged_t::event: storage_info refreshed.
07-18 00:00:20.233  1316  1505 I chatty  : uid=1000(system) ConnectivitySer expire 6 lines
07-18 00:00:20.235  1316  1506 I chatty  : uid=1000(system) ConnectivityThr expire 3 lines
07-18 00:00:42.488   564   636 W SocketListener: sending broadcast to Pid = 1316, Uid = 1000 
07-18 00:00:42.499   564   636 W SocketListener: sending broadcast to Pid = 1316, Uid = 1000 
07-18 00:00:42.505   564   636 W SocketListener: sending broadcast to Pid = 1316, Uid = 1000 
07-18 00:00:42.520  1316  1346 I chatty  : uid=1000(system) batterystats-wo expire 1 line
07-18 00:01:29.496   564   636 W SocketListener: sending broadcast to Pid = 1316, Uid = 1000 
07-18 00:01:29.550  1316  1316 I chatty  : uid=1000 system_server expire 27 lines
07-18 00:01:29.907  1316  1342 I chatty  : uid=1000(system) ActivityManager expire 6 lines
07-18 00:01:29.908  1316  1754 I chatty  : uid=1000(system) MultiTaskManage expire 6 lines
07-18 00:01:29.927  4765  4765 D ActivityThread: Attach thread to application
07-18 00:01:30.502  1316  1710 I chatty  : uid=1000(system) watchdog expire 1 line
07-18 00:01:30.528  1316 11681 I chatty  : uid=1000(system) Binder:1316_1D expire 4 lines
07-18 00:01:30.537  4804  4804 D ActivityThread: Attach thread to application
07-18 00:01:30.652  1316  1339 I chatty  : uid=1000(system) ActivityManager expire 4 lines
07-18 00:01:30.663  1316  1340 I chatty  : uid=1000(system) android.ui expire 2 lines
07-18 00:01:30.679  1316  2224 I chatty  : uid=1000(system) Binder:1316_9 expire 6 lines
07-18 00:01:30.682  1316 10965 I chatty  : uid=1000(system) Binder:1316_1A expire 1 line
07-18 00:01:30.713  1316  1327 I chatty  : uid=1000(system) Binder:1316_2 expire 4 lines
07-18 00:01:30.761  1316  2409 I chatty  : uid=1000(system) Binder:1316_B expire 9 lines
07-18 00:01:30.762  1316  3531 I chatty  : uid=1000(system) Binder:1316_11 expire 1 line
07-18 00:01:30.804  1316  1492 I chatty  : uid=1000(system) NetdConnector expire 10 lines
07-18 00:01:30.826  1761  1774 I BoosterSwitchP: notifyUidState do nothing
07-18 00:01:30.826  1761  1774 I DeepNoDisturbP: notifyUidState
07-18 00:01:30.826  1761  1774 I BrowserChrP: notifyUidState
07-18 00:01:30.844  1316  2412 I chatty  : uid=1000(system) Binder:1316_E expire 2 lines
07-18 00:01:31.268  1316  1524 I chatty  : uid=1000(system) Thread-29 expire 1 line
07-18 00:01:31.679  1316  2102 I chatty  : uid=1000(system) Binder:1316_8 expire 7 lines
07-18 00:03:19.680  1316  7252 I chatty  : uid=1000(system) Binder:1316_15 expire 6 lines
07-18 00:03:19.775   564   636 W SocketListener: sending broadcast to Pid = 1316, Uid = 1000 
07-18 00:03:19.821  1316  2088 I chatty  : uid=1000(system) Binder:1316_7 expire 6 lines
07-18 00:03:43.489   564   636 W SocketListener: sending broadcast to Pid = 1316, Uid = 1000 
07-18 00:03:43.489   564   636 W SocketListener: sending broadcast to Pid = 1316, Uid = 1000 
07-18 00:03:43.598  1316 12513 I chatty  : uid=1000(system) Binder:1316_20 expire 2 lines
07-18 00:03:43.641  4847  4847 D ActivityThread: Attach thread to application
07-18 00:03:43.650  1316  1316 I chatty  : uid=1000 system_server expire 19 lines
07-18 00:03:43.689  4863  4863 D ActivityThread: Attach thread to application
07-18 00:05:33.495   564   636 W SocketListener: sending broadcast to Pid = 1316, Uid = 1000 
07-18 00:06:44.484   564   636 W SocketListener: sending broadcast to Pid = 1316, Uid = 1000 
07-18 00:06:44.485  1316  1492 I chatty  : uid=1000(system) NetdConnector expire 18 lines
07-18 00:06:44.494   564   636 W SocketListener: sending broadcast to Pid = 1316, Uid = 1000 
07-18 00:06:44.516   564   637 W SocketListener: sending broadcast to Pid = 1316, Uid = 1000 
07-18 00:06:44.517   564   637 I chatty  : uid=0(root) /system/bin/netd identical 5 lines
07-18 00:06:44.518   564   637 W SocketListener: sending broadcast to Pid = 1316, Uid = 1000 
07-18 00:06:44.523  1316  1348 I chatty  : uid=1000(system) android.fg expire 10 lines
07-18 00:08:19.480   564   636 W SocketListener: sending broadcast to Pid = 1316, Uid = 1000 
07-18 00:08:19.484  1316  1492 I chatty  : uid=1000(system) NetdConnector expire 10 lines
07-18 00:08:19.492   564   636 W SocketListener: sending broadcast to Pid = 1316, Uid = 1000 
07-18 00:08:19.674  1316  1336 I chatty  : uid=1000(system) android.bg expire 3 lines
07-18 00:08:19.723   564   636 W SocketListener: sending broadcast to Pid = 1316, Uid = 1000 
07-18 00:08:19.775  4941  4941 D ActivityThread: Attach thread to application
07-18 00:08:19.816  4954  4954 D ActivityThread: Attach thread to application
07-18 00:08:19.872  1316  1496 I chatty  : uid=1000(system) NetworkPolicy expire 75 lines
07-18 00:08:19.887  1316  1316 I chatty  : uid=1000 system_server expire 19 lines
07-18 00:08:19.934  1316  1496 I chatty  : uid=1000(system) NetworkPolicy expire 12 lines
07-18 00:08:19.959  1316 12513 I chatty  : uid=1000(system) Binder:1316_20 expire 4 lines
07-18 00:08:20.189  1316  1336 I chatty  : uid=1000(system) android.bg expire 3 lines
07-18 00:08:20.199  1316  1492 I chatty  : uid=1000(system) NetdConnector expire 6 lines
07-18 00:08:20.331  1316  2102 I chatty  : uid=1000(system) Binder:1316_8 expire 4 lines
07-18 00:08:20.838  1316  2088 I chatty  : uid=1000(system) Binder:1316_7 expire 14 lines
07-18 00:08:20.977  4941  4941 D HwCustConnectivityManagerImpl: isBlockNetworkRequestByNonAis, INVALID_SUBSCRIPTION_ID
07-18 00:08:20.983  1316  1505 I chatty  : uid=1000(system) ConnectivitySer expire 146 lines
07-18 00:08:21.156  1316 12512 I chatty  : uid=1000(system) Binder:1316_1F expire 4 lines
07-18 00:08:21.198  4941  5041 W PackageParser: Unknown element under <manifest>: queries at /data/user_de/0/com.huawei.android.hsf/modules/external/huawei_module_networkkit/80001320/networkkit.apk Binary XML file line #14
07-18 00:08:22.149  1316 10793 I chatty  : uid=1000(system) Binder:1316_19 expire 1 line
07-18 00:08:22.154  1761  8508 I BoosterSwitchP: notifyUidState do nothing
07-18 00:08:22.154  1761  8508 I DeepNoDisturbP: notifyUidState
07-18 00:08:22.154  1761  8508 I BrowserChrP: notifyUidState
07-18 00:08:22.181  1316 10965 I chatty  : uid=1000(system) Binder:1316_1A expire 2 lines
07-18 00:08:22.181  1316  2413 I chatty  : uid=1000(system) Binder:1316_F expire 13 lines
07-18 00:08:22.187  1761  8508 I BoosterSwitchP: notifyUidState do nothing
07-18 00:08:22.187  1761  8508 I DeepNoDisturbP: notifyUidState
07-18 00:08:22.187  1761  8508 I BrowserChrP: notifyUidState
07-18 00:08:22.262  1316  1592 I chatty  : uid=1000(system) Binder:1316_3 expire 3 lines
07-18 00:08:22.418  1316  7252 I chatty  : uid=1000(system) Binder:1316_15 expire 2 lines
07-18 00:08:22.654  1316  1524 I chatty  : uid=1000(system) Thread-29 expire 2 lines
07-18 00:08:23.177  1316  2409 I chatty  : uid=1000(system) Binder:1316_B expire 10 lines
07-18 00:08:23.361  1316  1342 I chatty  : uid=1000(system) ActivityManager expire 1 line
07-18 00:08:23.366  1316  1754 I chatty  : uid=1000(system) MultiTaskManage expire 1 line
07-18 00:08:23.390  5121  5121 D ActivityThread: Attach thread to application
07-18 00:08:24.617  4954  5012 D HwCustConnectivityManagerImpl: isBlockNetworkRequestByNonAis, INVALID_SUBSCRIPTION_ID
07-18 00:08:25.366  4954  5163 D HwCustConnectivityManagerImpl: isBlockNetworkRequestByNonAis, INVALID_SUBSCRIPTION_ID
07-18 00:08:25.378  4954  5163 D HwCustConnectivityManagerImpl: isBlockNetworkRequestByNonAis, INVALID_SUBSCRIPTION_ID
07-18 00:08:25.897  4954  5005 D HwCustConnectivityManagerImpl: isBlockNetworkRequestByNonAis, INVALID_SUBSCRIPTION_ID
07-18 00:08:26.292  1316  1506 I chatty  : uid=1000(system) ConnectivityThr expire 45 lines
07-18 00:08:26.336  1316  2413 I chatty  : uid=1000(system) Binder:1316_F expire 1 line
07-18 00:08:27.888  1316  1316 I chatty  : uid=1000 system_server expire 16 lines
07-18 00:08:27.978  1316  2409 I chatty  : uid=1000(system) Binder:1316_B expire 4 lines
07-18 00:08:28.516  5121  5145 W ContextImpl: Calling a method in the system process without a qualified user: android.app.ContextImpl.sendBroadcast:1176 android.content.ContextWrapper.sendBroadcast:449 com.huawei.idaptunnel.util.CommonUtils.sendResultBroadcast:167 com.huawei.idaptunnel.upload.UploadStateMachine.finished:263 com.huawei.idaptunnel.upload.UploadStateMachine.doUploadEndProcess:184 
07-18 00:08:28.524  5121  5121 W ContextImpl: Calling a method in the system process without a qualified user: android.app.ContextImpl.stopService:1776 android.content.ContextWrapper.stopService:674 com.huawei.idaptunnel.MainThreadProcess$MainHandler.handleMessage:117 android.os.Handler.dispatchMessage:112 android.os.Looper.loop:216 
07-18 00:08:29.104  1316  1505 I chatty  : uid=1000(system) ConnectivitySer expire 7 lines
07-18 00:09:02.495   564   636 W SocketListener: sending broadcast to Pid = 1316, Uid = 1000 
07-18 00:09:02.497  1316  1492 I chatty  : uid=1000(system) NetdConnector expire 10 lines
07-18 00:09:02.501  1316  1348 I chatty  : uid=1000(system) android.fg expire 10 lines
07-18 00:09:03.216  1316 12027 I chatty  : uid=1000(system) Binder:1316_1E expire 1 line
07-18 00:09:03.354  1316  2411 I chatty  : uid=1000(system) Binder:1316_D expire 11 lines
07-18 00:09:03.410  1316  7252 I chatty  : uid=1000(system) Binder:1316_15 expire 5 lines
07-18 00:09:03.415  1316  1327 I chatty  : uid=1000(system) Binder:1316_2 expire 8 lines
07-18 00:09:03.432  1761  4242 I BoosterSwitchP: notifyUidState do nothing
07-18 00:09:03.432  1761  4242 I DeepNoDisturbP: notifyUidState
07-18 00:09:03.432  1761  4242 I BrowserChrP: notifyUidState
07-18 00:09:03.444  1761  1774 I BoosterSwitchP: notifyUidState do nothing
07-18 00:09:03.444  1761  1774 I DeepNoDisturbP: notifyUidState
07-18 00:09:03.444  1761  1774 I BrowserChrP: notifyUidState
07-18 00:12:29.490   564   636 W SocketListener: sending broadcast to Pid = 1316, Uid = 1000 
07-18 00:12:29.490   564   636 I chatty  : uid=0(root) /system/bin/netd identical 1 line
07-18 00:12:29.490   564   636 W SocketListener: sending broadcast to Pid = 1316, Uid = 1000 
07-18 00:12:29.496  1316  1524 I chatty  : uid=1000(system) Thread-29 expire 6 lines
07-18 00:12:34.492  1316  1458 I chatty  : uid=1000(system) UEventObserver expire 6 lines
07-18 00:12:34.500  1316  4209 I chatty  : uid=1000(system) HwBinder:1316_5 expire 1 line
07-18 00:12:39.002  1761  4242 I BoosterSwitchP: notifyUidState do nothing
07-18 00:12:39.002  1761  4242 I DeepNoDisturbP: notifyUidState
07-18 00:12:39.002  1761  4242 I BrowserChrP: notifyUidState
07-18 00:13:19.485  1316  1710 I chatty  : uid=1000(system) watchdog expire 1 line
07-18 00:13:19.492   564   636 W SocketListener: sending broadcast to Pid = 1316, Uid = 1000 
07-18 00:13:19.494  1316  1492 I chatty  : uid=1000(system) NetdConnector expire 10 lines
07-18 00:13:19.659  1316  8413 I chatty  : uid=1000(system) Binder:1316_16 expire 3 lines
07-18 00:13:19.683   564   636 W SocketListener: sending broadcast to Pid = 1316, Uid = 1000 
07-18 00:13:19.707  1316  1346 I chatty  : uid=1000(system) batterystats-wo expire 2 lines
07-18 00:13:19.711  1316  3111 I chatty  : uid=1000(system) Binder:1316_10 expire 3 lines
07-18 00:13:19.748  1316  2411 I chatty  : uid=1000(system) Binder:1316_D expire 2 lines
07-18 00:14:37.494   564   636 W SocketListener: sending broadcast to Pid = 1316, Uid = 1000 
07-18 00:14:37.502   564   636 W SocketListener: sending broadcast to Pid = 1316, Uid = 1000 
07-18 00:15:02.489   564   636 W SocketListener: sending broadcast to Pid = 1316, Uid = 1000 
07-18 00:15:02.685   564   636 W SocketListener: sending broadcast to Pid = 1316, Uid = 1000 
07-18 00:15:02.686  1316  1492 I chatty  : uid=1000(system) NetdConnector expire 8 lines
07-18 00:15:04.098  1316  1506 I chatty  : uid=1000(system) ConnectivityThr expire 45 lines
07-18 00:15:04.119  1316 10534 I chatty  : uid=1000(system) Binder:1316_18 expire 1 line
07-18 00:15:18.269   564   636 W SocketListener: sending broadcast to Pid = 1316, Uid = 1000 
07-18 00:15:18.275  1316  1348 I chatty  : uid=1000(system) android.fg expire 2 lines
07-18 00:15:19.158  1316  1592 I chatty  : uid=1000(system) Binder:1316_3 expire 2 lines
07-18 00:15:19.198  1761  2203 I BoosterSwitchP: notifyUidState do nothing
07-18 00:15:19.198  1761  2203 I DeepNoDisturbP: notifyUidState
07-18 00:15:19.198  1761  2203 I BrowserChrP: notifyUidState
07-18 00:15:34.836  1316  1506 I chatty  : uid=1000(system) ConnectivityThr expire 45 lines
07-18 00:15:34.854  1316  2408 I chatty  : uid=1000(system) Binder:1316_A expire 10 lines
07-18 00:15:35.033   747   758 I storaged: storaged_t::event: storage_info refreshed.
07-18 00:15:50.093  1316  1342 I chatty  : uid=1000(system) ActivityManager expire 2 lines
07-18 00:15:50.093  1316  1754 I chatty  : uid=1000(system) MultiTaskManage expire 2 lines
07-18 00:15:50.127  5254  5254 D ActivityThread: Attach thread to application
07-18 00:15:50.176  1761  5508 I BoosterSwitchP: notifyUidState do nothing
07-18 00:15:50.176  1761  5508 I DeepNoDisturbP: notifyUidState
07-18 00:15:50.176  1761  5508 I BrowserChrP: notifyUidState
07-18 00:15:50.626  1316  1336 I chatty  : uid=1000(system) android.bg expire 1 line
07-18 00:15:50.832  5288  5288 D ActivityThread: Attach thread to application
07-18 00:15:50.841  1316  2412 I chatty  : uid=1000(system) Binder:1316_E expire 2 lines
07-18 00:15:50.865  1316  7251 I chatty  : uid=1000(system) Binder:1316_14 expire 1 line
07-18 00:15:50.879  1316  4052 I chatty  : uid=1000(system) Binder:1316_13 expire 1 line
07-18 00:15:50.900  1761  2203 I BoosterSwitchP: notifyUidState do nothing
07-18 00:15:50.900  1761  2203 I DeepNoDisturbP: notifyUidState
07-18 00:15:50.900  1761  2203 I BrowserChrP: notifyUidState
07-18 00:15:50.975  1316 11355 I chatty  : uid=1000(system) Binder:1316_1C expire 11 lines
07-18 00:15:51.342   564   636 W SocketListener: sending broadcast to Pid = 1316, Uid = 1000 
07-18 00:15:53.085  1316  2408 I chatty  : uid=1000(system) Binder:1316_A expire 10 lines
07-18 00:18:19.493   564   636 W SocketListener: sending broadcast to Pid = 1316, Uid = 1000 
07-18 00:18:19.495  1316  1492 I chatty  : uid=1000(system) NetdConnector expire 24 lines
07-18 00:18:19.497  1316  1348 I chatty  : uid=1000(system) android.fg expire 10 lines
07-18 00:18:19.652  1316  1316 I chatty  : uid=1000 system_server expire 16 lines
07-18 00:18:19.683   564   636 W SocketListener: sending broadcast to Pid = 1316, Uid = 1000 
07-18 00:18:19.716  1316  1346 I chatty  : uid=1000(system) batterystats-wo expire 2 lines
07-18 00:18:19.751  1316  4052 I chatty  : uid=1000(system) Binder:1316_13 expire 4 lines
07-18 00:22:40.481   564   637 W SocketListener: sending broadcast to Pid = 1316, Uid = 1000 
07-18 00:22:40.482   564   637 I chatty  : uid=0(root) /system/bin/netd identical 10 lines
07-18 00:22:40.483   564   637 W SocketListener: sending broadcast to Pid = 1316, Uid = 1000 
07-18 00:22:40.495   564   636 W SocketListener: sending broadcast to Pid = 1316, Uid = 1000 
07-18 00:22:40.508  1316  1336 I chatty  : uid=1000(system) android.bg expire 2 lines
07-18 00:22:40.509  1316  1505 I chatty  : uid=1000(system) ConnectivitySer expire 2 lines
07-18 00:22:40.542  1316  1506 I chatty  : uid=1000(system) ConnectivityThr expire 45 lines
07-18 00:22:40.569  1316  3887 I chatty  : uid=1000(system) Binder:1316_12 expire 5 lines
07-18 00:23:19.658  1316  2412 I chatty  : uid=1000(system) Binder:1316_E expire 7 lines
07-18 00:23:19.668   564   636 W SocketListener: sending broadcast to Pid = 1316, Uid = 1000 
07-18 00:23:19.669  1316  1492 I chatty  : uid=1000(system) NetdConnector expire 10 lines
07-18 00:23:19.671  1316  1348 I chatty  : uid=1000(system) android.fg expire 13 lines
07-18 00:23:25.968  1316  1710 I chatty  : uid=1000(system) watchdog expire 1 line
07-18 00:24:19.496   564   636 W SocketListener: sending broadcast to Pid = 1316, Uid = 1000 
07-18 00:24:19.540  1316  1495 I chatty  : uid=1000(system) NetworkStats expire 8 lines
07-18 00:24:19.548   564   636 W SocketListener: sending broadcast to Pid = 1316, Uid = 1000 
07-18 00:24:19.649  1316 11355 I chatty  : uid=1000(system) Binder:1316_1C expire 3 lines
07-18 00:25:34.494   564   636 W SocketListener: sending broadcast to Pid = 1316, Uid = 1000 
07-18 00:26:14.489   564   637 W SocketListener: sending broadcast to Pid = 1316, Uid = 1000 
07-18 00:26:14.490   564   637 W SocketListener: sending broadcast to Pid = 1316, Uid = 1000 
07-18 00:26:14.492  1316  1492 I chatty  : uid=1000(system) NetdConnector expire 18 lines
07-18 00:26:14.495   564   636 W SocketListener: sending broadcast to Pid = 1316, Uid = 1000 
07-18 00:26:14.498   564   636 W SocketListener: sending broadcast to Pid = 1316, Uid = 1000 
07-18 00:28:20.517  1316  1316 I chatty  : uid=1000 system_server expire 16 lines
07-18 00:28:20.541   564   636 W SocketListener: sending broadcast to Pid = 1316, Uid = 1000 
07-18 00:28:20.545  1316  1492 I chatty  : uid=1000(system) NetdConnector expire 8 lines
07-18 00:28:20.548  1316  1348 I chatty  : uid=1000(system) android.fg expire 3 lines
07-18 00:30:02.489   564   636 W SocketListener: sending broadcast to Pid = 1316, Uid = 1000 
07-18 00:33:20.608   564   636 W SocketListener: sending broadcast to Pid = 1316, Uid = 1000 
07-18 00:33:20.686  1316 12512 I chatty  : uid=1000(system) Binder:1316_1F expire 1 line
07-18 00:35:34.496   564   636 W SocketListener: sending broadcast to Pid = 1316, Uid = 1000 
07-18 00:35:34.499  1316  1506 I chatty  : uid=1000(system) ConnectivityThr expire 45 lines
07-18 00:35:34.511  1316  1348 I chatty  : uid=1000(system) android.fg expire 10 lines
07-18 00:35:34.516  1316 12512 I chatty  : uid=1000(system) Binder:1316_1F expire 2 lines
07-18 00:36:22.501  1316  2408 I chatty  : uid=1000(system) Binder:1316_A expire 10 lines
07-18 00:36:23.814   564   636 W SocketListener: sending broadcast to Pid = 1316, Uid = 1000 
07-18 00:36:23.817  1316  1492 I chatty  : uid=1000(system) NetdConnector expire 10 lines
07-18 00:38:20.488   564   636 W SocketListener: sending broadcast to Pid = 1316, Uid = 1000 
07-18 00:38:20.501  1316  1316 I chatty  : uid=1000 system_server expire 17 lines
07-18 00:38:20.508   564   636 W SocketListener: sending broadcast to Pid = 1316, Uid = 1000 
07-18 00:38:20.544  1316  2412 I chatty  : uid=1000(system) Binder:1316_E expire 13 lines
07-18 00:38:20.548  1316  1346 I chatty  : uid=1000(system) batterystats-wo expire 2 lines
07-18 00:43:19.494   564   636 W SocketListener: sending broadcast to Pid = 1316, Uid = 1000 
07-18 00:43:19.593   564   636 W SocketListener: sending broadcast to Pid = 1316, Uid = 1000 
07-18 00:43:19.661  1316 12027 I chatty  : uid=1000(system) Binder:1316_1E expire 11 lines
07-18 00:43:25.490  1316  1710 I chatty  : uid=1000(system) watchdog expire 1 line
07-18 00:43:26.039  1316  1339 I chatty  : uid=1000(system) ActivityManager expire 1 line
07-18 00:43:26.085  1316  1342 I chatty  : uid=1000(system) ActivityManager expire 1 line
07-18 00:43:26.086  1316  1754 I chatty  : uid=1000(system) MultiTaskManage expire 1 line
07-18 00:43:26.120  5379  5379 D ActivityThread: Attach thread to application
07-18 00:43:58.494   564   636 W SocketListener: sending broadcast to Pid = 1316, Uid = 1000 
07-18 00:43:58.496  1316  1492 I chatty  : uid=1000(system) NetdConnector expire 10 lines
07-18 00:43:58.605  1316  1336 I chatty  : uid=1000(system) android.bg expire 4 lines
07-18 00:43:58.652  1316  1340 I chatty  : uid=1000(system) android.ui expire 2 lines
07-18 00:44:19.655   564   636 W SocketListener: sending broadcast to Pid = 1316, Uid = 1000 
07-18 00:44:19.659  1316  1492 I chatty  : uid=1000(system) NetdConnector expire 10 lines
07-18 00:44:19.690  1316  2408 I chatty  : uid=1000(system) Binder:1316_A expire 2 lines
07-18 00:45:03.492   564   636 W SocketListener: sending broadcast to Pid = 1316, Uid = 1000 
07-18 00:45:04.446  1316  1505 I chatty  : uid=1000(system) ConnectivitySer expire 3 lines
07-18 00:45:04.448  1316  1506 I chatty  : uid=1000(system) ConnectivityThr expire 90 lines
07-18 00:45:50.778   747   758 I storaged: storaged_t::event: storage_info refreshed.
07-18 00:48:20.494  1316  1316 I chatty  : uid=1000 system_server expire 7 lines
07-18 00:48:20.516  1316  4052 I chatty  : uid=1000(system) Binder:1316_13 expire 1 line
07-18 00:48:20.519  1316  2412 I chatty  : uid=1000(system) Binder:1316_E expire 5 lines
07-18 00:48:20.522   564   636 W SocketListener: sending broadcast to Pid = 1316, Uid = 1000 
07-18 00:48:20.571  1316 12027 I chatty  : uid=1000(system) Binder:1316_1E expire 1 line
07-18 00:48:26.560  1316  1506 I chatty  : uid=1000(system) ConnectivityThr expire 45 lines
07-18 00:48:26.567  1316 12027 I chatty  : uid=1000(system) Binder:1316_1E expire 4 lines
07-18 00:53:19.494   564   636 W SocketListener: sending broadcast to Pid = 1316, Uid = 1000 
07-18 00:53:19.495  1316  1492 I chatty  : uid=1000(system) NetdConnector expire 10 lines
07-18 00:53:19.498  1316  1348 I chatty  : uid=1000(system) android.fg expire 16 lines
07-18 00:53:19.656  1316  1316 I chatty  : uid=1000 system_server expire 15 lines
07-18 00:53:19.661  1316  2412 I chatty  : uid=1000(system) Binder:1316_E expire 2 lines
07-18 00:53:19.704  1316  7252 I chatty  : uid=1000(system) Binder:1316_15 expire 9 lines
07-18 00:53:19.705  1316  1505 I chatty  : uid=1000(system) ConnectivitySer expire 3 lines
07-18 00:53:19.714  1761  5508 I BoosterSwitchP: notifyUidState do nothing
07-18 00:53:19.714  1761  5508 I DeepNoDisturbP: notifyUidState
07-18 00:53:19.714  1761  5508 I BrowserChrP: notifyUidState
07-18 00:53:19.725   564   636 W SocketListener: sending broadcast to Pid = 1316, Uid = 1000 
07-18 00:53:19.745  1316  1346 I chatty  : uid=1000(system) batterystats-wo expire 2 lines
07-18 00:53:19.766  1316  4052 I chatty  : uid=1000(system) Binder:1316_13 expire 8 lines
07-18 00:53:19.784  1316  3111 I chatty  : uid=1000(system) Binder:1316_10 expire 17 lines
07-18 00:53:20.212  1316  1524 I chatty  : uid=1000(system) Thread-29 expire 3 lines
07-18 00:54:19.496   564   636 W SocketListener: sending broadcast to Pid = 1316, Uid = 1000 
07-18 00:54:19.521  1316  1495 I chatty  : uid=1000(system) NetworkStats expire 8 lines
07-18 00:54:19.542   564   636 W SocketListener: sending broadcast to Pid = 1316, Uid = 1000 
07-18 00:55:34.490   564   636 W SocketListener: sending broadcast to Pid = 1316, Uid = 1000 
07-18 00:55:34.492  1316  1492 I chatty  : uid=1000(system) NetdConnector expire 11 lines
07-18 00:58:19.677   564   636 W SocketListener: sending broadcast to Pid = 1316, Uid = 1000 
07-18 00:58:19.711  1316  1342 I chatty  : uid=1000(system) ActivityManager expire 1 line
07-18 00:58:19.712  1316  1754 I chatty  : uid=1000(system) MultiTaskManage expire 1 line
07-18 00:58:19.749  5456  5456 D ActivityThread: Attach thread to application
07-18 00:58:20.777  1761  5508 I BoosterSwitchP: notifyUidState do nothing
07-18 00:58:20.777  1761  5508 I DeepNoDisturbP: notifyUidState
07-18 00:58:20.777  1761  5508 I BrowserChrP: notifyUidState
07-18 00:58:20.812  1316  1592 I chatty  : uid=1000(system) Binder:1316_3 expire 9 lines
07-18 00:58:21.270  1316  1710 I chatty  : uid=1000(system) watchdog expire 1 line
07-18 00:58:21.475  1761  5508 I BoosterSwitchP: notifyUidState do nothing
07-18 00:58:21.475  1761  5508 I DeepNoDisturbP: notifyUidState
07-18 00:58:21.475  1761  5508 I BrowserChrP: notifyUidState
07-18 01:00:03.493   564   636 W SocketListener: sending broadcast to Pid = 1316, Uid = 1000 
07-18 01:00:03.516  1316  1506 I chatty  : uid=1000(system) ConnectivityThr expire 45 lines
07-18 01:00:51.620  1316  3111 I chatty  : uid=1000(system) Binder:1316_10 expire 4 lines
07-18 01:01:52.485   564   636 W SocketListener: sending broadcast to Pid = 1316, Uid = 1000 
07-18 01:01:52.486   564   637 W SocketListener: sending broadcast to Pid = 1316, Uid = 1000 
07-18 01:01:52.487   564   637 I chatty  : uid=0(root) /system/bin/netd identical 5 lines
07-18 01:01:52.487   564   637 W SocketListener: sending broadcast to Pid = 1316, Uid = 1000 
07-18 01:01:52.495   564   636 W SocketListener: sending broadcast to Pid = 1316, Uid = 1000 
07-18 01:01:52.495  1316  1492 I chatty  : uid=1000(system) NetdConnector expire 13 lines
07-18 01:03:05.547  1316  1480 I chatty  : uid=1000(system) InputReader expire 10 lines
07-18 01:03:05.557  1316  1316 I chatty  : uid=1000 system_server expire 10 lines
07-18 01:03:05.558  1316  1353 I chatty  : uid=1000(system) PowerManagerSer expire 5 lines
07-18 01:03:05.581  1316  1336 I chatty  : uid=1000(system) android.bg expire 28 lines
07-18 01:03:05.618  1316  2408 I chatty  : uid=1000(system) Binder:1316_A expire 2 lines
07-18 01:03:05.664  1612  1855 I PermissionManager: camera remind result:true
07-18 01:03:05.664  1612  1855 I BackgroundPermManager: pkgName: com.android.systemui,pid: 1612 ,uidOf3RdApk: 10040 ,permType: 0 ,permCfg: 1
07-18 01:03:05.687  1316  1350 I chatty  : uid=1000(system) android.display expire 2 lines
07-18 01:03:05.701  1612  1612 W KeyguardViewMediator: notifyDrawn as: ScreenTurningOn 
07-18 01:03:05.721   514  5506 D vold    : idle maintenance stopped
07-18 01:03:05.723  1316  1492 I chatty  : uid=1000(system) NetdConnector expire 6 lines
07-18 01:03:05.749  1316  1502 I chatty  : uid=1000(system) WifiP2pService expire 6 lines
07-18 01:03:05.769  1316  1450 I chatty  : uid=1000(system) android.anim expire 5 lines
07-18 01:03:05.770  1316  1340 I chatty  : uid=1000(system) android.ui expire 28 lines
07-18 01:03:05.781  1316  1353 I chatty  : uid=1000(system) PowerManagerSer expire 11 lines
07-18 01:03:05.781  1316  1499 I chatty  : uid=1000(system) WifiStateMachin expire 1 line
07-18 01:03:05.795  1316 12027 I chatty  : uid=1000(system) Binder:1316_1E expire 13 lines
07-18 01:03:05.796  1316  1316 I chatty  : uid=1000 system_server expire 62 lines
07-18 01:03:05.804  1316  1505 I chatty  : uid=1000(system) ConnectivitySer expire 1 line
07-18 01:03:05.805  1316  1506 I chatty  : uid=1000(system) ConnectivityThr expire 45 lines
07-18 01:03:05.810  1316  7252 I chatty  : uid=1000(system) Binder:1316_15 expire 12 lines
07-18 01:03:05.811  1316  1336 I chatty  : uid=1000(system) android.bg expire 1 line
07-18 01:03:05.817  1316  1492 I chatty  : uid=1000(system) NetdConnector expire 6 lines
07-18 01:03:05.839  1761  1914 I DeepNoDisturbP: handleStateChanged reason=8
07-18 01:03:05.842  1761  1914 I HidataAppQoeP: handleStateChanged reason=8
07-18 01:03:05.862  1761  1914 I PreDnsQuery: handleStateChanged reason=8
07-18 01:03:05.863  1761  1914 I PreDnsQuery: No need to handled!
07-18 01:03:05.863  1761  1914 I BrowserChrP: handleStateChanged
07-18 01:03:05.901  1316  1501 I chatty  : uid=1000(system) WifiScanningSer expire 1 line
07-18 01:03:05.910  1316 11355 I chatty  : uid=1000(system) Binder:1316_1C expire 1 line
07-18 01:03:05.941  1316  1592 I chatty  : uid=1000(system) Binder:1316_3 expire 9 lines
07-18 01:03:05.942  1316  3111 I chatty  : uid=1000(system) Binder:1316_10 expire 1 line
07-18 01:03:06.022   564   636 W SocketListener: sending broadcast to Pid = 1316, Uid = 1000 
07-18 01:03:06.022  1316  2408 I chatty  : uid=1000(system) Binder:1316_A expire 13 lines
07-18 01:03:06.025  1316  1348 I chatty  : uid=1000(system) android.fg expire 1 line
07-18 01:03:06.096  1866  2633 D Mapcon  : SMVoice-0-Normal: PrepareState:defaultStatehandle msg=CMD_IMS_STATE_CHANGE_IND
07-18 01:03:06.100  1761  4242 D FaceRecognizeService: authenticate begin package = com.android.systemui
07-18 01:03:06.105  1761  2106 D FaceRecognizeService: authenticate running!
07-18 01:03:06.105  1761  2106 D FaceRecognizeService: startAuthentication(com.android.systemui)
07-18 01:03:06.105  1866  1866 I Telephony-PstnPhoneCapabilitiesNotifier: handleVideoCapabilitesChanged. Video capability - false
07-18 01:03:06.107  1761  2106 D FaceRecognizeService: isMainUser in-userId = 0 currentUserId = 0
07-18 01:03:06.108  1866  2633 D Mapcon  : TelephonyAdapter: getImsDomain:phoneId=0, ims_reg_state=-1
07-18 01:03:06.108  1866  2633 D Mapcon  : SMVoice-0-Normal: PrepareState:defaultStatehandle msg=CMD_IMS_STATE_CHANGE_IND
07-18 01:03:06.111  1866  2633 D Mapcon  : TelephonyAdapter: getImsDomain:phoneId=0, ims_reg_state=-1
07-18 01:03:06.115  1316  4052 I chatty  : uid=1000(system) Binder:1316_13 expire 6 lines
07-18 01:03:06.117  1761  2106 D FaceRecognizeService: startAuthentication errorCode = 0
07-18 01:03:06.120  1761  2106 D FaceRecognizeService: current cmd is NULL!
07-18 01:03:06.121  1761  2106 D FaceRecognizeService: start new cmd directly!!
07-18 01:03:06.139  1761  2106 D FaceRecognizeAuthCmd: doStart daemon return value = 0 userId = 0
07-18 01:03:06.139  1761  2106 D FaceRecognizeAuthCmd: authenticate cmd dostart end error code =  success 
07-18 01:03:06.139  1761  2106 D FaceRecognizeBaseCmd: processHalReturnedResult ERROR CODE =  success 
07-18 01:03:06.199  1316  1579 I chatty  : uid=1000(system) EyeProtectionCo expire 17 lines
07-18 01:03:06.206  1316  1472 I chatty  : uid=1000(system) hw_finger_unloc expire 1 line
07-18 01:03:06.225  1761  1914 I BoosterGameP: handleStateChanged reason=2
07-18 01:03:06.226  1761  1914 E BoosterGameP: inValidCQI:-1
07-18 01:03:06.226  1761  1914 I BoosterVideoP: handleStateChanged reason=2
07-18 01:03:06.233  1761  1914 I BoosterSwitchP: handleStateChanged reason=2
07-18 01:03:06.235  1761  1914 I DeepNoDisturbP: handleStateChanged reason=2
07-18 01:03:06.236  1761  1914 I DeepNoDisturbSM: setScreenState isScreenOn=true
07-18 01:03:06.237  1761  1914 I HidataAppQoeP: handleStateChanged reason=2
07-18 01:03:06.240  1761  1914 I PreDnsQuery: handleStateChanged reason=2
07-18 01:03:06.241  1761  1914 I PreDnsQuery: No need to handled!
07-18 01:03:06.241  1761  1914 I BrowserChrP: handleStateChanged
07-18 01:03:06.246  1761  1761 I DeepNoDisturbSM: IdleState processMessage msg.what=EVENT_SCREEN_ON
07-18 01:03:06.249  1761  1761 I DeepNoDisturbSM: isWifiConnected = true
07-18 01:03:06.252  1316  1580 I chatty  : uid=1000(system) PhotonicModulat expire 20 lines
07-18 01:03:06.261  1761  1761 I DeepNoDisturbSM: isNetworkTypeSuitDeepNoDisturbMode networkType = 2
07-18 01:03:06.262  1761  1761 I DeepNoDisturbSM: isCorrectState=true mIsCallOn=false mGameStatus=0 defaultDataSubId=0 default4GSlotId=0 mIsDefaultDataOn=false mIsScreenOn=true deepNoDisturbModeProp=true isDeepNoDisturbSwitchOn=false isGameDndSwitchOn=false isNetworkTypeSuitDeepNoDisturbMode=false isAirplaneModeOn()=false
07-18 01:03:06.262  1761  1761 I DeepNoDisturbSM: isNeedEnterDeepNoDisturbMode false
07-18 01:03:06.442  1316  1346 I chatty  : uid=1000(system) batterystats-wo expire 1 line
07-18 01:03:06.690  1316  1339 I chatty  : uid=1000(system) ActivityManager expire 2 lines
07-18 01:03:06.719  1316  1580 I chatty  : uid=1000(system) PhotonicModulat expire 13 lines
07-18 01:03:06.722  1316  2408 I chatty  : uid=1000(system) Binder:1316_A expire 21 lines
07-18 01:03:06.722  1316  1342 I chatty  : uid=1000(system) ActivityManager expire 5 lines
07-18 01:03:06.722  1316  1754 I chatty  : uid=1000(system) MultiTaskManage expire 5 lines
07-18 01:03:06.733  1316  1316 I chatty  : uid=1000 system_server expire 22 lines
07-18 01:03:06.741  5550  5550 D ActivityThread: Attach thread to application
07-18 01:03:06.744  1316  1579 I chatty  : uid=1000(system) EyeProtectionCo expire 7 lines
07-18 01:03:06.765  1316  4052 I chatty  : uid=1000(system) Binder:1316_13 expire 8 lines
07-18 01:03:06.790  1316  1745 I chatty  : uid=1000(system) HwBinder:1316_4 expire 2 lines
07-18 01:03:06.834  1316  1340 I chatty  : uid=1000(system) android.ui expire 32 lines
07-18 01:03:06.882  1316  7252 I chatty  : uid=1000(system) Binder:1316_15 expire 8 lines
07-18 01:03:06.909  1316 11355 I chatty  : uid=1000(system) Binder:1316_1C expire 10 lines
07-18 01:03:06.915  1316  1353 I chatty  : uid=1000(system) PowerManagerSer expire 2 lines
07-18 01:03:07.009  1316  4209 I chatty  : uid=1000(system) HwBinder:1316_5 expire 6 lines
07-18 01:03:07.009  1316  1348 I chatty  : uid=1000(system) android.fg expire 3 lines
07-18 01:03:07.033  1082  5581 I HwNetworkPolicyManager: getHwUidPolicy uid = 10121 policy = -1
07-18 01:03:07.157  1761  1935 D FaceRecognizeService: onAuthenticationAcquired acquiredInfo = 5
07-18 01:03:07.163  1761  2106 D FaceRecognizeAuthCmd: onMessage EVNET = authenticate acquire  para1= 5 para2 = 0
07-18 01:03:07.164  1761  2106 E FaceRecognizeService: handleMessage EVT = 4
07-18 01:03:07.229  1316  3111 I chatty  : uid=1000(system) Binder:1316_10 expire 5 lines
07-18 01:03:07.286  1761  1935 D FaceRecognizeService: onAuthenticationAcquired acquiredInfo = 5
07-18 01:03:07.286  1761  2106 D FaceRecognizeAuthCmd: onMessage EVNET = authenticate acquire  para1= 5 para2 = 0
07-18 01:03:07.287  1761  2106 E FaceRecognizeService: handleMessage EVT = 4
07-18 01:03:07.310  1316  1458 I chatty  : uid=1000(system) UEventObserver expire 12 lines
07-18 01:03:07.332  1316  1349 I chatty  : uid=1000(system) android.io expire 1 line
07-18 01:03:07.334  1612  1612 W PowerUI : unknown intent: Intent { act=android.intent.action.ACTION_POWER_CONNECTED flg=0x4000010 (has extras) }
07-18 01:03:07.346  1316  2412 I chatty  : uid=1000(system) Binder:1316_E expire 1 line
07-18 01:03:07.346  1316 12512 I chatty  : uid=1000(system) Binder:1316_1F expire 23 lines
07-18 01:03:07.347  1316  1457 I chatty  : uid=1000(system) HwBatteryServic expire 3 lines
07-18 01:03:07.362  1316 12027 I chatty  : uid=1000(system) Binder:1316_1E expire 12 lines
07-18 01:03:07.365  1316  1346 I chatty  : uid=1000(system) batterystats-wo expire 1 line
07-18 01:03:07.374  1316  7251 I chatty  : uid=1000(system) Binder:1316_14 expire 4 lines
07-18 01:03:07.389  1316  1492 I chatty  : uid=1000(system) NetdConnector expire 8 lines
07-18 01:03:07.394   747  1328 I storaged: uid_monitor::update_curr_io_stats_locked: last_uid_io_stats_ size is 321
07-18 01:03:07.394   747  1328 I storaged: uid_monitor::update_curr_io_stats_locked: curr_io_stats_ size is 320
07-18 01:03:07.434  1761  1935 D FaceRecognizeService: onAuthenticationAcquired acquiredInfo = 22
07-18 01:03:07.434  1761  2106 D FaceRecognizeAuthCmd: onMessage EVNET = authenticate acquire  para1= 22 para2 = 0
07-18 01:03:07.435  1761  2106 E FaceRecognizeService: handleMessage EVT = 4
07-18 01:03:07.472  1316  1592 I chatty  : uid=1000(system) Binder:1316_3 expire 23 lines
07-18 01:03:07.496  5613  5613 D ActivityThread: Attach thread to application
07-18 01:03:07.705  1761  1935 D FaceRecognizeService: onAuthenticationAcquired acquiredInfo = 19
07-18 01:03:07.705  1761  2106 D FaceRecognizeAuthCmd: onMessage EVNET = authenticate acquire  para1= 19 para2 = 0
07-18 01:03:07.705  1761  2106 E FaceRecognizeService: handleMessage EVT = 4
07-18 01:03:07.789  1316  1450 I chatty  : uid=1000(system) android.anim expire 2 lines
07-18 01:03:07.914  1082  5634 I HwNetworkPolicyManager: getHwUidPolicy uid = 10121 policy = -1
07-18 01:03:07.936  5656  5656 D ActivityThread: Attach thread to application
07-18 01:03:08.075  1761  1935 D FaceRecognizeService: onAuthenticationAcquired acquiredInfo = 12
07-18 01:03:08.075  1761  2106 D FaceRecognizeAuthCmd: onMessage EVNET = authenticate acquire  para1= 12 para2 = 0
07-18 01:03:08.076  1761  2106 E FaceRecognizeService: handleMessage EVT = 4
07-18 01:03:08.205  1761  1935 D FaceRecognizeService: onAuthenticationAcquired acquiredInfo = 12
07-18 01:03:08.205  1761  2106 D FaceRecognizeAuthCmd: onMessage EVNET = authenticate acquire  para1= 12 para2 = 0
07-18 01:03:08.206  1761  2106 E FaceRecognizeService: handleMessage EVT = 4
07-18 01:03:08.331  1761  1935 D FaceRecognizeService: onAuthenticationAcquired acquiredInfo = 12
07-18 01:03:08.331  1761  2106 D FaceRecognizeAuthCmd: onMessage EVNET = authenticate acquire  para1= 12 para2 = 0
07-18 01:03:08.332  1761  2106 E FaceRecognizeService: handleMessage EVT = 4
07-18 01:03:08.457  1761  1935 D FaceRecognizeService: onAuthenticationAcquired acquiredInfo = 12
07-18 01:03:08.457  1761  2106 D FaceRecognizeAuthCmd: onMessage EVNET = authenticate acquire  para1= 12 para2 = 0
07-18 01:03:08.458  1761  2106 E FaceRecognizeService: handleMessage EVT = 4
07-18 01:03:08.655  1761  1935 D FaceRecognizeService: onAuthenticationResult userId = 0 errorCode = 3
07-18 01:03:08.656  1761  2106 D FaceRecognizeAuthCmd: onMessage EVNET = authenticate result  para1= 0 para2 = 3
07-18 01:03:08.656  1761  2106 D FaceRecognizeAuthCmd: onAuthenticated userId = 0 errorcode is  authenticate compare failed! 
07-18 01:03:08.659  1761  2106 D FaceRecognizeAuthCmd: reportBigData {"callPkg":"com.android.systemui","sdkVersion":"1.0","callType":"0","result":"0","errorCode":"3","runTime":"2517","authAcquireInfo":"12","authLastAcquireInfo":"12"}
07-18 01:03:08.659  1761  2106 D FaceRecognizeAuthCmd: screen lighter is stop
07-18 01:03:08.660  1761  2106 D FaceRecognizeAuthCmd: vibrateFaceRecognizeErrorHw enter. isSupportHwVibrator: false
07-18 01:03:08.670  1761  4242 D AntiBruteForceProcessor: RemainingAuthenticateNum = 4
07-18 01:03:08.687  1761  2106 D FaceRecognizeBaseCmd: onFinish errorCode =  canceled  mSendResult = true mActiveCancel = false
07-18 01:03:08.759  1612  1855 I BackgroundPermManager: pkgName: com.android.systemui,pid: 1612 ,uidOf3RdApk: 10040 ,permType: 0 ,permCfg: 0
07-18 01:03:08.893  1612  1855 I PermissionManager: camera remind result:true
07-18 01:03:08.893  1612  1855 I BackgroundPermManager: pkgName: com.android.systemui,pid: 1612 ,uidOf3RdApk: 10040 ,permType: 0 ,permCfg: 1
07-18 01:03:08.978  1761  8508 D FaceRecognizeService: authenticate begin package = com.android.systemui
07-18 01:03:08.979  1761  2106 D FaceRecognizeService: authenticate running!
07-18 01:03:08.979  1761  2106 D FaceRecognizeService: startAuthentication(com.android.systemui)
07-18 01:03:08.979  1761  2106 D FaceRecognizeService: isMainUser in-userId = 0 currentUserId = 0
07-18 01:03:08.982  1761  2106 D FaceRecognizeService: startAuthentication errorCode = 0
07-18 01:03:08.984  1761  2106 D FaceRecognizeService: current cmd is NULL!
07-18 01:03:08.984  1761  2106 D FaceRecognizeService: start new cmd directly!!
07-18 01:03:08.991  1761  2106 D FaceRecognizeAuthCmd: doStart daemon return value = 0 userId = 0
07-18 01:03:08.991  1761  2106 D FaceRecognizeAuthCmd: authenticate cmd dostart end error code =  success 
07-18 01:03:08.991  1761  2106 D FaceRecognizeBaseCmd: processHalReturnedResult ERROR CODE =  success 
07-18 01:03:09.476  5656  5656 W ContextImpl: Calling a method in the system process without a qualified user: android.app.ContextImpl.startService:1764 android.content.ContextWrapper.startService:664 android.content.ContextWrapper.startService:664 com.android.settings.deviceinfo.UsbReceiver.startUsbService:313 com.android.settings.deviceinfo.UsbReceiver.onUsbStateReceive:168 
07-18 01:03:09.496  5656  5656 W ContextImpl: Calling a method in the system process without a qualified user: android.app.ContextImpl.startService:1764 android.content.ContextWrapper.startService:664 android.content.ContextWrapper.startService:664 com.android.settings.deviceinfo.UsbReceiver.startUsbService:313 com.android.settings.deviceinfo.UsbReceiver.onUsbStateReceive:231 
07-18 01:03:09.676   564   637 W SocketListener: sending broadcast to Pid = 1316, Uid = 1000 
07-18 01:03:09.685  1316  1501 I chatty  : uid=1000(system) WifiScanningSer expire 2 lines
07-18 01:03:09.807  1761  1935 D FaceRecognizeService: onAuthenticationAcquired acquiredInfo = 5
07-18 01:03:09.809  1761  2106 D FaceRecognizeAuthCmd: onMessage EVNET = authenticate acquire  para1= 5 para2 = 0
07-18 01:03:09.811  1761  2106 E FaceRecognizeService: handleMessage EVT = 4
07-18 01:03:10.124  1761  1935 D FaceRecognizeService: onAuthenticationAcquired acquiredInfo = 12
07-18 01:03:10.124  1761  2106 D FaceRecognizeAuthCmd: onMessage EVNET = authenticate acquire  para1= 12 para2 = 0
07-18 01:03:10.125  1761  2106 E FaceRecognizeService: handleMessage EVT = 4
07-18 01:03:10.126  1316 10971 I chatty  : uid=1000(system) Binder:1316_1B expire 3 lines
07-18 01:03:10.157  1316  1593 I chatty  : uid=1000(system) Binder:1316_4 expire 8 lines
07-18 01:03:10.239  1761  1935 D FaceRecognizeService: onAuthenticationAcquired acquiredInfo = 12
07-18 01:03:10.239  1761  2106 D FaceRecognizeAuthCmd: onMessage EVNET = authenticate acquire  para1= 12 para2 = 0
07-18 01:03:10.240  1761  2106 E FaceRecognizeService: handleMessage EVT = 4
07-18 01:03:10.252  1761  1935 D FaceRecognizeService: onAuthenticationAcquired acquiredInfo = 22
07-18 01:03:10.252  1761  2106 D FaceRecognizeAuthCmd: onMessage EVNET = authenticate acquire  para1= 22 para2 = 0
07-18 01:03:10.253  1761  2106 E FaceRecognizeService: handleMessage EVT = 4
07-18 01:03:10.545  1761  1935 D FaceRecognizeService: onAuthenticationAcquired acquiredInfo = 19
07-18 01:03:10.545  1761  2106 D FaceRecognizeAuthCmd: onMessage EVNET = authenticate acquire  para1= 19 para2 = 0
07-18 01:03:10.546  1761  2106 E FaceRecognizeService: handleMessage EVT = 4
07-18 01:03:10.547  1316  3531 I chatty  : uid=1000(system) Binder:1316_11 expire 2 lines
07-18 01:03:10.634  5804  5804 D ActivityThread: Attach thread to application
07-18 01:03:10.705  5821  5821 D ActivityThread: Attach thread to application
07-18 01:03:10.790  1761  1935 D FaceRecognizeService: onAuthenticationAcquired acquiredInfo = 12
07-18 01:03:10.790  1761  2106 D FaceRecognizeAuthCmd: onMessage EVNET = authenticate acquire  para1= 12 para2 = 0
07-18 01:03:10.791  1761  2106 E FaceRecognizeService: handleMessage EVT = 4
07-18 01:03:10.803  1761  1935 D FaceRecognizeService: onAuthenticationAcquired acquiredInfo = 22
07-18 01:03:10.803  1761  2106 D FaceRecognizeAuthCmd: onMessage EVNET = authenticate acquire  para1= 22 para2 = 0
07-18 01:03:10.804  1761  2106 E FaceRecognizeService: handleMessage EVT = 4
07-18 01:03:11.023  1761  1774 I BoosterSwitchP: notifyUidState do nothing
07-18 01:03:11.023  1761  1774 I DeepNoDisturbP: notifyUidState
07-18 01:03:11.023  1761  1774 I BrowserChrP: notifyUidState
07-18 01:03:11.025  1316  8485 I chatty  : uid=1000(system) Binder:1316_17 expire 6 lines
