07-18 01:23:46.000  1316  1350 I chatty  : uid=1000(system) android.display expire 1 line
07-18 01:23:46.001  1761  8508 I BoosterSwitchP: notifyUidState do nothing
07-18 01:23:46.001  1761  8508 I DeepNoDisturbP: notifyUidState
07-18 01:23:46.001  1761  8508 I BrowserChrP: notifyUidState
07-18 01:23:46.008  1316  2413 I chatty  : uid=1000(system) Binder:1316_F expire 1 line
07-18 01:23:46.012  1761  2203 I BoosterSwitchP: notifyUidState do nothing
07-18 01:23:46.012  1761  2203 I DeepNoDisturbP: notifyUidState
07-18 01:23:46.012  1761  2203 I BrowserChrP: notifyUidState
07-18 01:23:46.273  1316 12027 I chatty  : uid=1000(system) Binder:1316_1E expire 5 lines
07-18 01:23:46.323  1316  1342 I chatty  : uid=1000(system) ActivityManager expire 3 lines
07-18 01:23:46.324  1316  1754 I chatty  : uid=1000(system) MultiTaskManage expire 3 lines
07-18 01:23:46.355 13548 13548 D ActivityThread: Attach thread to application
07-18 01:23:46.486  1316  1524 I chatty  : uid=1000(system) Thread-29 expire 4 lines
07-18 01:23:47.184 13548 13548 D HwCustConnectivityManagerImpl: isBlockNetworkRequestByNonAis, INVALID_SUBSCRIPTION_ID
07-18 01:23:47.192 13548 13548 D HwCustConnectivityManagerImpl: isBlockNetworkRequestByNonAis, INVALID_SUBSCRIPTION_ID
07-18 01:23:47.447 13548 13598 W PackageParser: Unknown element under <manifest>: queries at /data/app/com.huawei.search-MwpBM_6s7aj4usAOtz_csQ==/base.apk Binary XML file line #165
07-18 01:23:47.448 13548 13598 W PackageParser: Unknown element under <manifest>: meta-data at /data/app/com.huawei.search-MwpBM_6s7aj4usAOtz_csQ==/base.apk Binary XML file line #209
07-18 01:23:47.626 13548 13598 D HwCustConnectivityManagerImpl: isBlockNetworkRequestByNonAis, INVALID_SUBSCRIPTION_ID
07-18 01:23:48.970  1316  1710 I chatty  : uid=1000(system) watchdog expire 3 lines
07-18 01:23:49.288  1761  1914 I DeepNoDisturbP: handleStateChanged reason=8
07-18 01:23:49.292  1761  1914 I HidataAppQoeP: handleStateChanged reason=8
07-18 01:23:49.299  1761  1914 I PreDnsQuery: handleStateChanged reason=8
07-18 01:23:49.300  1761  1914 I PreDnsQuery: No need to handled!
07-18 01:23:49.301  1761  1914 I BrowserChrP: handleStateChanged
07-18 01:24:00.008  1316  1316 I chatty  : uid=1000 system_server expire 6 lines
07-18 01:24:02.493  1316  1499 I chatty  : uid=1000(system) WifiStateMachin expire 3 lines
07-18 01:24:08.289  1316  1458 I chatty  : uid=1000(system) UEventObserver expire 12 lines
07-18 01:24:08.298  1316  1745 I chatty  : uid=1000(system) HwBinder:1316_4 expire 1 line
07-18 01:24:08.393  1316  3531 I chatty  : uid=1000(system) Binder:1316_11 expire 13 lines
07-18 01:24:08.469 13642 13642 D ActivityThread: Attach thread to application
07-18 01:24:09.307  1761  1914 I DeepNoDisturbP: handleStateChanged reason=8
07-18 01:24:09.317  1761  1914 I HidataAppQoeP: handleStateChanged reason=8
07-18 01:24:09.334  1761  1914 I PreDnsQuery: handleStateChanged reason=8
07-18 01:24:09.335  1761  1914 I PreDnsQuery: No need to handled!
07-18 01:24:09.335  1761  1914 I BrowserChrP: handleStateChanged
07-18 01:24:21.731  1316  1505 I chatty  : uid=1000(system) ConnectivitySer expire 43 lines
07-18 01:24:21.858  1316  1501 I chatty  : uid=1000(system) WifiScanningSer expire 2 lines
07-18 01:24:25.696   564   637 W SocketListener: sending broadcast to Pid = 1316, Uid = 1000 
07-18 01:24:25.698  1316  1492 I chatty  : uid=1000(system) NetdConnector expire 8 lines
07-18 01:24:25.705  1316  1348 I chatty  : uid=1000(system) android.fg expire 4 lines
07-18 01:24:29.363  1761  1914 I DeepNoDisturbP: handleStateChanged reason=8
07-18 01:24:29.380  1761  1914 I HidataAppQoeP: handleStateChanged reason=8
07-18 01:24:29.398  1761  1914 I PreDnsQuery: handleStateChanged reason=8
07-18 01:24:29.399  1761  1914 I PreDnsQuery: No need to handled!
07-18 01:24:29.399  1761  1914 I BrowserChrP: handleStateChanged
07-18 01:24:34.422  1316  1593 I chatty  : uid=1000(system) Binder:1316_4 expire 10 lines
07-18 01:24:40.506   747   758 I storaged: storaged_t::event: storage_info refreshed.
07-18 01:24:40.507   747   758 I storaged: storaged_t::event: Pidm reported.
07-18 01:24:40.516   747   758 E storaged: pid_info get_pids failed
07-18 01:24:43.407  1761  1774 I BoosterSwitchP: notifyUidState do nothing
07-18 01:24:43.407  1761  1774 I DeepNoDisturbP: notifyUidState
07-18 01:24:43.407  1761  1774 I BrowserChrP: notifyUidState
07-18 01:24:44.402  1316  1339 I chatty  : uid=1000(system) ActivityManager expire 1 line
07-18 01:24:44.686 13709 13709 D ActivityThread: Attach thread to application
07-18 01:24:45.233  1316 11355 I chatty  : uid=1000(system) Binder:1316_1C expire 15 lines
07-18 01:24:45.285  1761  1774 I BoosterSwitchP: notifyUidState do nothing
07-18 01:24:45.285  1761  1774 I DeepNoDisturbP: notifyUidState
07-18 01:24:45.285  1761  1774 I BrowserChrP: notifyUidState
07-18 01:24:49.420  1761  1914 I DeepNoDisturbP: handleStateChanged reason=8
07-18 01:24:49.432  1761  1914 I HidataAppQoeP: handleStateChanged reason=8
07-18 01:24:49.455  1761  1914 I PreDnsQuery: handleStateChanged reason=8
07-18 01:24:49.456  1761  1914 I PreDnsQuery: No need to handled!
07-18 01:24:49.457  1761  1914 I BrowserChrP: handleStateChanged
07-18 01:25:05.734   564   637 W SocketListener: sending broadcast to Pid = 1316, Uid = 1000 
07-18 01:25:09.473  1761  1914 I DeepNoDisturbP: handleStateChanged reason=8
07-18 01:25:09.480  1761  1914 I HidataAppQoeP: handleStateChanged reason=8
07-18 01:25:09.493  1761  1914 I PreDnsQuery: handleStateChanged reason=8
07-18 01:25:09.495  1761  1914 I PreDnsQuery: No need to handled!
07-18 01:25:09.495  1761  1914 I BrowserChrP: handleStateChanged
07-18 01:25:09.729  1316  1458 I chatty  : uid=1000(system) UEventObserver expire 6 lines
07-18 01:25:11.170  1316  1340 I chatty  : uid=1000(system) android.ui expire 5 lines
07-18 01:25:11.198  1316  1337 I chatty  : uid=1000(system) HwActivityManag expire 2 lines
07-18 01:25:11.200  1316  1351 I chatty  : uid=1000(system) HwGameAssistant expire 1 line
07-18 01:25:11.208  1761  7842 I BoosterSwitchP: notifyUidState do nothing
07-18 01:25:11.208  1761  7842 I DeepNoDisturbP: notifyUidState
07-18 01:25:11.208  1761  7842 I BrowserChrP: notifyUidState
07-18 01:25:11.220  2003  2490 I HwNetworkPolicyManager: getHwUidPolicy uid = 10290 policy = 0
07-18 01:25:11.234  1316  1593 I chatty  : uid=1000(system) Binder:1316_4 expire 15 lines
07-18 01:25:11.235 15408 13773 I HwNetworkPolicyManager: getHwUidPolicy uid = 10290 policy = 0
07-18 01:25:11.260  1316  1340 I chatty  : uid=1000(system) android.ui expire 100 lines
07-18 01:25:11.261  1316  1450 I chatty  : uid=1000(system) android.anim expire 19 lines
07-18 01:25:11.270 13548 13548 V ActivityThread: Skipping new config:{1.0 ?mcc?mnc [en_DE,de_DE] ldltr sw360dp w360dp h616dp 480dpi nrml long port finger -keyb/v/h -nav/h winConfig={ mBounds=Rect(0, 0 - 0, 0) mAppBounds=Rect(0, 0 - 1080, 1920) mWindowingMode=fullscreen mActivityType=undefined} nonFullScreen=0 suim:4 s.23}, config:{1.0 ?mcc?mnc [en_DE,de_DE] ldltr sw360dp w360dp h616dp 480dpi nrml long port finger -keyb/v/h -nav/h winConfig={ mBounds=Rect(0, 0 - 0, 0) mAppBounds=Rect(0, 0 - 1080, 1920) mWindowingMode=fullscreen mActivityType=undefined} nonFullScreen=0 suim:4 s.23} for app:com.huawei.search
07-18 01:25:11.278  1316  1336 I chatty  : uid=1000(system) android.bg expire 3 lines
07-18 01:25:11.286 13548 13548 V ActivityThread: callActivityOnCreate
07-18 01:25:11.378 13548 13548 D ActivityThread: add activity client record, r= ActivityRecord{79c01fb token=android.os.BinderProxy@2a262f8 {com.huawei.search/com.huawei.search.HomeActivity}} token= android.os.BinderProxy@2a262f8
07-18 01:25:11.385  1316  1316 I chatty  : uid=1000 system_server expire 5 lines
07-18 01:25:11.576  1316  3531 I chatty  : uid=1000(system) Binder:1316_11 expire 7 lines
07-18 01:25:11.630  1316  1337 I chatty  : uid=1000(system) HwActivityManag expire 1 line
07-18 01:25:11.630  1761  4080 I HidataAppQoeP: foregroundUidAdd uid: 10290 name: com.huawei.search activity state: true
07-18 01:25:11.634  1316 12027 I chatty  : uid=1000(system) Binder:1316_1E expire 1 line
07-18 01:25:11.732  1316  1350 I chatty  : uid=1000(system) android.display expire 1 line
07-18 01:25:12.231  1316  3111 I chatty  : uid=1000(system) Binder:1316_10 expire 6 lines
07-18 01:25:12.245  1316  8413 I chatty  : uid=1000(system) Binder:1316_16 expire 8 lines
07-18 01:25:12.469  1316 10965 I chatty  : uid=1000(system) Binder:1316_1A expire 2 lines
07-18 01:25:12.504  1316  8485 I chatty  : uid=1000(system) Binder:1316_17 expire 19 lines
07-18 01:25:12.972  1316 11355 I chatty  : uid=1000(system) Binder:1316_1C expire 8 lines
07-18 01:25:12.990  1316  1342 I chatty  : uid=1000(system) ActivityManager expire 3 lines
07-18 01:25:12.990  1316  1754 I chatty  : uid=1000(system) MultiTaskManage expire 3 lines
07-18 01:25:13.130  1316  1505 I chatty  : uid=1000(system) ConnectivitySer expire 50 lines
07-18 01:25:13.166 13942 13942 D ActivityThread: Attach thread to application
07-18 01:25:13.358 13548 13548 D HwCustConnectivityManagerImpl: isBlockNetworkRequestByNonAis, INVALID_SUBSCRIPTION_ID
07-18 01:25:13.365 13548 13548 D HwCustConnectivityManagerImpl: isBlockNetworkRequestByNonAis, INVALID_SUBSCRIPTION_ID
07-18 01:25:13.649  1761 13986 I BoosterSwitchP: notifyUidState do nothing
07-18 01:25:13.649  1761 13986 I DeepNoDisturbP: notifyUidState
07-18 01:25:13.649  1761 13986 I BrowserChrP: notifyUidState
07-18 01:25:13.814  1316  2413 I chatty  : uid=1000(system) Binder:1316_F expire 1 line
07-18 01:25:13.978  1316  1660 I chatty  : uid=1000(system) Binder:1316_5 expire 32 lines
07-18 01:25:15.822 14051 14051 D ActivityThread: Attach thread to application
07-18 01:25:17.140  1316  7252 I chatty  : uid=1000(system) Binder:1316_15 expire 21 lines
07-18 01:25:17.702 14090 14090 D ActivityThread: Attach thread to application
07-18 01:25:18.977  1316  1660 I chatty  : uid=1000(system) Binder:1316_5 expire 12 lines
07-18 01:25:18.978  1316  1710 I chatty  : uid=1000(system) watchdog expire 1 line
07-18 01:25:18.981  1316  1340 I chatty  : uid=1000(system) android.ui expire 40 lines
07-18 01:25:19.013  1316  1593 I chatty  : uid=1000(system) Binder:1316_4 expire 16 lines
07-18 01:25:19.019  1316  1337 I chatty  : uid=1000(system) HwActivityManag expire 7 lines
07-18 01:25:19.019 13746 13746 V ActivityThread: Skipping new config:{1.0 ?mcc?mnc [en_DE,de_DE] ldltr sw360dp w360dp h616dp 480dpi nrml long port finger -keyb/v/h -nav/h winConfig={ mBounds=Rect(0, 0 - 0, 0) mAppBounds=Rect(0, 0 - 1080, 1920) mWindowingMode=fullscreen mActivityType=undefined} nonFullScreen=0 suim:4 s.23}, config:{1.0 ?mcc?mnc [en_DE,de_DE] ldltr sw360dp w360dp h616dp 480dpi nrml long port finger -keyb/v/h -nav/h winConfig={ mBounds=Rect(0, 0 - 0, 0) mAppBounds=Rect(0, 0 - 1080, 1920) mWindowingMode=fullscreen mActivityType=undefined} nonFullScreen=0 suim:4 s.23} for app:com.huawei.android.launcher
07-18 01:25:19.019  1316  1351 I chatty  : uid=1000(system) HwGameAssistant expire 2 lines
07-18 01:25:19.021  1316 11355 I chatty  : uid=1000(system) Binder:1316_1C expire 11 lines
07-18 01:25:19.026  1761  1773 I BoosterSwitchP: notifyUidState do nothing
07-18 01:25:19.026  1761  1773 I DeepNoDisturbP: notifyUidState
07-18 01:25:19.026  1761  1773 I BrowserChrP: notifyUidState
07-18 01:25:19.026  1316  1336 I chatty  : uid=1000(system) android.bg expire 5 lines
07-18 01:25:19.030 13746 13746 V ActivityThread: callActivityOnCreate
07-18 01:25:19.030  2003  2490 I HwNetworkPolicyManager: getHwUidPolicy uid = 10064 policy = 0
07-18 01:25:19.081 13746 13746 D ActivityThread: add activity client record, r= ActivityRecord{42e999d token=android.os.BinderProxy@c0a786b {com.huawei.android.launcher/com.huawei.android.launcher.globalsearch.SearchLocalAppsActivity}} token= android.os.BinderProxy@c0a786b
07-18 01:25:19.091  1316  1450 I chatty  : uid=1000(system) android.anim expire 15 lines
07-18 01:25:19.097  1316 14124 I chatty  : uid=1000 system_server expire 1 line
07-18 01:25:19.102  1316  1342 I chatty  : uid=1000(system) ActivityManager expire 1 line
07-18 01:25:19.104  1316  1754 I chatty  : uid=1000(system) MultiTaskManage expire 1 line
07-18 01:25:19.116 14125 14125 D ActivityThread: Attach thread to application
07-18 01:25:19.129  1761  2203 I BoosterSwitchP: notifyUidState do nothing
07-18 01:25:19.129  1761  2203 I DeepNoDisturbP: notifyUidState
07-18 01:25:19.129  1761  2203 I BrowserChrP: notifyUidState
07-18 01:25:19.144  2003  2490 I HwNetworkPolicyManager: getHwUidPolicy uid = 10415 policy = 0
07-18 01:25:19.158  1316  1505 I chatty  : uid=1000(system) ConnectivitySer expire 93 lines
07-18 01:25:19.165  1316  1492 I chatty  : uid=1000(system) NetdConnector expire 6 lines
07-18 01:25:19.167  1316  1316 I chatty  : uid=1000 system_server expire 2 lines
07-18 01:25:19.169  1316  3111 I chatty  : uid=1000(system) Binder:1316_10 expire 3 lines
07-18 01:25:19.169 15408 13773 I HwNetworkPolicyManager: getHwUidPolicy uid = 10415 policy = 0
07-18 01:25:19.172  1316  1499 I chatty  : uid=1000(system) WifiStateMachin expire 2 lines
07-18 01:25:19.526 14125 14125 V ActivityThread: Skipping new config:{1.0 ?mcc?mnc [en_DE,de_DE] ldltr sw360dp w360dp h616dp 480dpi nrml long port finger -keyb/v/h -nav/h winConfig={ mBounds=Rect(0, 0 - 0, 0) mAppBounds=Rect(0, 0 - 1080, 1920) mWindowingMode=fullscreen mActivityType=undefined} nonFullScreen=0 suim:4 s.23}, config:{1.0 ?mcc?mnc [en_DE,de_DE] ldltr sw360dp w360dp h616dp 480dpi nrml long port finger -keyb/v/h -nav/h winConfig={ mBounds=Rect(0, 0 - 0, 0) mAppBounds=Rect(0, 0 - 1080, 1920) mWindowingMode=fullscreen mActivityType=undefined} nonFullScreen=0 suim:4 s.23} for app:host.exp.exponent
07-18 01:25:19.534 14125 14125 V ActivityThread: callActivityOnCreate
07-18 01:25:19.589 14125 14125 D ActivityThread: add activity client record, r= ActivityRecord{b19150c token=android.os.BinderProxy@fa1a1bb {host.exp.exponent/host.exp.exponent.experience.HomeActivity}} token= android.os.BinderProxy@fa1a1bb
07-18 01:25:19.611  1761  4080 I HidataAppQoeP: foregroundUidAdd uid: 10415 name: host.exp.exponent activity state: true
07-18 01:25:19.647  1612  1634 I CommandQueue: updateBarBgColor
07-18 01:25:19.647  1612  1634 D CommandQueue: CommandQueue, setBarBackgroundColor
07-18 01:25:19.823  1612  1634 I CommandQueue: updateBarBgColor
07-18 01:25:19.823  1612  1634 D CommandQueue: CommandQueue, setBarBackgroundColor
07-18 01:25:19.852 14125 14193 D HwCustConnectivityManagerImpl: isBlockNetworkRequestByNonAis, INVALID_SUBSCRIPTION_ID
07-18 01:25:20.365 14125 14193 D HwCustConnectivityManagerImpl: isBlockNetworkRequestByNonAis, INVALID_SUBSCRIPTION_ID
07-18 01:25:20.720  1316  1350 I chatty  : uid=1000(system) android.display expire 1 line
07-18 01:25:20.726 13746 13746 D ActivityThread: Remove activity client record, r= ActivityRecord{42e999d token=android.os.BinderProxy@c0a786b {com.huawei.android.launcher/com.huawei.android.launcher.globalsearch.SearchLocalAppsActivity}} token= android.os.BinderProxy@c0a786b
07-18 01:25:20.739  1761  8872 I BoosterSwitchP: notifyUidState do nothing
07-18 01:25:20.739  1761  8872 I DeepNoDisturbP: notifyUidState
07-18 01:25:20.739  1761  8872 I BrowserChrP: notifyUidState
07-18 01:25:20.745  1761  4080 I HidataAppQoeP: foregroundUidRemove uid: 10290 name: com.huawei.search
07-18 01:25:20.790  1761  8872 I BoosterSwitchP: notifyUidState do nothing
07-18 01:25:20.790  1761  8872 I DeepNoDisturbP: notifyUidState
07-18 01:25:20.790  1761  8872 I BrowserChrP: notifyUidState
07-18 01:25:20.818   564   638 W SocketListener: sending broadcast to Pid = 1316, Uid = 1000 
07-18 01:25:20.819  1316  1348 I chatty  : uid=1000(system) android.fg expire 2 lines
07-18 01:25:20.823  1316  1495 I chatty  : uid=1000(system) NetworkStats expire 5 lines
07-18 01:25:21.140  1612  1634 I CommandQueue: updateBarBgColor
07-18 01:25:21.140  1612  1634 D CommandQueue: CommandQueue, setBarBackgroundColor
07-18 01:25:29.513  1761  1914 I DeepNoDisturbP: handleStateChanged reason=8
07-18 01:25:29.522  1761  1914 I HidataAppQoeP: handleStateChanged reason=8
07-18 01:25:29.538  1761  1914 I PreDnsQuery: handleStateChanged reason=8
07-18 01:25:29.540  1761  1914 I PreDnsQuery: No need to handled!
07-18 01:25:29.540  1761  1914 I BrowserChrP: handleStateChanged
07-18 01:25:32.035  1316  1340 I chatty  : uid=1000(system) android.ui expire 10 lines
07-18 01:25:34.277  1316  1505 I chatty  : uid=1000(system) ConnectivitySer expire 1 line
07-18 01:25:35.438  1316 11355 I chatty  : uid=1000(system) Binder:1316_1C expire 18 lines
07-18 01:25:35.460  1316  1337 I chatty  : uid=1000(system) HwActivityManag expire 7 lines
07-18 01:25:35.462  1316  1340 I chatty  : uid=1000(system) android.ui expire 62 lines
07-18 01:25:35.467  1316  1450 I chatty  : uid=1000(system) android.anim expire 39 lines
07-18 01:25:35.470  1316 14336 I chatty  : uid=1000 system_server expire 1 line
07-18 01:25:35.479  1316  8413 I chatty  : uid=1000(system) Binder:1316_16 expire 21 lines
07-18 01:25:35.490 14125 14125 V ActivityThread: Skipping new config:{1.0 ?mcc?mnc [en_DE,de_DE] ldltr sw360dp w360dp h616dp 480dpi nrml long port finger -keyb/v/h -nav/h winConfig={ mBounds=Rect(0, 0 - 0, 0) mAppBounds=Rect(0, 0 - 1080, 1920) mWindowingMode=fullscreen mActivityType=undefined} nonFullScreen=0 suim:4 s.23}, config:{1.0 ?mcc?mnc [en_DE,de_DE] ldltr sw360dp w360dp h616dp 480dpi nrml long port finger -keyb/v/h -nav/h winConfig={ mBounds=Rect(0, 0 - 0, 0) mAppBounds=Rect(0, 0 - 1080, 1920) mWindowingMode=fullscreen mActivityType=undefined} nonFullScreen=0 suim:4 s.23} for app:host.exp.exponent
07-18 01:25:35.516 14125 14125 V ActivityThread: callActivityOnCreate
07-18 01:25:35.615 14125 14125 D ActivityThread: add activity client record, r= ActivityRecord{a08de8a token=android.os.BinderProxy@cac6d0f {host.exp.exponent/host.exp.exponent.experience.ExperienceActivity}} token= android.os.BinderProxy@cac6d0f
07-18 01:25:35.637  1316 12027 I chatty  : uid=1000(system) Binder:1316_1E expire 9 lines
07-18 01:25:35.637  1612  2152 I CommandQueue: updateBarBgColor
07-18 01:25:35.637  1612  2152 D CommandQueue: CommandQueue, setBarBackgroundColor
07-18 01:25:35.662  1316  1350 I chatty  : uid=1000(system) android.display expire 1 line
07-18 01:25:36.033  1316  1316 I chatty  : uid=1000 system_server expire 3 lines
07-18 01:25:37.167  1316  1479 I chatty  : uid=1000(system) InputDispatcher expire 33 lines
07-18 01:25:37.205  1316  3531 I chatty  : uid=1000(system) Binder:1316_11 expire 12 lines
07-18 01:25:37.206  1316  1351 I chatty  : uid=1000(system) HwGameAssistant expire 1 line
07-18 01:25:37.243  1761  8872 I BoosterSwitchP: notifyUidState do nothing
07-18 01:25:37.243  1761  8872 I DeepNoDisturbP: notifyUidState
07-18 01:25:37.243  1761  8872 I BrowserChrP: notifyUidState
07-18 01:25:37.245  1316  1336 I chatty  : uid=1000(system) android.bg expire 2 lines
07-18 01:25:37.257  2003  2490 I HwNetworkPolicyManager: getHwUidPolicy uid = 10064 policy = 0
07-18 01:25:37.258  1316  3111 I chatty  : uid=1000(system) Binder:1316_10 expire 3 lines
07-18 01:25:37.276 15092 15092 D HwCustConnectivityManagerImpl: isBlockNetworkRequestByNonAis, INVALID_SUBSCRIPTION_ID
07-18 01:25:37.277  1316  1505 I chatty  : uid=1000(system) ConnectivitySer expire 29 lines
07-18 01:25:37.311  1612  2152 I CommandQueue: updateBarBgColor
07-18 01:25:37.311  1612  2152 D CommandQueue: CommandQueue, setBarBackgroundColor
07-18 01:25:37.428  1761  4080 I HidataAppQoeP: foregroundUidRemove uid: 10415 name: host.exp.exponent
07-18 01:25:37.440  1761  8872 I BoosterSwitchP: notifyUidState do nothing
07-18 01:25:37.440  1761  8872 I DeepNoDisturbP: notifyUidState
07-18 01:25:37.440  1761  8872 I BrowserChrP: notifyUidState
07-18 01:25:37.444   564   638 W SocketListener: sending broadcast to Pid = 1316, Uid = 1000 
07-18 01:25:37.445  1316  1492 I chatty  : uid=1000(system) NetdConnector expire 8 lines
07-18 01:25:37.445  1316  1348 I chatty  : uid=1000(system) android.fg expire 4 lines
07-18 01:25:37.448  1316  1495 I chatty  : uid=1000(system) NetworkStats expire 10 lines
07-18 01:25:38.246  1316  1458 I chatty  : uid=1000(system) UEventObserver expire 11 lines
07-18 01:25:38.275  1316  1745 I chatty  : uid=1000(system) HwBinder:1316_4 expire 2 lines
07-18 01:25:39.448   564   638 W SocketListener: sending broadcast to Pid = 1316, Uid = 1000 
07-18 01:25:40.433  1316  1458 I chatty  : uid=1000(system) UEventObserver expire 1 line
07-18 01:25:40.516   747   758 I storaged: storaged_t::event: storage_info refreshed.
07-18 01:25:41.351 14125 14375 D HwCustConnectivityManagerImpl: isBlockNetworkRequestByNonAis, INVALID_SUBSCRIPTION_ID
07-18 01:25:41.352  1316  8413 I chatty  : uid=1000(system) Binder:1316_16 expire 9 lines
07-18 01:25:41.352  1316  1505 I chatty  : uid=1000(system) ConnectivitySer expire 26 lines
07-18 01:25:41.777  1316  3531 I chatty  : uid=1000(system) Binder:1316_11 expire 18 lines
07-18 01:25:41.782  1316  1337 I chatty  : uid=1000(system) HwActivityManag expire 9 lines
07-18 01:25:41.784  1316  1450 I chatty  : uid=1000(system) android.anim expire 19 lines
07-18 01:25:41.786  1316  1340 I chatty  : uid=1000(system) android.ui expire 65 lines
07-18 01:25:41.795  1316  1351 I chatty  : uid=1000(system) HwGameAssistant expire 2 lines
07-18 01:25:41.796  1316  3111 I chatty  : uid=1000(system) Binder:1316_10 expire 2 lines
07-18 01:25:41.803  1316  7252 I chatty  : uid=1000(system) Binder:1316_15 expire 8 lines
07-18 01:25:41.804 15408 13777 I HwNetworkPolicyManager: getHwUidPolicy uid = 10415 policy = 0
07-18 01:25:41.844  1761 19483 I BoosterSwitchP: notifyUidState do nothing
07-18 01:25:41.844  1761 19483 I DeepNoDisturbP: notifyUidState
07-18 01:25:41.844  1761 19483 I BrowserChrP: notifyUidState
07-18 01:25:41.849  1316  1336 I chatty  : uid=1000(system) android.bg expire 3 lines
07-18 01:25:41.851  2003  2490 I HwNetworkPolicyManager: getHwUidPolicy uid = 10415 policy = 0
07-18 01:25:41.854  1761  4080 I HidataAppQoeP: foregroundUidAdd uid: 10415 name: host.exp.exponent activity state: true
07-18 01:25:41.857  1612 21497 I CommandQueue: updateBarBgColor
07-18 01:25:41.857  1612 21497 D CommandQueue: CommandQueue, setBarBackgroundColor
07-18 01:25:41.923  1316 11355 I chatty  : uid=1000(system) Binder:1316_1C expire 1 line
07-18 01:25:42.003  1761  8872 I BoosterSwitchP: notifyUidState do nothing
07-18 01:25:42.003  1761  8872 I DeepNoDisturbP: notifyUidState
07-18 01:25:42.003  1761  8872 I BrowserChrP: notifyUidState
07-18 01:25:42.271  1316  1350 I chatty  : uid=1000(system) android.display expire 4 lines
07-18 01:25:42.312  1316  1316 I chatty  : uid=1000 system_server expire 8 lines
07-18 01:25:42.656  1316 12027 I chatty  : uid=1000(system) Binder:1316_1E expire 1 line
07-18 01:25:42.657  1761  8872 I BoosterSwitchP: notifyUidState do nothing
07-18 01:25:42.657  1761  8872 I DeepNoDisturbP: notifyUidState
07-18 01:25:42.657  1761  8872 I BrowserChrP: notifyUidState
07-18 01:25:43.158  1316  1524 I chatty  : uid=1000(system) Thread-29 expire 14 lines
07-18 01:25:44.003  1612 21497 I CommandQueue: updateBarBgColor
07-18 01:25:44.003  1612 21497 D CommandQueue: CommandQueue, setBarBackgroundColor
07-18 01:25:44.520 14125 14420 I PermissionManager: camera remind result:true
07-18 01:25:44.520 14125 14420 I BackgroundPermManager: pkgName: host.exp.exponent,pid: 14125 ,uidOf3RdApk: 10415 ,permType: 0 ,permCfg: 1
07-18 01:25:45.013  1761  2203 I BoosterSwitchP: notifyUidState do nothing
07-18 01:25:45.013  1761  2203 I DeepNoDisturbP: notifyUidState
07-18 01:25:45.013  1761  2203 I BrowserChrP: notifyUidState
07-18 01:25:45.016  1316  1593 I chatty  : uid=1000(system) Binder:1316_4 expire 2 lines
07-18 01:25:45.021  1316 10965 I chatty  : uid=1000(system) Binder:1316_1A expire 6 lines
07-18 01:25:45.038  1761  2203 I BoosterSwitchP: notifyUidState do nothing
07-18 01:25:45.038  1761  2203 I DeepNoDisturbP: notifyUidState
07-18 01:25:45.038  1761  2203 I BrowserChrP: notifyUidState
07-18 01:25:45.039  1761  2203 I BoosterSwitchP: notifyUidState do nothing
07-18 01:25:45.039  1761  2203 I DeepNoDisturbP: notifyUidState
07-18 01:25:45.039  1761  2203 I BrowserChrP: notifyUidState
07-18 01:25:45.717  1761  8872 I BoosterSwitchP: notifyUidState do nothing
07-18 01:25:45.717  1761  8872 I DeepNoDisturbP: notifyUidState
07-18 01:25:45.717  1761  8872 I BrowserChrP: notifyUidState
07-18 01:25:45.718  1316 11681 I chatty  : uid=1000(system) Binder:1316_1D expire 25 lines
07-18 01:25:45.727  1761  4242 I BoosterSwitchP: notifyUidState do nothing
07-18 01:25:45.727  1761  4242 I DeepNoDisturbP: notifyUidState
07-18 01:25:45.727  1761  4242 I BrowserChrP: notifyUidState
07-18 01:25:45.736  1761  4242 I BoosterSwitchP: notifyUidState do nothing
07-18 01:25:45.736  1761  4242 I DeepNoDisturbP: notifyUidState
07-18 01:25:45.736  1761  4242 I BrowserChrP: notifyUidState
07-18 01:25:45.954  1316 13421 I chatty  : uid=1000 system_server expire 7 lines
07-18 01:25:45.969  1316  1550 I chatty  : uid=1000(system) iaware.clean expire 8 lines
07-18 01:25:46.001  1761 19483 I BoosterSwitchP: notifyUidState do nothing
07-18 01:25:46.001  1761 19483 I DeepNoDisturbP: notifyUidState
07-18 01:25:46.001  1761 19483 I BrowserChrP: notifyUidState
07-18 01:25:46.006  1761 13986 I BoosterSwitchP: notifyUidState do nothing
07-18 01:25:46.006  1761 13986 I DeepNoDisturbP: notifyUidState
07-18 01:25:46.006  1761 13986 I BrowserChrP: notifyUidState
07-18 01:25:46.014  1761 13986 I BoosterSwitchP: notifyUidState do nothing
07-18 01:25:46.014  1761 13986 I DeepNoDisturbP: notifyUidState
07-18 01:25:46.014  1761 13986 I BrowserChrP: notifyUidState
07-18 01:25:46.016  1761 19483 I BoosterSwitchP: notifyUidState do nothing
07-18 01:25:46.017  1761 19483 I DeepNoDisturbP: notifyUidState
07-18 01:25:46.017  1761 19483 I BrowserChrP: notifyUidState
07-18 01:25:46.017  1761 19483 I BoosterSwitchP: notifyUidState do nothing
07-18 01:25:46.017  1761 19483 I DeepNoDisturbP: notifyUidState
07-18 01:25:46.017  1761 19483 I BrowserChrP: notifyUidState
07-18 01:25:46.026 14125 14420 I BackgroundPermManager: pkgName: host.exp.exponent,pid: 14125 ,uidOf3RdApk: 10415 ,permType: 0 ,permCfg: 0
07-18 01:25:46.030  1761  5508 I BoosterSwitchP: notifyUidState do nothing
07-18 01:25:46.030  1761  5508 I DeepNoDisturbP: notifyUidState
07-18 01:25:46.030  1761  5508 I BrowserChrP: notifyUidState
07-18 01:25:46.031  1761  4242 I BoosterSwitchP: notifyUidState do nothing
07-18 01:25:46.031  1761  4242 I DeepNoDisturbP: notifyUidState
07-18 01:25:46.031  1761  4242 I BrowserChrP: notifyUidState
07-18 01:25:46.056  1316 10971 I chatty  : uid=1000(system) Binder:1316_1B expire 27 lines
07-18 01:25:46.636  1316  1339 I chatty  : uid=1000(system) ActivityManager expire 6 lines
07-18 01:25:46.642 12116 12116 V ActivityThread: Skipping new config:{1.0 ?mcc?mnc [en_DE,de_DE] ldltr sw360dp w360dp h616dp 480dpi nrml long port finger -keyb/v/h -nav/h winConfig={ mBounds=Rect(0, 0 - 0, 0) mAppBounds=Rect(0, 0 - 1080, 1920) mWindowingMode=fullscreen mActivityType=undefined} nonFullScreen=0 suim:4 s.23}, config:{1.0 ?mcc?mnc [en_DE,de_DE] ldltr sw360dp w360dp h616dp 480dpi nrml long port finger -keyb/v/h -nav/h winConfig={ mBounds=Rect(0, 0 - 0, 0) mAppBounds=Rect(0, 0 - 1080, 1920) mWindowingMode=fullscreen mActivityType=undefined} nonFullScreen=0 suim:4 s.23} for app:com.anonymous.smartswapsmobile
07-18 01:25:46.653  1761  5508 I BoosterSwitchP: notifyUidState do nothing
07-18 01:25:46.653  1761  5508 I DeepNoDisturbP: notifyUidState
07-18 01:25:46.653  1761  5508 I BrowserChrP: notifyUidState
07-18 01:25:46.653 15408 14121 I HwNetworkPolicyManager: getHwUidPolicy uid = 10416 policy = 0
07-18 01:25:46.681  2003  2490 I HwNetworkPolicyManager: getHwUidPolicy uid = 10416 policy = 0
07-18 01:25:46.686 12116 12116 V ActivityThread: callActivityOnCreate
07-18 01:25:46.748 12116 12116 D ActivityThread: add activity client record, r= ActivityRecord{bfe5cd7 token=android.os.BinderProxy@448e5da {com.anonymous.smartswapsmobile/com.anonymous.smartswapsmobile.MainActivity}} token= android.os.BinderProxy@448e5da
07-18 01:25:46.766  1761  4080 I HidataAppQoeP: foregroundUidAdd uid: 10416 name: com.anonymous.smartswapsmobile activity state: true
07-18 01:25:46.805  1612 21497 I CommandQueue: updateBarBgColor
07-18 01:25:46.805  1612 21497 D CommandQueue: CommandQueue, setBarBackgroundColor
07-18 01:25:47.082  1316 14516 I chatty  : uid=1000 system_server expire 1 line
07-18 01:25:47.089 12116 12116 D ActivityThread: Remove activity client record, r= ActivityRecord{2910fdd token=android.os.BinderProxy@12da2bb {com.anonymous.smartswapsmobile/expo.modules.devlauncher.launcher.DevLauncherActivity}} token= android.os.BinderProxy@12da2bb
07-18 01:25:47.129 12116 12116 V ActivityThread: Skipping new config:{1.0 ?mcc?mnc [en_DE,de_DE] ldltr sw360dp w360dp h616dp 480dpi nrml long port finger -keyb/v/h -nav/h winConfig={ mBounds=Rect(0, 0 - 0, 0) mAppBounds=Rect(0, 0 - 1080, 1920) mWindowingMode=fullscreen mActivityType=undefined} nonFullScreen=0 suim:4 s.23}, config:{1.0 ?mcc?mnc [en_DE,de_DE] ldltr sw360dp w360dp h616dp 480dpi nrml long port finger -keyb/v/h -nav/h winConfig={ mBounds=Rect(0, 0 - 0, 0) mAppBounds=Rect(0, 0 - 1080, 1920) mWindowingMode=fullscreen mActivityType=undefined} nonFullScreen=0 suim:4 s.23} for app:com.anonymous.smartswapsmobile
07-18 01:25:47.135 12116 12116 V ActivityThread: callActivityOnCreate
07-18 01:25:47.191 12116 12116 D ActivityThread: add activity client record, r= ActivityRecord{7cc998b token=android.os.BinderProxy@f955cb4 {com.anonymous.smartswapsmobile/com.anonymous.smartswapsmobile.MainActivity}} token= android.os.BinderProxy@f955cb4
07-18 01:25:47.197  1316 10971 I chatty  : uid=1000(system) Binder:1316_1B expire 13 lines
07-18 01:25:47.198  1316  1340 I chatty  : uid=1000(system) android.ui expire 50 lines
07-18 01:25:47.201  1316 11681 I chatty  : uid=1000(system) Binder:1316_1D expire 30 lines
07-18 01:25:47.205  1316  1337 I chatty  : uid=1000(system) HwActivityManag expire 4 lines
07-18 01:25:47.291  1316  1450 I chatty  : uid=1000(system) android.anim expire 28 lines
07-18 01:25:47.302  1316  1350 I chatty  : uid=1000(system) android.display expire 2 lines
07-18 01:25:47.422 12116 12116 D ActivityThread: Remove activity client record, r= ActivityRecord{bfe5cd7 token=android.os.BinderProxy@448e5da {com.anonymous.smartswapsmobile/com.anonymous.smartswapsmobile.MainActivity}} token= android.os.BinderProxy@448e5da
07-18 01:25:47.436  1761  4080 I HidataAppQoeP: foregroundUidRemove uid: 10415 name: host.exp.exponent
07-18 01:25:47.440  1761  4242 I BoosterSwitchP: notifyUidState do nothing
07-18 01:25:47.440  1761  4242 I DeepNoDisturbP: notifyUidState
07-18 01:25:47.440  1761  4242 I BrowserChrP: notifyUidState
07-18 01:25:47.475  1316  1336 I chatty  : uid=1000(system) android.bg expire 1 line
07-18 01:25:47.547   564   638 W SocketListener: sending broadcast to Pid = 1316, Uid = 1000 
07-18 01:25:47.549  1316  1492 I chatty  : uid=1000(system) NetdConnector expire 10 lines
07-18 01:25:47.550  1316  1348 I chatty  : uid=1000(system) android.fg expire 4 lines
07-18 01:25:47.555  1316  1495 I chatty  : uid=1000(system) NetworkStats expire 18 lines
07-18 01:25:48.982  1316  1710 I chatty  : uid=1000(system) watchdog expire 1 line
07-18 01:25:49.567  1761  1914 I DeepNoDisturbP: handleStateChanged reason=8
07-18 01:25:49.574  1761  1914 I HidataAppQoeP: handleStateChanged reason=8
07-18 01:25:49.593  1761  1914 I PreDnsQuery: handleStateChanged reason=8
07-18 01:25:49.595  1761  1914 I PreDnsQuery: No need to handled!
07-18 01:25:49.595  1761  1914 I BrowserChrP: handleStateChanged
07-18 01:25:49.820 12116 14524 E AndroidRuntime: FATAL EXCEPTION: pool-1-thread-1
07-18 01:25:49.820 12116 14524 E AndroidRuntime: Process: com.anonymous.smartswapsmobile, PID: 12116
07-18 01:25:49.820 12116 14524 E AndroidRuntime: java.lang.NoSuchMethodError: No static method getDirectConverter(Ljava/lang/Class;)Lexpo/modules/kotlin/types/JSTypeConverter; in class Lexpo/modules/kotlin/types/ReturnTypeKt; or its super classes (declaration of 'expo.modules.kotlin.types.ReturnTypeKt' appears in /data/app/com.anonymous.smartswapsmobile-vxxl9-16kEJP4MSbLk_A9A==/base.apk!classes2.dex)
07-18 01:25:49.820 12116 14524 E AndroidRuntime: 	at expo.modules.font.FontLoaderModule.definition(FontLoaderModule.kt:98)
07-18 01:25:49.820 12116 14524 E AndroidRuntime: 	at expo.modules.kotlin.ModuleHolder.<init>(ModuleHolder.kt:22)
07-18 01:25:49.820 12116 14524 E AndroidRuntime: 	at expo.modules.kotlin.ModuleRegistry.register(ModuleRegistry.kt:27)
07-18 01:25:49.820 12116 14524 E AndroidRuntime: 	at expo.modules.kotlin.ModuleRegistry.register(ModuleRegistry.kt:47)
07-18 01:25:49.820 12116 14524 E AndroidRuntime: 	at expo.modules.kotlin.AppContext.<init>(AppContext.kt:120)
07-18 01:25:49.820 12116 14524 E AndroidRuntime: 	at expo.modules.kotlin.KotlinInteropModuleRegistry.<init>(KotlinInteropModuleRegistry.kt:23)
07-18 01:25:49.820 12116 14524 E AndroidRuntime: 	at expo.modules.adapters.react.NativeModulesProxy.<init>(NativeModulesProxy.java:45)
07-18 01:25:49.820 12116 14524 E AndroidRuntime: 	at expo.modules.adapters.react.ModuleRegistryAdapter.getOrCreateNativeModulesProxy(ModuleRegistryAdapter.java:135)
07-18 01:25:49.820 12116 14524 E AndroidRuntime: 	at expo.modules.adapters.react.ModuleRegistryAdapter.createNativeModules(ModuleRegistryAdapter.java:64)
07-18 01:25:49.820 12116 14524 E AndroidRuntime: 	at expo.modules.ExpoModulesPackage.createNativeModules(ExpoModulesPackage.kt:35)
07-18 01:25:49.820 12116 14524 E AndroidRuntime: 	at com.facebook.react.ReactPackageTurboModuleManagerDelegate.initialize(ReactPackageTurboModuleManagerDelegate.kt:87)
07-18 01:25:49.820 12116 14524 E AndroidRuntime: 	at com.facebook.react.ReactPackageTurboModuleManagerDelegate.<init>(ReactPackageTurboModuleManagerDelegate.kt:45)
07-18 01:25:49.820 12116 14524 E AndroidRuntime: 	at com.facebook.react.defaults.DefaultTurboModuleManagerDelegate.<init>(DefaultTurboModuleManagerDelegate.kt:35)
07-18 01:25:49.820 12116 14524 E AndroidRuntime: 	at com.facebook.react.defaults.DefaultTurboModuleManagerDelegate.<init>(Unknown Source:0)
07-18 01:25:49.820 12116 14524 E AndroidRuntime: 	at com.facebook.react.defaults.DefaultTurboModuleManagerDelegate$Builder.build(DefaultTurboModuleManagerDelegate.kt:62)
07-18 01:25:49.820 12116 14524 E AndroidRuntime: 	at com.facebook.react.defaults.DefaultTurboModuleManagerDelegate$Builder.build(DefaultTurboModuleManagerDelegate.kt:42)
07-18 01:25:49.820 12116 14524 E AndroidRuntime: 	at com.facebook.react.ReactPackageTurboModuleManagerDelegate$Builder.build(ReactPackageTurboModuleManagerDelegate.kt:241)
07-18 01:25:49.820 12116 14524 E AndroidRuntime: 	at com.facebook.react.runtime.ReactInstance.<init>(ReactInstance.kt:168)
07-18 01:25:49.820 12116 14524 E AndroidRuntime: 	at com.facebook.react.runtime.ReactHostImpl.getOrCreateReactInstanceTask$lambda$41$lambda$38(ReactHostImpl.kt:920)
07-18 01:25:49.820 12116 14524 E AndroidRuntime: 	at com.facebook.react.runtime.ReactHostImpl.$r8$lambda$LQY77bFECGrnkUqd7Ku55sJ721A(Unknown Source:0)
07-18 01:25:49.820 12116 14524 E AndroidRuntime: 	at com.facebook.react.runtime.ReactHostImpl$$ExternalSyntheticLambda22.then(D8$$SyntheticClass:0)
07-18 01:25:49.820 12116 14524 E AndroidRuntime: 	at com.facebook.react.runtime.internal.bolts.Task$Companion.completeImmediately$lambda$3(Task.kt:356)
07-18 01:25:49.820 12116 14524 E AndroidRuntime: 	at com.facebook.react.runtime.internal.bolts.Task$Companion.$r8$lambda$b7MTC0ufkn_2TjF4BGcNqGR9qK0(Unknown Source:0)
07-18 01:25:49.820 12116 14524 E AndroidRuntime: 	at com.facebook.react.runtime.internal.bolts.Task$Companion$$ExternalSyntheticLambda3.run(D8$$SyntheticClass:0)
07-18 01:25:49.820 12116 14524 E AndroidRuntime: 	at com.facebook.react.runtime.internal.bolts.Executors$ImmediateExecutor.execute(Executors.kt:41)
07-18 01:25:49.820 12116 14524 E AndroidRuntime: 	at com.facebook.react.runtime.internal.bolts.Task$Companion.completeImmediately(Task.kt:354)
07-18 01:25:49.820 12116 14524 E AndroidRuntime: 	at com.facebook.react.runtime.internal.bolts.Task$Companion.access$completeImmediately(Task.kt:250)
07-18 01:25:49.820 12116 14524 E AndroidRuntime: 	at com.facebook.react.runtime.internal.bolts.Task.continueWith(Task.kt:132)
07-18 01:25:49.820 12116 14524 E AndroidRuntime: 	at com.facebook.react.runtime.internal.bolts.Task.continueWith$default(Task.kt:117)
07-18 01:25:49.820 12116 14524 E AndroidRuntime: 	at com.facebook.react.runtime.internal.bolts.Task.onSuccess$lambda$12(Task.kt:174)
07-18 01:25:49.820 12116 14524 E AndroidRuntime: 	at com.facebook.react.runtime.internal.bolts.Task.$r8$lambda$l0wwo5AvbHxlwfI1R7CH_codxoo(Unknown Source:0)
07-18 01:25:49.820 12116 14524 E AndroidRuntime: 	at com.facebook.react.runtime.internal.bolts.Task$$ExternalSyntheticLambda2.then(D8$$SyntheticClass:0)
07-18 01:25:49.820 12116 14524 E AndroidRuntime: 	at com.facebook.react.runtime.internal.bolts.Task$Companion.completeAfterTask$lambda$5(Task.kt:390)
07-18 01:25:49.820 12116 14524 E AndroidRuntime: 	at com.facebook.react.runtime.internal.bolts.Task$Companion.$r8$lambda$IPpysnehFwANEiW061YzapkMdoE(Unknown Source:0)
07-18 01:25:49.820 12116 14524 E AndroidRuntime: 	at com.facebook.react.runtime.internal.bolts.Task$Companion$$ExternalSyntheticLambda4.run(D8$$SyntheticClass:0)
07-18 01:25:49.820 12116 14524 E AndroidRuntime: 	at java.util.concurrent.ThreadPoolExecutor.processTask(ThreadPoolExecutor.java:1187)
07-18 01:25:49.821 12116 14524 E AndroidRuntime: 	at java.util.concurrent.ThreadPoolExecutor.runWorker(ThreadPoolExecutor.java:1152)
07-18 01:25:49.821 12116 14524 E AndroidRuntime: 	at java.util.concurrent.ThreadPoolExecutor$Worker.run(ThreadPoolExecutor.java:641)
07-18 01:25:49.821 12116 14524 E AndroidRuntime: 	at java.lang.Thread.run(Thread.java:784)
07-18 01:25:49.890   564   638 W SocketListener: sending broadcast to Pid = 1316, Uid = 1000 
07-18 01:25:49.897  1316  7252 I chatty  : uid=1000(system) Binder:1316_15 expire 8 lines
07-18 01:25:49.898 12116 12116 V ActivityThread: Skipping new config:{1.0 ?mcc?mnc [en_DE,de_DE] ldltr sw360dp w360dp h616dp 480dpi nrml long port finger -keyb/v/h -nav/h winConfig={ mBounds=Rect(0, 0 - 0, 0) mAppBounds=Rect(0, 0 - 1080, 1920) mWindowingMode=fullscreen mActivityType=undefined} nonFullScreen=0 suim:4 s.23}, config:{1.0 ?mcc?mnc [en_DE,de_DE] ldltr sw360dp w360dp h616dp 480dpi nrml long port finger -keyb/v/h -nav/h winConfig={ mBounds=Rect(0, 0 - 0, 0) mAppBounds=Rect(0, 0 - 1080, 1920) mWindowingMode=fullscreen mActivityType=undefined} nonFullScreen=0 suim:4 s.23} for app:com.anonymous.smartswapsmobile
07-18 01:25:49.904  1316 14603 I chatty  : uid=1000 system_server expire 1 line
07-18 01:25:49.921 12116 12116 V ActivityThread: callActivityOnCreate
07-18 01:25:49.930  1316  1316 I chatty  : uid=1000 system_server expire 17 lines
07-18 01:25:49.948 12116 12116 D ActivityThread: add activity client record, r= ActivityRecord{3d946aa token=android.os.BinderProxy@3e309a2 {com.anonymous.smartswapsmobile/expo.modules.devlauncher.launcher.errors.DevLauncherErrorActivity}} token= android.os.BinderProxy@3e309a2
07-18 01:25:49.967  1316 12512 I chatty  : uid=1000(system) Binder:1316_1F expire 2 lines
07-18 01:25:50.123  1612  2188 I CommandQueue: updateBarBgColor
07-18 01:25:50.123  1612  2188 D CommandQueue: CommandQueue, setBarBackgroundColor
07-18 01:25:50.213 12116 12116 D ActivityThread: Remove activity client record, r= ActivityRecord{7cc998b token=android.os.BinderProxy@f955cb4 {com.anonymous.smartswapsmobile/com.anonymous.smartswapsmobile.MainActivity}} token= android.os.BinderProxy@f955cb4
07-18 01:26:00.877  1316  1342 I chatty  : uid=1000(system) ActivityManager expire 1 line
07-18 01:26:00.878  1316  1754 I chatty  : uid=1000(system) MultiTaskManage expire 1 line
07-18 01:26:00.919 14653 14653 D ActivityThread: Attach thread to application
07-18 01:26:02.631  1316 10965 I chatty  : uid=1000(system) Binder:1316_1A expire 2 lines
07-18 01:26:02.728 14653 14734 D HwCustConnectivityManagerImpl: isBlockNetworkRequestByNonAis, INVALID_SUBSCRIPTION_ID
07-18 01:26:02.731  1316  1505 I chatty  : uid=1000(system) ConnectivitySer expire 65 lines
07-18 01:26:02.732 14653 14734 D HwCustConnectivityManagerImpl: isBlockNetworkRequestByNonAis, INVALID_SUBSCRIPTION_ID
07-18 01:26:02.861 14653 14738 D HwCustConnectivityManagerImpl: isBlockNetworkRequestByNonAis, INVALID_SUBSCRIPTION_ID
07-18 01:26:02.862  1316 11681 I chatty  : uid=1000(system) Binder:1316_1D expire 18 lines
07-18 01:26:02.863  1316  1505 I chatty  : uid=1000(system) ConnectivitySer expire 128 lines
07-18 01:26:02.998  1316  1339 I chatty  : uid=1000(system) ActivityManager expire 1 line
07-18 01:26:03.268 14653 14766 D HwCustConnectivityManagerImpl: isBlockNetworkRequestByNonAis, INVALID_SUBSCRIPTION_ID
07-18 01:26:03.632  1316  7252 I chatty  : uid=1000(system) Binder:1316_15 expire 19 lines
07-18 01:26:03.646  1316  1316 I chatty  : uid=1000 system_server expire 3 lines
07-18 01:26:05.142  1316 10971 I chatty  : uid=1000(system) Binder:1316_1B expire 16 lines
07-18 01:26:05.168  1316  1342 I chatty  : uid=1000(system) ActivityManager expire 3 lines
07-18 01:26:05.169  1316  1754 I chatty  : uid=1000(system) MultiTaskManage expire 3 lines
07-18 01:26:05.528 14799 14799 D ActivityThread: Attach thread to application
07-18 01:26:06.854 14653 14723 D HwCustConnectivityManagerImpl: isBlockNetworkRequestByNonAis, INVALID_SUBSCRIPTION_ID
07-18 01:26:08.095 14898 14898 D ActivityThread: Attach thread to application
07-18 01:26:08.350  1316  1340 I chatty  : uid=1000(system) android.ui expire 28 lines
07-18 01:26:08.354  1316  1337 I chatty  : uid=1000(system) HwActivityManag expire 3 lines
07-18 01:26:08.363  1316  1450 I chatty  : uid=1000(system) android.anim expire 14 lines
07-18 01:26:08.371  1316 14919 I chatty  : uid=1000 system_server expire 1 line
07-18 01:26:08.376 12116 12116 V ActivityThread: Skipping new config:{1.0 ?mcc?mnc [en_DE,de_DE] ldltr sw360dp w360dp h616dp 480dpi nrml long port finger -keyb/v/h -nav/h winConfig={ mBounds=Rect(0, 0 - 0, 0) mAppBounds=Rect(0, 0 - 1080, 1920) mWindowingMode=fullscreen mActivityType=undefined} nonFullScreen=0 suim:4 s.23}, config:{1.0 ?mcc?mnc [en_DE,de_DE] ldltr sw360dp w360dp h616dp 480dpi nrml long port finger -keyb/v/h -nav/h winConfig={ mBounds=Rect(0, 0 - 0, 0) mAppBounds=Rect(0, 0 - 1080, 1920) mWindowingMode=fullscreen mActivityType=undefined} nonFullScreen=0 suim:4 s.23} for app:com.anonymous.smartswapsmobile
07-18 01:26:08.385 12116 12116 V ActivityThread: callActivityOnCreate
07-18 01:26:08.413 12116 12116 D ActivityThread: add activity client record, r= ActivityRecord{4883faf token=android.os.BinderProxy@2e47d1d {com.anonymous.smartswapsmobile/expo.modules.devlauncher.launcher.DevLauncherActivity}} token= android.os.BinderProxy@2e47d1d
07-18 01:26:08.726  1612  2188 I CommandQueue: updateBarBgColor
07-18 01:26:08.726  1612  2188 D CommandQueue: CommandQueue, setBarBackgroundColor
07-18 01:26:08.781 14799 14799 D HwCustConnectivityManagerImpl: isBlockNetworkRequestByNonAis, INVALID_SUBSCRIPTION_ID
07-18 01:26:08.786 14799 14799 D HwCustConnectivityManagerImpl: isBlockNetworkRequestByNonAis, INVALID_SUBSCRIPTION_ID
07-18 01:26:08.798 14967 14967 D ActivityThread: Attach thread to application
07-18 01:26:08.835  1316  1350 I chatty  : uid=1000(system) android.display expire 1 line
07-18 01:26:08.906 12116 12116 D ActivityThread: Remove activity client record, r= ActivityRecord{3d946aa token=android.os.BinderProxy@3e309a2 {com.anonymous.smartswapsmobile/expo.modules.devlauncher.launcher.errors.DevLauncherErrorActivity}} token= android.os.BinderProxy@3e309a2
07-18 01:26:09.325  1316 10965 I chatty  : uid=1000(system) Binder:1316_1A expire 10 lines
07-18 01:26:09.672  1761  1914 I DeepNoDisturbP: handleStateChanged reason=8
07-18 01:26:09.675  1761  1914 I HidataAppQoeP: handleStateChanged reason=8
07-18 01:26:09.685  1761  1914 I PreDnsQuery: handleStateChanged reason=8
07-18 01:26:09.686  1761  1914 I PreDnsQuery: No need to handled!
07-18 01:26:09.686  1761  1914 I BrowserChrP: handleStateChanged
07-18 01:26:11.152  1316  1458 I chatty  : uid=1000(system) UEventObserver expire 6 lines
07-18 01:26:11.160  1316  1745 I chatty  : uid=1000(system) HwBinder:1316_4 expire 1 line
07-18 01:26:11.727  1316  1479 I chatty  : uid=1000(system) InputDispatcher expire 3 lines
07-18 01:26:11.997  1316  1520 I chatty  : uid=1000(system) AudioService expire 3 lines
07-18 01:26:12.047  1316  7252 I chatty  : uid=1000(system) Binder:1316_15 expire 11 lines
07-18 01:26:12.109  1316  1340 I chatty  : uid=1000(system) android.ui expire 3 lines
07-18 01:26:12.250  1316  1342 I chatty  : uid=1000(system) ActivityManager expire 1 line
07-18 01:26:12.252  1316  1754 I chatty  : uid=1000(system) MultiTaskManage expire 1 line
07-18 01:26:12.276 15027 15027 D ActivityThread: Attach thread to application
07-18 01:26:12.312  1316  1336 I chatty  : uid=1000(system) android.bg expire 2 lines
07-18 01:26:12.326  1316  1492 I chatty  : uid=1000(system) NetdConnector expire 6 lines
07-18 01:26:12.330  1316  1316 I chatty  : uid=1000 system_server expire 11 lines
07-18 01:26:12.454  1316 11681 I chatty  : uid=1000(system) Binder:1316_1D expire 1 line
07-18 01:26:13.425 14799 15049 D HwCustConnectivityManagerImpl: isBlockNetworkRequestByNonAis, INVALID_SUBSCRIPTION_ID
07-18 01:26:13.432  1316  1505 I chatty  : uid=1000(system) ConnectivitySer expire 66 lines
07-18 01:26:13.434 14799 15049 D HwCustConnectivityManagerImpl: isBlockNetworkRequestByNonAis, INVALID_SUBSCRIPTION_ID
07-18 01:26:18.984  1316  1710 I chatty  : uid=1000(system) watchdog expire 2 lines
07-18 01:26:19.664  1316 10971 I chatty  : uid=1000(system) Binder:1316_1B expire 7 lines
07-18 01:26:23.561  1316 10965 I chatty  : uid=1000(system) Binder:1316_1A expire 2 lines
07-18 01:26:29.688  1761  1914 I DeepNoDisturbP: handleStateChanged reason=8
07-18 01:26:29.713  1761  1914 I HidataAppQoeP: handleStateChanged reason=8
07-18 01:26:29.758  1761  1914 I PreDnsQuery: handleStateChanged reason=8
07-18 01:26:29.764  1761  1914 I PreDnsQuery: No need to handled!
07-18 01:26:29.764  1761  1914 I BrowserChrP: handleStateChanged
07-18 01:26:40.519   747   758 I storaged: storaged_t::event: storage_info refreshed.
07-18 01:26:41.897  1316  1458 I chatty  : uid=1000(system) UEventObserver expire 6 lines
07-18 01:26:41.916  1316  1745 I chatty  : uid=1000(system) HwBinder:1316_4 expire 1 line
07-18 01:26:42.623  1316  1316 I chatty  : uid=1000 system_server expire 10 lines
07-18 01:26:43.724  1316  1593 I chatty  : uid=1000(system) Binder:1316_4 expire 1 line
07-18 01:26:46.854  1316  1505 I chatty  : uid=1000(system) ConnectivitySer expire 59 lines
07-18 01:26:46.940  1316  1499 I chatty  : uid=1000(system) WifiStateMachin expire 1 line
07-18 01:26:46.971  1316  1501 I chatty  : uid=1000(system) WifiScanningSer expire 1 line
07-18 01:26:49.802  1761  1914 I DeepNoDisturbP: handleStateChanged reason=8
07-18 01:26:49.806  1761  1914 I HidataAppQoeP: handleStateChanged reason=8
07-18 01:26:49.826  1761  1914 I PreDnsQuery: handleStateChanged reason=8
07-18 01:26:49.828  1761  1914 I PreDnsQuery: No need to handled!
07-18 01:26:49.828  1761  1914 I BrowserChrP: handleStateChanged
07-18 01:26:50.799   564   637 W SocketListener: sending broadcast to Pid = 1316, Uid = 1000 
07-18 01:26:50.804  1316  1348 I chatty  : uid=1000(system) android.fg expire 2 lines
07-18 01:26:52.912  1316  2102 I chatty  : uid=1000(system) Binder:1316_8 expire 7 lines
07-18 01:27:00.131  1316  7252 I chatty  : uid=1000(system) Binder:1316_15 expire 1 line
07-18 01:27:05.207 14653 14685 D HwCustConnectivityManagerImpl: isBlockNetworkRequestByNonAis, INVALID_SUBSCRIPTION_ID
07-18 01:27:05.210  1316 12512 I chatty  : uid=1000(system) Binder:1316_1F expire 2 lines
07-18 01:27:05.211  1316  1505 I chatty  : uid=1000(system) ConnectivitySer expire 113 lines
07-18 01:27:05.223 14653 14728 D HwCustConnectivityManagerImpl: isBlockNetworkRequestByNonAis, INVALID_SUBSCRIPTION_ID
07-18 01:27:05.708  1316  1316 I chatty  : uid=1000 system_server expire 10 lines
07-18 01:27:05.818  1316  7252 I chatty  : uid=1000(system) Binder:1316_15 expire 37 lines
07-18 01:27:08.049  1316  1499 I chatty  : uid=1000(system) WifiStateMachin expire 1 line
07-18 01:27:09.823  1761  1914 I DeepNoDisturbP: handleStateChanged reason=8
07-18 01:27:09.849  1761  1914 I HidataAppQoeP: handleStateChanged reason=8
07-18 01:27:09.873  1761  1914 I PreDnsQuery: handleStateChanged reason=8
07-18 01:27:09.876  1761  1914 I PreDnsQuery: No need to handled!
07-18 01:27:09.877  1761  1914 I BrowserChrP: handleStateChanged
07-18 01:27:12.616  1316  1458 I chatty  : uid=1000(system) UEventObserver expire 6 lines
07-18 01:27:18.994  1316  1710 I chatty  : uid=1000(system) watchdog expire 1 line
07-18 01:27:29.889  1761  1914 I DeepNoDisturbP: handleStateChanged reason=8
07-18 01:27:29.908  1761  1914 I HidataAppQoeP: handleStateChanged reason=8
07-18 01:27:29.953  1761  1914 I PreDnsQuery: handleStateChanged reason=8
07-18 01:27:29.956  1761  1914 I PreDnsQuery: No need to handled!
07-18 01:27:29.956  1761  1914 I BrowserChrP: handleStateChanged
07-18 01:27:31.953  1316  1340 I chatty  : uid=1000(system) android.ui expire 21 lines
07-18 01:27:35.316  1316 11681 I chatty  : uid=1000(system) Binder:1316_1D expire 35 lines
07-18 01:27:36.221  1316  1342 I chatty  : uid=1000(system) ActivityManager expire 2 lines
07-18 01:27:36.221  1316  1754 I chatty  : uid=1000(system) MultiTaskManage expire 2 lines
07-18 01:27:36.243 15115 15115 D ActivityThread: Attach thread to application
07-18 01:27:36.774  1316  7252 I chatty  : uid=1000(system) Binder:1316_15 expire 14 lines
